2026-09-11 17:48:41,063 INFO o.a.j.u.JMeterUtils: Setting Locale to en_EN
2026-09-11 17:48:41,077 INFO o.a.j.JMeter: Loading user properties from: C:\Program Files\apache-jmeter-5.6.3\bin\user.properties
2026-09-11 17:48:41,078 INFO o.a.j.JMeter: Loading system properties from: C:\Program Files\apache-jmeter-5.6.3\bin\system.properties
2026-09-11 17:48:41,078 INFO o.a.j.JMeter: Setting JMeter property: host=localhost
2026-09-11 17:48:41,078 INFO o.a.j.JMeter: Setting JMeter property: port=80
2026-09-11 17:48:41,078 INFO o.a.j.JMeter: Setting JMeter property: target_throughput=10.8
2026-09-11 17:48:41,083 INFO o.a.j.JMeter: Copyright (c) 1998-2024 The Apache Software Foundation
2026-09-11 17:48:41,083 INFO o.a.j.JMeter: Version 5.6.3
2026-09-11 17:48:41,086 INFO o.a.j.JMeter: java.version=21.0.10
2026-09-11 17:48:41,086 INFO o.a.j.JMeter: java.vm.name=OpenJDK 64-Bit Server VM
2026-09-11 17:48:41,086 INFO o.a.j.JMeter: os.name=Windows 11
2026-09-11 17:48:41,086 INFO o.a.j.JMeter: os.arch=amd64
2026-09-11 17:48:41,086 INFO o.a.j.JMeter: os.version=10.0
2026-09-11 17:48:41,086 INFO o.a.j.JMeter: file.encoding=UTF-8
2026-09-11 17:48:41,086 INFO o.a.j.JMeter: java.awt.headless=true
2026-09-11 17:48:41,086 INFO o.a.j.JMeter: Max memory     =2147483648
2026-09-11 17:48:41,086 INFO o.a.j.JMeter: Available Processors =20
2026-09-11 17:48:41,094 INFO o.a.j.JMeter: Default Locale=English (EN)
2026-09-11 17:48:41,094 INFO o.a.j.JMeter: JMeter  Locale=English (EN)
2026-09-11 17:48:41,094 INFO o.a.j.JMeter: JMeterHome=C:\Program Files\apache-jmeter-5.6.3
2026-09-11 17:48:41,094 INFO o.a.j.JMeter: user.dir  =C:\Users\Artur\IdeaProjects\performance-shop
2026-09-11 17:48:41,094 INFO o.a.j.JMeter: PWD       =C:\Users\Artur\IdeaProjects\performance-shop
2026-09-11 17:48:41,098 INFO o.a.j.JMeter: IP: 192.168.10.125 Name: DESKTOP-Q6RB9A7 FullName: DESKTOP-Q6RB9A7.lan
2026-09-11 17:48:41,107 INFO o.a.j.JMeter: Setting property 'jmeter.reportgenerator.outputdir' to:'C:\Users\Artur\IdeaProjects\performance-shop\results\reports\3x'
2026-09-11 17:48:41,109 INFO o.a.j.s.FileServer: Default base='C:\Users\Artur\IdeaProjects\performance-shop'
2026-09-11 17:48:41,110 INFO o.a.j.s.FileServer: Set new base='C:\Users\Artur\IdeaProjects\performance-shop\scripts'
2026-09-11 17:48:41,249 INFO o.a.j.s.SaveService: Testplan (JMX) version: 2.2. Testlog (JTL) version: 2.2
2026-09-11 17:48:41,270 INFO o.a.j.s.SaveService: Using SaveService properties version 5.0
2026-09-11 17:48:41,273 INFO o.a.j.s.SaveService: Using SaveService properties file encoding UTF-8
2026-09-11 17:48:41,274 INFO o.a.j.s.SaveService: Loading file: scripts\performance_shop.jmx
2026-09-11 17:48:41,330 INFO o.a.j.p.h.s.HTTPSamplerBase: Parser for text/html is org.apache.jmeter.protocol.http.parser.LagartoBasedHtmlParser
2026-09-11 17:48:41,330 INFO o.a.j.p.h.s.HTTPSamplerBase: Parser for application/xhtml+xml is org.apache.jmeter.protocol.http.parser.LagartoBasedHtmlParser
2026-09-11 17:48:41,330 INFO o.a.j.p.h.s.HTTPSamplerBase: Parser for application/xml is org.apache.jmeter.protocol.http.parser.LagartoBasedHtmlParser
2026-09-11 17:48:41,330 INFO o.a.j.p.h.s.HTTPSamplerBase: Parser for text/xml is org.apache.jmeter.protocol.http.parser.LagartoBasedHtmlParser
2026-09-11 17:48:41,330 INFO o.a.j.p.h.s.HTTPSamplerBase: Parser for text/vnd.wap.wml is org.apache.jmeter.protocol.http.parser.RegexpHTMLParser
2026-09-11 17:48:41,330 INFO o.a.j.p.h.s.HTTPSamplerBase: Parser for text/css is org.apache.jmeter.protocol.http.parser.CssParser
2026-09-11 17:48:41,359 INFO o.a.j.JMeter: Creating summariser <summary>
2026-09-11 17:48:41,361 INFO o.a.j.r.d.ReportGenerator: ReportGenerator will use for Parsing the separator: ','
2026-09-11 17:48:41,362 INFO o.a.j.r.d.ReportGenerator: Will generate report at end of test from  results file: results/logs/run_3x.jtl
2026-09-11 17:48:41,362 INFO o.a.j.r.d.ReportGenerator: Reading report generator properties from: C:\Program Files\apache-jmeter-5.6.3\bin\reportgenerator.properties
2026-09-11 17:48:41,362 INFO o.a.j.r.d.ReportGenerator: Merging with JMeter properties
2026-09-11 17:48:41,364 INFO o.a.j.r.c.ReportGeneratorConfiguration: Property 'jmeter.reportgenerator.temp_dir' not found, using default value 'temp' instead.
2026-09-11 17:48:41,367 INFO o.a.j.r.c.ReportGeneratorConfiguration: Property 'jmeter.reportgenerator.apdex_per_transaction' not found, using default value 'null' instead.
2026-09-11 17:48:41,367 INFO o.a.j.r.c.ReportGeneratorConfiguration: apdex_per_transaction is empty, not APDEX per transaction customization
2026-09-11 17:48:41,367 INFO o.a.j.r.c.ReportGeneratorConfiguration: Property 'jmeter.reportgenerator.sample_filter' not found, using default value 'null' instead.
2026-09-11 17:48:41,367 INFO o.a.j.r.c.ReportGeneratorConfiguration: Property 'jmeter.reportgenerator.report_title' not found, using default value 'null' instead.
2026-09-11 17:48:41,367 INFO o.a.j.r.c.ReportGeneratorConfiguration: Property 'jmeter.reportgenerator.start_date' not found, using default value 'null' instead.
2026-09-11 17:48:41,367 INFO o.a.j.r.c.ReportGeneratorConfiguration: Property 'jmeter.reportgenerator.end_date' not found, using default value 'null' instead.
2026-09-11 17:48:41,367 INFO o.a.j.r.c.ReportGeneratorConfiguration: Property 'jmeter.reportgenerator.date_format' not found, using default value 'null' instead.
2026-09-11 17:48:41,368 INFO o.a.j.r.c.ReportGeneratorConfiguration: Will use date range start date: null, end date: null
2026-09-11 17:48:41,370 INFO o.a.j.r.c.ReportGeneratorConfiguration: Property 'jmeter.reportgenerator.graph.totalTPS.exclude_controllers' not found, using default value 'false' instead.
2026-09-11 17:48:41,370 INFO o.a.j.r.c.ReportGeneratorConfiguration: Property 'jmeter.reportgenerator.graph.activeThreadsOverTime.exclude_controllers' not found, using default value 'false' instead.
2026-09-11 17:48:41,370 INFO o.a.j.r.c.ReportGeneratorConfiguration: Property 'jmeter.reportgenerator.graph.timeVsThreads.exclude_controllers' not found, using default value 'false' instead.
2026-09-11 17:48:41,370 INFO o.a.j.r.c.ReportGeneratorConfiguration: Property 'jmeter.reportgenerator.graph.responseTimeDistribution.exclude_controllers' not found, using default value 'false' instead.
2026-09-11 17:48:41,370 INFO o.a.j.r.c.ReportGeneratorConfiguration: Property 'jmeter.reportgenerator.graph.transactionsPerSecond.exclude_controllers' not found, using default value 'false' instead.
2026-09-11 17:48:41,370 INFO o.a.j.r.c.ReportGeneratorConfiguration: Property 'jmeter.reportgenerator.graph.responseTimePercentiles.exclude_controllers' not found, using default value 'false' instead.
2026-09-11 17:48:41,370 INFO o.a.j.r.c.ReportGeneratorConfiguration: Property 'jmeter.reportgenerator.graph.responseTimePercentilesOverTime.exclude_controllers' not found, using default value 'false' instead.
2026-09-11 17:48:41,370 INFO o.a.j.r.c.ReportGeneratorConfiguration: Property 'jmeter.reportgenerator.graph.responseTimesOverTime.exclude_controllers' not found, using default value 'false' instead.
2026-09-11 17:48:41,370 INFO o.a.j.r.c.ReportGeneratorConfiguration: Property 'jmeter.reportgenerator.graph.connectTimeOverTime.exclude_controllers' not found, using default value 'false' instead.
2026-09-11 17:48:41,370 INFO o.a.j.r.c.ReportGeneratorConfiguration: Property 'jmeter.reportgenerator.graph.latenciesOverTime.exclude_controllers' not found, using default value 'false' instead.
2026-09-11 17:48:41,372 INFO o.a.j.r.c.ReportGeneratorConfiguration: Property 'jmeter.reportgenerator.exporter.json.filters_only_sample_series' not found, using default value 'true' instead.
2026-09-11 17:48:41,372 INFO o.a.j.r.c.ReportGeneratorConfiguration: Property 'jmeter.reportgenerator.exporter.json.series_filter' not found, using default value '' instead.
2026-09-11 17:48:41,372 INFO o.a.j.r.c.ReportGeneratorConfiguration: Property 'jmeter.reportgenerator.exporter.json.show_controllers_only' not found, using default value 'false' instead.
2026-09-11 17:48:41,372 INFO o.a.j.r.c.ReportGeneratorConfiguration: Property 'jmeter.reportgenerator.exporter.html.filters_only_sample_series' not found, using default value 'true' instead.
2026-09-11 17:48:41,372 INFO o.a.j.r.c.ReportGeneratorConfiguration: Property 'jmeter.reportgenerator.exporter.html.series_filter' not found, using default value '' instead.
2026-09-11 17:48:41,372 INFO o.a.j.r.c.ReportGeneratorConfiguration: Property 'jmeter.reportgenerator.exporter.html.show_controllers_only' not found, using default value 'false' instead.
2026-09-11 17:48:41,382 INFO o.a.j.e.StandardJMeterEngine: Running the test!
2026-09-11 17:48:41,383 INFO o.a.j.s.SampleEvent: List of sample_variables: []
2026-09-11 17:48:41,383 INFO o.a.j.s.SampleEvent: List of sample_variables: []
2026-09-11 17:48:41,387 INFO o.a.j.e.u.CompoundVariable: Note: Function class names must contain the string: '.functions.'
2026-09-11 17:48:41,387 INFO o.a.j.e.u.CompoundVariable: Note: Function class names must not contain the string: '.gui.'
2026-09-11 17:48:41,432 INFO o.a.j.r.ClassFinder: Will scan jar C:\Program Files\apache-jmeter-5.6.3\lib\ext\jmeter-plugins-cmn-jmeter-0.7.jar with filter ExtendsClassFilter [parents=[interface org.apache.jmeter.functions.Function], inner=false, contains=null, notContains=null]. Consider exposing JMeter plugins via META-INF/services, and add JMeter-Skip-Class-Scanning=true manifest attribute so JMeter can skip classfile scanning
2026-09-11 17:48:41,449 INFO o.a.j.r.ClassFinder: Will scan jar C:\Program Files\apache-jmeter-5.6.3\lib\ext\jmeter-prometheus-plugin-0.6.0.jar with filter ExtendsClassFilter [parents=[interface org.apache.jmeter.functions.Function], inner=false, contains=null, notContains=null]. Consider exposing JMeter plugins via META-INF/services, and add JMeter-Skip-Class-Scanning=true manifest attribute so JMeter can skip classfile scanning
2026-09-11 17:48:41,458 INFO o.a.j.r.ClassFinder: Will scan jar C:\Program Files\apache-jmeter-5.6.3\lib\ext\jmeter-plugins-casutg-3.1.1.jar with filter ExtendsClassFilter [parents=[interface org.apache.jmeter.functions.Function], inner=false, contains=null, notContains=null]. Consider exposing JMeter plugins via META-INF/services, and add JMeter-Skip-Class-Scanning=true manifest attribute so JMeter can skip classfile scanning
2026-09-11 17:48:41,464 INFO o.a.j.r.ClassFinder: Will scan jar C:\Program Files\apache-jmeter-5.6.3\lib\ext\jmeter-plugins-perfmon-2.1.jar with filter ExtendsClassFilter [parents=[interface org.apache.jmeter.functions.Function], inner=false, contains=null, notContains=null]. Consider exposing JMeter plugins via META-INF/services, and add JMeter-Skip-Class-Scanning=true manifest attribute so JMeter can skip classfile scanning
2026-09-11 17:48:41,466 INFO o.a.j.r.ClassFinder: Will scan jar C:\Program Files\apache-jmeter-5.6.3\lib\ext\jmeter-plugins-tst-2.6.jar with filter ExtendsClassFilter [parents=[interface org.apache.jmeter.functions.Function], inner=false, contains=null, notContains=null]. Consider exposing JMeter plugins via META-INF/services, and add JMeter-Skip-Class-Scanning=true manifest attribute so JMeter can skip classfile scanning
2026-09-11 17:48:41,467 INFO o.a.j.r.ClassFinder: Will scan jar C:\Program Files\apache-jmeter-5.6.3\lib\ext\jmeter-plugins-dummy-0.4.jar with filter ExtendsClassFilter [parents=[interface org.apache.jmeter.functions.Function], inner=false, contains=null, notContains=null]. Consider exposing JMeter plugins via META-INF/services, and add JMeter-Skip-Class-Scanning=true manifest attribute so JMeter can skip classfile scanning
2026-09-11 17:48:41,479 INFO o.a.j.r.ClassFinder: Will scan jar C:\Program Files\apache-jmeter-5.6.3\lib\ext\jmeter-plugins-fifo-0.2.jar with filter ExtendsClassFilter [parents=[interface org.apache.jmeter.functions.Function], inner=false, contains=null, notContains=null]. Consider exposing JMeter plugins via META-INF/services, and add JMeter-Skip-Class-Scanning=true manifest attribute so JMeter can skip classfile scanning
2026-09-11 17:48:41,486 INFO o.a.j.r.ClassFinder: Will scan jar C:\Program Files\apache-jmeter-5.6.3\lib\ext\jmeter-plugins-graphs-basic-2.0.jar with filter ExtendsClassFilter [parents=[interface org.apache.jmeter.functions.Function], inner=false, contains=null, notContains=null]. Consider exposing JMeter plugins via META-INF/services, and add JMeter-Skip-Class-Scanning=true manifest attribute so JMeter can skip classfile scanning
2026-09-11 17:48:41,488 INFO o.a.j.r.ClassFinder: Will scan jar C:\Program Files\apache-jmeter-5.6.3\lib\ext\json-lib-2.4-jdk15.jar with filter ExtendsClassFilter [parents=[interface org.apache.jmeter.functions.Function], inner=false, contains=null, notContains=null]. Consider exposing JMeter plugins via META-INF/services, and add JMeter-Skip-Class-Scanning=true manifest attribute so JMeter can skip classfile scanning
2026-09-11 17:48:41,500 INFO o.a.j.r.ClassFinder: Will scan jar C:\Program Files\apache-jmeter-5.6.3\lib\ext\jmeter-plugins-ffw-2.0.jar with filter ExtendsClassFilter [parents=[interface org.apache.jmeter.functions.Function], inner=false, contains=null, notContains=null]. Consider exposing JMeter plugins via META-INF/services, and add JMeter-Skip-Class-Scanning=true manifest attribute so JMeter can skip classfile scanning
2026-09-11 17:48:41,501 INFO o.a.j.r.ClassFinder: Will scan jar C:\Program Files\apache-jmeter-5.6.3\lib\ext\jmeter-plugins-manager-1.12.jar with filter ExtendsClassFilter [parents=[interface org.apache.jmeter.functions.Function], inner=false, contains=null, notContains=null]. Consider exposing JMeter plugins via META-INF/services, and add JMeter-Skip-Class-Scanning=true manifest attribute so JMeter can skip classfile scanning
2026-09-11 17:48:41,551 INFO o.a.j.r.ClassFinder: Will scan jar C:\Program Files\apache-jmeter-5.6.3\lib\ext\jmeter-plugins-functions-2.2.jar with filter ExtendsClassFilter [parents=[interface org.apache.jmeter.functions.Function], inner=false, contains=null, notContains=null]. Consider exposing JMeter plugins via META-INF/services, and add JMeter-Skip-Class-Scanning=true manifest attribute so JMeter can skip classfile scanning
2026-09-11 17:48:41,553 INFO o.a.j.r.ClassFinder: Will scan jar C:\Program Files\apache-jmeter-5.6.3\lib\ext\cmdrunner-2.3.jar with filter ExtendsClassFilter [parents=[interface org.apache.jmeter.functions.Function], inner=false, contains=null, notContains=null]. Consider exposing JMeter plugins via META-INF/services, and add JMeter-Skip-Class-Scanning=true manifest attribute so JMeter can skip classfile scanning
2026-09-11 17:48:41,554 INFO o.a.j.r.ClassFinder: Will scan jar C:\Program Files\apache-jmeter-5.6.3\lib\ext\perfmon-2.2.2.jar with filter ExtendsClassFilter [parents=[interface org.apache.jmeter.functions.Function], inner=false, contains=null, notContains=null]. Consider exposing JMeter plugins via META-INF/services, and add JMeter-Skip-Class-Scanning=true manifest attribute so JMeter can skip classfile scanning
2026-09-11 17:48:41,575 INFO o.a.j.JMeter: Running test (1789138121575)
2026-09-11 17:48:41,586 INFO o.a.j.e.StandardJMeterEngine: Starting ThreadGroup: 1 : Users
2026-09-11 17:48:41,586 INFO o.a.j.e.StandardJMeterEngine: Starting 3 threads for group Users.
2026-09-11 17:48:41,586 INFO o.a.j.e.StandardJMeterEngine: Thread will continue on error
2026-09-11 17:48:41,586 INFO k.a.j.t.AbstractSimpleThreadGroup: Starting thread group number 1 threads 3
2026-09-11 17:48:41,591 INFO o.a.j.s.SampleResult: Note: Sample TimeStamps are START times
2026-09-11 17:48:41,591 INFO o.a.j.s.SampleResult: sampleresult.default.encoding is set to UTF-8
2026-09-11 17:48:41,591 INFO o.a.j.s.SampleResult: sampleresult.useNanoTime=true
2026-09-11 17:48:41,591 INFO o.a.j.s.SampleResult: sampleresult.nanoThreadSleep=5000
2026-09-11 17:48:41,591 INFO k.a.j.t.AbstractSimpleThreadGroup: Started thread group number 1
2026-09-11 17:48:41,592 INFO o.a.j.e.StandardJMeterEngine: All thread groups have been started
2026-09-11 17:49:01,587 INFO o.a.j.t.JMeterThread: Thread started: Users 1-3
2026-09-11 17:49:01,589 INFO o.a.j.s.FileServer: Stored: products.csv
2026-09-11 17:49:01,596 INFO o.a.j.s.FileServer: Stored: users.csv
2026-09-11 17:49:03,470 INFO o.a.j.p.h.s.HTTPHCAbstractImpl: Local host = DESKTOP-Q6RB9A7
2026-09-11 17:49:03,475 INFO o.a.j.p.h.s.HTTPHC4Impl: HTTP request retry count = 0
2026-09-11 17:49:03,661 INFO o.a.j.r.Summariser: summary +      1 in 00:00:22 =    0.0/s Avg:    61 Min:    61 Max:    61 Err:     0 (0.00%) Active: 1 Started: 1 Finished: 0
2026-09-11 17:49:21,587 INFO o.a.j.t.JMeterThread: Thread started: Users 1-2
2026-09-11 17:49:34,285 INFO o.a.j.r.Summariser: summary +      6 in 00:00:31 =    0.2/s Avg:    15 Min:     5 Max:    25 Err:     0 (0.00%) Active: 2 Started: 2 Finished: 0
2026-09-11 17:49:34,286 INFO o.a.j.r.Summariser: summary =      7 in 00:00:53 =    0.1/s Avg:    22 Min:     5 Max:    61 Err:     0 (0.00%)
2026-09-11 17:49:41,587 INFO o.a.j.t.JMeterThread: Thread started: Users 1-1
2026-09-11 17:50:01,813 INFO o.a.j.r.Summariser: summary +      6 in 00:00:28 =    0.2/s Avg:   925 Min:     5 Max:  3006 Err:     0 (0.00%) Active: 3 Started: 3 Finished: 0
2026-09-11 17:50:01,814 INFO o.a.j.r.Summariser: summary =     13 in 00:01:20 =    0.2/s Avg:   439 Min:     5 Max:  3006 Err:     0 (0.00%)
2026-09-11 17:50:20,692 INFO o.a.j.u.JsseSSLManager: Using default SSL protocol: TLS
2026-09-11 17:50:20,692 INFO o.a.j.u.JsseSSLManager: SSL session context: per-thread
2026-09-11 17:50:32,186 INFO o.a.j.r.Summariser: summary +      5 in 00:00:30 =    0.2/s Avg:   810 Min:    10 Max:  4006 Err:     0 (0.00%) Active: 3 Started: 3 Finished: 0
2026-09-11 17:50:32,186 INFO o.a.j.r.Summariser: summary =     18 in 00:01:51 =    0.2/s Avg:   542 Min:     5 Max:  4006 Err:     0 (0.00%)
2026-09-11 17:52:03,608 INFO o.a.j.r.Summariser: summary +     17 in 00:01:31 =    0.2/s Avg:   950 Min:     4 Max:  5004 Err:     0 (0.00%) Active: 3 Started: 3 Finished: 0
2026-09-11 17:52:03,608 INFO o.a.j.r.Summariser: summary =     35 in 00:03:22 =    0.2/s Avg:   740 Min:     4 Max:  5004 Err:     0 (0.00%)
2026-09-11 17:52:32,389 INFO o.a.j.r.Summariser: summary +      5 in 00:00:29 =    0.2/s Avg:  1007 Min:     5 Max:  5004 Err:     0 (0.00%) Active: 3 Started: 3 Finished: 0
2026-09-11 17:52:32,389 INFO o.a.j.r.Summariser: summary =     40 in 00:03:51 =    0.2/s Avg:   773 Min:     4 Max:  5004 Err:     0 (0.00%)
2026-09-11 17:53:03,494 INFO o.a.j.r.Summariser: summary +      5 in 00:00:31 =    0.2/s Avg:   511 Min:    10 Max:  2513 Err:     0 (0.00%) Active: 3 Started: 3 Finished: 0
2026-09-11 17:53:03,494 INFO o.a.j.r.Summariser: summary =     45 in 00:04:22 =    0.2/s Avg:   744 Min:     4 Max:  5004 Err:     0 (0.00%)
2026-09-11 17:53:35,984 INFO o.a.j.r.Summariser: summary +      6 in 00:00:32 =    0.2/s Avg:  1174 Min:     3 Max:  4006 Err:     0 (0.00%) Active: 3 Started: 3 Finished: 0
2026-09-11 17:53:35,984 INFO o.a.j.r.Summariser: summary =     51 in 00:04:54 =    0.2/s Avg:   795 Min:     3 Max:  5004 Err:     0 (0.00%)
2026-09-11 17:55:01,872 INFO o.a.j.r.Summariser: summary +     16 in 00:01:26 =    0.2/s Avg:   734 Min:     5 Max:  6019 Err:     0 (0.00%) Active: 3 Started: 3 Finished: 0
2026-09-11 17:55:01,873 INFO o.a.j.r.Summariser: summary =     67 in 00:06:20 =    0.2/s Avg:   780 Min:     3 Max:  6019 Err:     0 (0.00%)
2026-09-11 17:55:33,622 INFO o.a.j.r.Summariser: summary +      5 in 00:00:32 =    0.2/s Avg:    22 Min:    19 Max:    25 Err:     0 (0.00%) Active: 3 Started: 3 Finished: 0
2026-09-11 17:55:33,624 INFO o.a.j.r.Summariser: summary =     72 in 00:06:52 =    0.2/s Avg:   728 Min:     3 Max:  6019 Err:     0 (0.00%)
2026-09-11 17:56:05,549 INFO o.a.j.r.Summariser: summary +      6 in 00:00:32 =    0.2/s Avg:    18 Min:    10 Max:    25 Err:     0 (0.00%) Active: 3 Started: 3 Finished: 0
2026-09-11 17:56:05,550 INFO o.a.j.r.Summariser: summary =     78 in 00:07:24 =    0.2/s Avg:   673 Min:     3 Max:  6019 Err:     0 (0.00%)
2026-09-11 17:57:00,350 INFO o.a.j.r.Summariser: summary +     11 in 00:00:55 =    0.2/s Avg:    19 Min:    10 Max:    25 Err:     0 (0.00%) Active: 3 Started: 3 Finished: 0
2026-09-11 17:57:00,351 INFO o.a.j.r.Summariser: summary =     89 in 00:08:19 =    0.2/s Avg:   592 Min:     3 Max:  6019 Err:     0 (0.00%)
2026-09-11 17:57:32,109 INFO o.a.j.r.Summariser: summary +      4 in 00:00:32 =    0.1/s Avg:  1389 Min:    10 Max:  3009 Err:     0 (0.00%) Active: 3 Started: 3 Finished: 0
2026-09-11 17:57:32,109 INFO o.a.j.r.Summariser: summary =     93 in 00:08:51 =    0.2/s Avg:   626 Min:     3 Max:  6019 Err:     0 (0.00%)
2026-09-11 17:58:03,558 INFO o.a.j.r.Summariser: summary +      6 in 00:00:31 =    0.2/s Avg:  1433 Min:    11 Max:  3019 Err:     0 (0.00%) Active: 3 Started: 3 Finished: 0
2026-09-11 17:58:03,560 INFO o.a.j.r.Summariser: summary =     99 in 00:09:22 =    0.2/s Avg:   675 Min:     3 Max:  6019 Err:     0 (0.00%)
2026-09-11 17:59:32,541 INFO o.a.j.r.Summariser: summary +     17 in 00:01:29 =    0.2/s Avg:   604 Min:     6 Max:  5008 Err:     0 (0.00%) Active: 3 Started: 3 Finished: 0
2026-09-11 17:59:32,541 INFO o.a.j.r.Summariser: summary =    116 in 00:10:51 =    0.2/s Avg:   665 Min:     3 Max:  6019 Err:     0 (0.00%)
2026-09-11 18:00:01,703 INFO o.a.j.r.Summariser: summary +      4 in 00:00:29 =    0.1/s Avg:  1516 Min:    18 Max:  3019 Err:     0 (0.00%) Active: 3 Started: 3 Finished: 0
2026-09-11 18:00:01,703 INFO o.a.j.r.Summariser: summary =    120 in 00:11:20 =    0.2/s Avg:   693 Min:     3 Max:  6019 Err:     0 (0.00%)
2026-09-11 18:00:33,296 INFO o.a.j.r.Summariser: summary +      6 in 00:00:32 =    0.2/s Avg:  1517 Min:    11 Max:  6021 Err:     0 (0.00%) Active: 3 Started: 3 Finished: 0
2026-09-11 18:00:33,296 INFO o.a.j.r.Summariser: summary =    126 in 00:11:52 =    0.2/s Avg:   732 Min:     3 Max:  6021 Err:     0 (0.00%)
2026-09-11 18:02:00,832 INFO o.a.j.r.Summariser: summary +     17 in 00:01:28 =    0.2/s Avg:   899 Min:     4 Max:  7020 Err:     0 (0.00%) Active: 3 Started: 3 Finished: 0
2026-09-11 18:02:00,833 INFO o.a.j.r.Summariser: summary =    143 in 00:13:19 =    0.2/s Avg:   752 Min:     3 Max:  7020 Err:     0 (0.00%)
2026-09-11 18:02:31,672 INFO o.a.j.r.Summariser: summary +      4 in 00:00:31 =    0.1/s Avg:   768 Min:    11 Max:  3019 Err:     0 (0.00%) Active: 3 Started: 3 Finished: 0
2026-09-11 18:02:31,672 INFO o.a.j.r.Summariser: summary =    147 in 00:13:50 =    0.2/s Avg:   753 Min:     3 Max:  7020 Err:     0 (0.00%)
2026-09-11 18:03:02,824 INFO o.a.j.r.Summariser: summary +      6 in 00:00:31 =    0.2/s Avg:   681 Min:     5 Max:  4019 Err:     0 (0.00%) Active: 3 Started: 3 Finished: 0
2026-09-11 18:03:02,825 INFO o.a.j.r.Summariser: summary =    153 in 00:14:21 =    0.2/s Avg:   750 Min:     3 Max:  7020 Err:     0 (0.00%)
2026-09-11 18:04:30,279 INFO o.a.j.r.Summariser: summary +     17 in 00:01:27 =    0.2/s Avg:    17 Min:    10 Max:    25 Err:     0 (0.00%) Active: 3 Started: 3 Finished: 0
2026-09-11 18:04:30,280 INFO o.a.j.r.Summariser: summary =    170 in 00:15:49 =    0.2/s Avg:   677 Min:     3 Max:  7020 Err:     0 (0.00%)
2026-09-11 18:05:01,334 INFO o.a.j.r.Summariser: summary +      5 in 00:00:31 =    0.2/s Avg:    17 Min:    11 Max:    23 Err:     0 (0.00%) Active: 3 Started: 3 Finished: 0
2026-09-11 18:05:01,335 INFO o.a.j.r.Summariser: summary =    175 in 00:16:20 =    0.2/s Avg:   658 Min:     3 Max:  7020 Err:     0 (0.00%)
2026-09-11 18:05:32,723 INFO o.a.j.r.Summariser: summary +      5 in 00:00:31 =    0.2/s Avg:  1622 Min:    15 Max:  3019 Err:     0 (0.00%) Active: 3 Started: 3 Finished: 0
2026-09-11 18:05:32,724 INFO o.a.j.r.Summariser: summary =    180 in 00:16:51 =    0.2/s Avg:   685 Min:     3 Max:  7020 Err:     0 (0.00%)
2026-09-11 18:06:05,844 INFO o.a.j.r.Summariser: summary +      6 in 00:00:33 =    0.2/s Avg:  2017 Min:    11 Max:  6019 Err:     0 (0.00%) Active: 3 Started: 3 Finished: 0
2026-09-11 18:06:05,844 INFO o.a.j.r.Summariser: summary =    186 in 00:17:24 =    0.2/s Avg:   727 Min:     3 Max:  7020 Err:     0 (0.00%)
2026-09-11 18:07:00,371 INFO o.a.j.r.Summariser: summary +     11 in 00:00:55 =    0.2/s Avg:    20 Min:    10 Max:    25 Err:     0 (0.00%) Active: 3 Started: 3 Finished: 0
2026-09-11 18:07:00,372 INFO o.a.j.r.Summariser: summary =    197 in 00:18:19 =    0.2/s Avg:   688 Min:     3 Max:  7020 Err:     0 (0.00%)
2026-09-11 18:07:31,300 INFO o.a.j.r.Summariser: summary +      4 in 00:00:31 =    0.1/s Avg:   638 Min:     4 Max:  2527 Err:     0 (0.00%) Active: 3 Started: 3 Finished: 0
2026-09-11 18:07:31,300 INFO o.a.j.r.Summariser: summary =    201 in 00:18:50 =    0.2/s Avg:   687 Min:     3 Max:  7020 Err:     0 (0.00%)
2026-09-11 18:08:05,304 INFO o.a.j.r.Summariser: summary +      6 in 00:00:34 =    0.2/s Avg:  1925 Min:    10 Max:  3006 Err:     0 (0.00%) Active: 3 Started: 3 Finished: 0
2026-09-11 18:08:05,305 INFO o.a.j.r.Summariser: summary =    207 in 00:19:24 =    0.2/s Avg:   723 Min:     3 Max:  7020 Err:     0 (0.00%)
2026-09-11 18:09:31,254 INFO o.a.j.r.Summariser: summary +     17 in 00:01:26 =    0.2/s Avg:   869 Min:     5 Max:  5019 Err:     0 (0.00%) Active: 3 Started: 3 Finished: 0
2026-09-11 18:09:31,255 INFO o.a.j.r.Summariser: summary =    224 in 00:20:50 =    0.2/s Avg:   734 Min:     3 Max:  7020 Err:     0 (0.00%)
2026-09-11 18:10:02,228 INFO o.a.j.r.Summariser: summary +      4 in 00:00:31 =    0.1/s Avg:   645 Min:    11 Max:  2528 Err:     0 (0.00%) Active: 3 Started: 3 Finished: 0
2026-09-11 18:10:02,228 INFO o.a.j.r.Summariser: summary =    228 in 00:21:21 =    0.2/s Avg:   732 Min:     3 Max:  7020 Err:     0 (0.00%)
2026-09-11 18:10:32,918 INFO o.a.j.r.Summariser: summary +      6 in 00:00:31 =    0.2/s Avg:  1186 Min:    12 Max:  4019 Err:     0 (0.00%) Active: 3 Started: 3 Finished: 0
2026-09-11 18:10:32,918 INFO o.a.j.r.Summariser: summary =    234 in 00:21:51 =    0.2/s Avg:   744 Min:     3 Max:  7020 Err:     0 (0.00%)
2026-09-11 18:12:00,234 INFO o.a.j.r.Summariser: summary +     17 in 00:01:27 =    0.2/s Avg:    18 Min:     7 Max:    29 Err:     0 (0.00%) Active: 3 Started: 3 Finished: 0
2026-09-11 18:12:00,235 INFO o.a.j.r.Summariser: summary =    251 in 00:23:19 =    0.2/s Avg:   695 Min:     3 Max:  7020 Err:     0 (0.00%)
2026-09-11 18:12:32,214 INFO o.a.j.r.Summariser: summary +      5 in 00:00:32 =    0.2/s Avg:    18 Min:     6 Max:    25 Err:     0 (0.00%) Active: 3 Started: 3 Finished: 0
2026-09-11 18:12:32,214 INFO o.a.j.r.Summariser: summary =    256 in 00:23:51 =    0.2/s Avg:   682 Min:     3 Max:  7020 Err:     0 (0.00%)
2026-09-11 18:13:02,691 INFO o.a.j.r.Summariser: summary +      5 in 00:00:30 =    0.2/s Avg:    13 Min:    11 Max:    24 Err:     0 (0.00%) Active: 3 Started: 3 Finished: 0
2026-09-11 18:13:02,691 INFO o.a.j.r.Summariser: summary =    261 in 00:24:21 =    0.2/s Avg:   669 Min:     3 Max:  7020 Err:     0 (0.00%)
2026-09-11 18:14:30,873 INFO o.a.j.r.Summariser: summary +     17 in 00:01:28 =    0.2/s Avg:  1195 Min:    10 Max:  6018 Err:     0 (0.00%) Active: 3 Started: 3 Finished: 0
2026-09-11 18:14:30,873 INFO o.a.j.r.Summariser: summary =    278 in 00:25:49 =    0.2/s Avg:   701 Min:     3 Max:  7020 Err:     0 (0.00%)
2026-09-11 18:15:01,807 INFO o.a.j.r.Summariser: summary +      5 in 00:00:31 =    0.2/s Avg:    19 Min:    10 Max:    26 Err:     0 (0.00%) Active: 3 Started: 3 Finished: 0
2026-09-11 18:15:01,807 INFO o.a.j.r.Summariser: summary =    283 in 00:26:20 =    0.2/s Avg:   689 Min:     3 Max:  7020 Err:     0 (0.00%)
2026-09-11 18:15:35,811 INFO o.a.j.r.Summariser: summary +      5 in 00:00:34 =    0.1/s Avg:  1615 Min:     5 Max:  3019 Err:     0 (0.00%) Active: 3 Started: 3 Finished: 0
2026-09-11 18:15:35,812 INFO o.a.j.r.Summariser: summary =    288 in 00:26:54 =    0.2/s Avg:   705 Min:     3 Max:  7020 Err:     0 (0.00%)
2026-09-11 18:16:05,853 INFO o.a.j.r.Summariser: summary +      6 in 00:00:30 =    0.2/s Avg:  2017 Min:    11 Max:  6020 Err:     0 (0.00%) Active: 3 Started: 3 Finished: 0
2026-09-11 18:16:05,853 INFO o.a.j.r.Summariser: summary =    294 in 00:27:24 =    0.2/s Avg:   732 Min:     3 Max:  7020 Err:     0 (0.00%)
2026-09-11 18:17:00,923 INFO o.a.j.r.Summariser: summary +     10 in 00:00:55 =    0.2/s Avg:   565 Min:    10 Max:  3020 Err:     0 (0.00%) Active: 3 Started: 3 Finished: 0
2026-09-11 18:17:00,923 INFO o.a.j.r.Summariser: summary =    304 in 00:28:19 =    0.2/s Avg:   726 Min:     3 Max:  7020 Err:     0 (0.00%)
2026-09-11 18:17:32,515 INFO o.a.j.r.Summariser: summary +      6 in 00:00:32 =    0.2/s Avg:  1014 Min:     4 Max:  6020 Err:     0 (0.00%) Active: 3 Started: 3 Finished: 0
2026-09-11 18:17:32,516 INFO o.a.j.r.Summariser: summary =    310 in 00:28:51 =    0.2/s Avg:   732 Min:     3 Max:  7020 Err:     0 (0.00%)
2026-09-11 18:18:02,843 INFO o.a.j.r.Summariser: summary +      5 in 00:00:30 =    0.2/s Avg:   521 Min:    11 Max:  2528 Err:     0 (0.00%) Active: 3 Started: 3 Finished: 0
2026-09-11 18:18:02,843 INFO o.a.j.r.Summariser: summary =    315 in 00:29:21 =    0.2/s Avg:   728 Min:     3 Max:  7020 Err:     0 (0.00%)
2026-09-11 18:19:30,361 INFO o.a.j.r.Summariser: summary +     17 in 00:01:28 =    0.2/s Avg:   485 Min:     5 Max:  5006 Err:     0 (0.00%) Active: 3 Started: 3 Finished: 0
2026-09-11 18:19:30,362 INFO o.a.j.r.Summariser: summary =    332 in 00:30:49 =    0.2/s Avg:   716 Min:     3 Max:  7020 Err:     0 (0.00%)
2026-09-11 18:20:01,656 INFO o.a.j.r.Summariser: summary +      5 in 00:00:31 =    0.2/s Avg:    17 Min:    11 Max:    23 Err:     0 (0.00%) Active: 3 Started: 3 Finished: 0
2026-09-11 18:20:01,656 INFO o.a.j.r.Summariser: summary =    337 in 00:31:20 =    0.2/s Avg:   706 Min:     3 Max:  7020 Err:     0 (0.00%)
2026-09-11 18:20:32,992 INFO o.a.j.r.Summariser: summary +      5 in 00:00:31 =    0.2/s Avg:    14 Min:    11 Max:    24 Err:     0 (0.00%) Active: 3 Started: 3 Finished: 0
2026-09-11 18:20:32,992 INFO o.a.j.r.Summariser: summary =    342 in 00:31:51 =    0.2/s Avg:   696 Min:     3 Max:  7020 Err:     0 (0.00%)
2026-09-11 18:21:30,597 INFO o.a.j.r.Summariser: summary +     10 in 00:00:58 =    0.2/s Avg:  1818 Min:    11 Max:  7019 Err:     0 (0.00%) Active: 3 Started: 3 Finished: 0
2026-09-11 18:21:30,597 INFO o.a.j.r.Summariser: summary =    352 in 00:32:49 =    0.2/s Avg:   727 Min:     3 Max:  7020 Err:     0 (0.00%)
2026-09-11 18:22:00,347 INFO o.a.j.r.Summariser: summary +      7 in 00:00:30 =    0.2/s Avg:   869 Min:    10 Max:  6004 Err:     0 (0.00%) Active: 3 Started: 3 Finished: 0
2026-09-11 18:22:00,348 INFO o.a.j.r.Summariser: summary =    359 in 00:33:19 =    0.2/s Avg:   730 Min:     3 Max:  7020 Err:     0 (0.00%)
2026-09-11 18:22:31,736 INFO o.a.j.r.Summariser: summary +      5 in 00:00:31 =    0.2/s Avg:    23 Min:    19 Max:    26 Err:     0 (0.00%) Active: 3 Started: 3 Finished: 0
2026-09-11 18:22:31,737 INFO o.a.j.r.Summariser: summary =    364 in 00:33:50 =    0.2/s Avg:   720 Min:     3 Max:  7020 Err:     0 (0.00%)
2026-09-11 18:23:04,435 INFO o.a.j.r.Summariser: summary +      5 in 00:00:33 =    0.2/s Avg:    16 Min:    10 Max:    26 Err:     0 (0.00%) Active: 3 Started: 3 Finished: 0
2026-09-11 18:23:04,436 INFO o.a.j.r.Summariser: summary =    369 in 00:34:23 =    0.2/s Avg:   711 Min:     3 Max:  7020 Err:     0 (0.00%)
2026-09-11 18:24:34,109 INFO o.a.j.r.Summariser: summary +     17 in 00:01:30 =    0.2/s Avg:  1520 Min:    10 Max:  6019 Err:     0 (0.00%) Active: 3 Started: 3 Finished: 0
2026-09-11 18:24:34,109 INFO o.a.j.r.Summariser: summary =    386 in 00:35:53 =    0.2/s Avg:   747 Min:     3 Max:  7020 Err:     0 (0.00%)
2026-09-11 18:25:01,272 INFO o.a.j.r.Summariser: summary +      5 in 00:00:27 =    0.2/s Avg:  1416 Min:     4 Max:  7019 Err:     0 (0.00%) Active: 3 Started: 3 Finished: 0
2026-09-11 18:25:01,272 INFO o.a.j.r.Summariser: summary =    391 in 00:36:20 =    0.2/s Avg:   755 Min:     3 Max:  7020 Err:     0 (0.00%)
2026-09-11 18:25:34,677 INFO o.a.j.r.Summariser: summary +      5 in 00:00:33 =    0.1/s Avg:   518 Min:    10 Max:  2527 Err:     0 (0.00%) Active: 3 Started: 3 Finished: 0
2026-09-11 18:25:34,678 INFO o.a.j.r.Summariser: summary =    396 in 00:36:53 =    0.2/s Avg:   752 Min:     3 Max:  7020 Err:     0 (0.00%)
2026-09-11 18:27:00,038 INFO o.a.j.r.Summariser: summary +     17 in 00:01:25 =    0.2/s Avg:   372 Min:    10 Max:  3019 Err:     0 (0.00%) Active: 3 Started: 3 Finished: 0
2026-09-11 18:27:00,038 INFO o.a.j.r.Summariser: summary =    413 in 00:38:18 =    0.2/s Avg:   736 Min:     3 Max:  7020 Err:     0 (0.00%)
2026-09-11 18:27:31,816 INFO o.a.j.r.Summariser: summary +      5 in 00:00:32 =    0.2/s Avg:    16 Min:    10 Max:    25 Err:     0 (0.00%) Active: 3 Started: 3 Finished: 0
2026-09-11 18:27:31,816 INFO o.a.j.r.Summariser: summary =    418 in 00:38:50 =    0.2/s Avg:   728 Min:     3 Max:  7020 Err:     0 (0.00%)
2026-09-11 18:28:02,876 INFO o.a.j.r.Summariser: summary +      5 in 00:00:31 =    0.2/s Avg:    16 Min:     5 Max:    25 Err:     0 (0.00%) Active: 3 Started: 3 Finished: 0
2026-09-11 18:28:02,877 INFO o.a.j.r.Summariser: summary =    423 in 00:39:21 =    0.2/s Avg:   719 Min:     3 Max:  7020 Err:     0 (0.00%)
2026-09-11 18:29:00,180 INFO o.a.j.r.Summariser: summary +     11 in 00:00:57 =    0.2/s Avg:   744 Min:     5 Max:  3019 Err:     0 (0.00%) Active: 3 Started: 3 Finished: 0
2026-09-11 18:29:00,181 INFO o.a.j.r.Summariser: summary =    434 in 00:40:19 =    0.2/s Avg:   720 Min:     3 Max:  7020 Err:     0 (0.00%)
2026-09-11 18:29:30,838 INFO o.a.j.r.Summariser: summary +      5 in 00:00:31 =    0.2/s Avg:  1615 Min:    11 Max:  5005 Err:     0 (0.00%) Active: 3 Started: 3 Finished: 0
2026-09-11 18:29:30,839 INFO o.a.j.r.Summariser: summary =    439 in 00:40:49 =    0.2/s Avg:   730 Min:     3 Max:  7020 Err:     0 (0.00%)
2026-09-11 18:30:00,047 INFO o.a.j.r.Summariser: summary +      5 in 00:00:29 =    0.2/s Avg:   611 Min:     5 Max:  3010 Err:     0 (0.00%) Active: 3 Started: 3 Finished: 0
2026-09-11 18:30:00,048 INFO o.a.j.r.Summariser: summary =    444 in 00:41:18 =    0.2/s Avg:   729 Min:     3 Max:  7020 Err:     0 (0.00%)
2026-09-11 18:30:33,535 INFO o.a.j.r.Summariser: summary +      6 in 00:00:33 =    0.2/s Avg:    18 Min:    10 Max:    24 Err:     0 (0.00%) Active: 3 Started: 3 Finished: 0
2026-09-11 18:30:33,536 INFO o.a.j.r.Summariser: summary =    450 in 00:41:52 =    0.2/s Avg:   719 Min:     3 Max:  7020 Err:     0 (0.00%)
2026-09-11 18:31:30,810 INFO o.a.j.r.Summariser: summary +     11 in 00:00:57 =    0.2/s Avg:  1379 Min:    11 Max:  4010 Err:     0 (0.00%) Active: 3 Started: 3 Finished: 0
2026-09-11 18:31:30,811 INFO o.a.j.r.Summariser: summary =    461 in 00:42:49 =    0.2/s Avg:   735 Min:     3 Max:  7020 Err:     0 (0.00%)
2026-09-11 18:32:00,168 INFO o.a.j.r.Summariser: summary +      6 in 00:00:29 =    0.2/s Avg:  1014 Min:    10 Max:  6005 Err:     0 (0.00%) Active: 3 Started: 3 Finished: 0
2026-09-11 18:32:00,168 INFO o.a.j.r.Summariser: summary =    467 in 00:43:19 =    0.2/s Avg:   739 Min:     3 Max:  7020 Err:     0 (0.00%)
2026-09-11 18:32:32,013 INFO o.a.j.r.Summariser: summary +      4 in 00:00:32 =    0.1/s Avg:   646 Min:    11 Max:  2527 Err:     0 (0.00%) Active: 3 Started: 3 Finished: 0
2026-09-11 18:32:32,013 INFO o.a.j.r.Summariser: summary =    471 in 00:43:50 =    0.2/s Avg:   738 Min:     3 Max:  7020 Err:     0 (0.00%)
2026-09-11 18:33:03,631 INFO o.a.j.r.Summariser: summary +      6 in 00:00:32 =    0.2/s Avg:  1511 Min:     4 Max:  6019 Err:     0 (0.00%) Active: 3 Started: 3 Finished: 0
2026-09-11 18:33:03,632 INFO o.a.j.r.Summariser: summary =    477 in 00:44:22 =    0.2/s Avg:   748 Min:     3 Max:  7020 Err:     0 (0.00%)
2026-09-11 18:34:31,220 INFO o.a.j.r.Summariser: summary +     17 in 00:01:28 =    0.2/s Avg:   573 Min:     5 Max:  4006 Err:     0 (0.00%) Active: 3 Started: 3 Finished: 0
2026-09-11 18:34:31,220 INFO o.a.j.r.Summariser: summary =    494 in 00:45:50 =    0.2/s Avg:   742 Min:     3 Max:  7020 Err:     0 (0.00%)
2026-09-11 18:35:00,307 INFO o.a.j.r.Summariser: summary +      4 in 00:00:29 =    0.1/s Avg:    11 Min:    10 Max:    15 Err:     0 (0.00%) Active: 3 Started: 3 Finished: 0
2026-09-11 18:35:00,307 INFO o.a.j.r.Summariser: summary =    498 in 00:46:19 =    0.2/s Avg:   736 Min:     3 Max:  7020 Err:     0 (0.00%)
2026-09-11 18:35:33,067 INFO o.a.j.r.Summariser: summary +      6 in 00:00:33 =    0.2/s Avg:    14 Min:     4 Max:    25 Err:     0 (0.00%) Active: 3 Started: 3 Finished: 0
2026-09-11 18:35:33,068 INFO o.a.j.r.Summariser: summary =    504 in 00:46:51 =    0.2/s Avg:   727 Min:     3 Max:  7020 Err:     0 (0.00%)
2026-09-11 18:36:05,587 INFO o.a.j.r.Summariser: summary +      6 in 00:00:33 =    0.2/s Avg:    13 Min:     5 Max:    26 Err:     0 (0.00%) Active: 3 Started: 3 Finished: 0
2026-09-11 18:36:05,588 INFO o.a.j.r.Summariser: summary =    510 in 00:47:24 =    0.2/s Avg:   719 Min:     3 Max:  7020 Err:     0 (0.00%)
2026-09-11 18:37:00,739 INFO o.a.j.r.Summariser: summary +     10 in 00:00:55 =    0.2/s Avg:   817 Min:    11 Max:  3005 Err:     0 (0.00%) Active: 3 Started: 3 Finished: 0
2026-09-11 18:37:00,740 INFO o.a.j.r.Summariser: summary =    520 in 00:48:19 =    0.2/s Avg:   721 Min:     3 Max:  7020 Err:     0 (0.00%)
2026-09-11 18:37:32,211 INFO o.a.j.r.Summariser: summary +      6 in 00:00:31 =    0.2/s Avg:  2015 Min:    11 Max:  5018 Err:     0 (0.00%) Active: 3 Started: 3 Finished: 0
2026-09-11 18:37:32,211 INFO o.a.j.r.Summariser: summary =    526 in 00:48:51 =    0.2/s Avg:   735 Min:     3 Max:  7020 Err:     0 (0.00%)
2026-09-11 18:38:03,531 INFO o.a.j.r.Summariser: summary +      5 in 00:00:31 =    0.2/s Avg:    13 Min:     5 Max:    25 Err:     0 (0.00%) Active: 3 Started: 3 Finished: 0
2026-09-11 18:38:03,533 INFO o.a.j.r.Summariser: summary =    531 in 00:49:22 =    0.2/s Avg:   729 Min:     3 Max:  7020 Err:     0 (0.00%)
2026-09-11 18:38:35,751 INFO o.a.j.r.Summariser: summary +      6 in 00:00:32 =    0.2/s Avg:    15 Min:    10 Max:    24 Err:     0 (0.00%) Active: 3 Started: 3 Finished: 0
2026-09-11 18:38:35,751 INFO o.a.j.r.Summariser: summary =    537 in 00:49:54 =    0.2/s Avg:   721 Min:     3 Max:  7020 Err:     0 (0.00%)
2026-09-11 18:39:00,467 INFO o.a.j.r.Summariser: summary +      5 in 00:00:25 =    0.2/s Avg:  1019 Min:    11 Max:  2528 Err:     0 (0.00%) Active: 3 Started: 3 Finished: 0
2026-09-11 18:39:00,467 INFO o.a.j.r.Summariser: summary =    542 in 00:50:19 =    0.2/s Avg:   723 Min:     3 Max:  7020 Err:     0 (0.00%)
2026-09-11 18:39:30,334 INFO o.a.j.r.Summariser: summary +      5 in 00:00:30 =    0.2/s Avg:  2021 Min:    24 Max:  4017 Err:     0 (0.00%) Active: 3 Started: 3 Finished: 0
2026-09-11 18:39:30,334 INFO o.a.j.r.Summariser: summary =    547 in 00:50:49 =    0.2/s Avg:   735 Min:     3 Max:  7020 Err:     0 (0.00%)
2026-09-11 18:40:00,141 INFO o.a.j.r.Summariser: summary +      5 in 00:00:30 =    0.2/s Avg:   812 Min:     6 Max:  4019 Err:     0 (0.00%) Active: 3 Started: 3 Finished: 0
2026-09-11 18:40:00,142 INFO o.a.j.r.Summariser: summary =    552 in 00:51:19 =    0.2/s Avg:   736 Min:     3 Max:  7020 Err:     0 (0.00%)
2026-09-11 18:40:32,324 INFO o.a.j.r.Summariser: summary +      6 in 00:00:32 =    0.2/s Avg:   938 Min:    11 Max:  3018 Err:     0 (0.00%) Active: 3 Started: 3 Finished: 0
2026-09-11 18:40:32,324 INFO o.a.j.r.Summariser: summary =    558 in 00:51:51 =    0.2/s Avg:   738 Min:     3 Max:  7020 Err:     0 (0.00%)
2026-09-11 18:42:00,130 INFO o.a.j.r.Summariser: summary +     16 in 00:01:28 =    0.2/s Avg:   610 Min:     4 Max:  4019 Err:     0 (0.00%) Active: 3 Started: 3 Finished: 0
2026-09-11 18:42:00,131 INFO o.a.j.r.Summariser: summary =    574 in 00:53:19 =    0.2/s Avg:   735 Min:     3 Max:  7020 Err:     0 (0.00%)
2026-09-11 18:42:30,283 INFO o.a.j.r.Summariser: summary +      5 in 00:00:30 =    0.2/s Avg:  1415 Min:     5 Max:  7020 Err:     0 (0.00%) Active: 3 Started: 3 Finished: 0
2026-09-11 18:42:30,283 INFO o.a.j.r.Summariser: summary =    579 in 00:53:49 =    0.2/s Avg:   740 Min:     3 Max:  7020 Err:     0 (0.00%)
2026-09-11 18:43:03,194 INFO o.a.j.r.Summariser: summary +      6 in 00:00:33 =    0.2/s Avg:    20 Min:    10 Max:    26 Err:     0 (0.00%) Active: 3 Started: 3 Finished: 0
2026-09-11 18:43:03,194 INFO o.a.j.r.Summariser: summary =    585 in 00:54:22 =    0.2/s Avg:   733 Min:     3 Max:  7020 Err:     0 (0.00%)
2026-09-11 18:43:35,538 INFO o.a.j.r.Summariser: summary +      6 in 00:00:32 =    0.2/s Avg:    12 Min:     4 Max:    27 Err:     0 (0.00%) Active: 3 Started: 3 Finished: 0
2026-09-11 18:43:35,539 INFO o.a.j.r.Summariser: summary =    591 in 00:54:54 =    0.2/s Avg:   726 Min:     3 Max:  7020 Err:     0 (0.00%)
2026-09-11 18:44:30,537 INFO o.a.j.r.Summariser: summary +     10 in 00:00:55 =    0.2/s Avg:   265 Min:    10 Max:  2527 Err:     0 (0.00%) Active: 3 Started: 3 Finished: 0
2026-09-11 18:44:30,537 INFO o.a.j.r.Summariser: summary =    601 in 00:55:49 =    0.2/s Avg:   718 Min:     3 Max:  7020 Err:     0 (0.00%)
2026-09-11 18:45:04,896 INFO o.a.j.r.Summariser: summary +      6 in 00:00:34 =    0.2/s Avg:  1928 Min:    15 Max:  3006 Err:     0 (0.00%) Active: 3 Started: 3 Finished: 0
2026-09-11 18:45:04,896 INFO o.a.j.r.Summariser: summary =    607 in 00:56:23 =    0.2/s Avg:   730 Min:     3 Max:  7020 Err:     0 (0.00%)
2026-09-11 18:45:33,186 INFO o.a.j.r.Summariser: summary +      5 in 00:00:28 =    0.2/s Avg:  1012 Min:    10 Max:  5007 Err:     0 (0.00%) Active: 3 Started: 3 Finished: 0
2026-09-11 18:45:33,186 INFO o.a.j.r.Summariser: summary =    612 in 00:56:52 =    0.2/s Avg:   732 Min:     3 Max:  7020 Err:     0 (0.00%)
2026-09-11 18:47:01,516 INFO o.a.j.r.Summariser: summary +     16 in 00:01:28 =    0.2/s Avg:   519 Min:    10 Max:  3018 Err:     0 (0.00%) Active: 3 Started: 3 Finished: 0
2026-09-11 18:47:01,517 INFO o.a.j.r.Summariser: summary =    628 in 00:58:20 =    0.2/s Avg:   727 Min:     3 Max:  7020 Err:     0 (0.00%)
2026-09-11 18:47:32,398 INFO o.a.j.r.Summariser: summary +      6 in 00:00:31 =    0.2/s Avg:  2514 Min:    10 Max:  7018 Err:     0 (0.00%) Active: 3 Started: 3 Finished: 0
2026-09-11 18:47:32,398 INFO o.a.j.r.Summariser: summary =    634 in 00:58:51 =    0.2/s Avg:   744 Min:     3 Max:  7020 Err:     0 (0.00%)
2026-09-11 18:48:02,212 INFO o.a.j.r.Summariser: summary +      5 in 00:00:30 =    0.2/s Avg:   519 Min:    10 Max:  2528 Err:     0 (0.00%) Active: 3 Started: 3 Finished: 0
2026-09-11 18:48:02,212 INFO o.a.j.r.Summariser: summary =    639 in 00:59:21 =    0.2/s Avg:   742 Min:     3 Max:  7020 Err:     0 (0.00%)
2026-09-11 18:48:30,822 INFO o.a.j.r.Summariser: summary +      5 in 00:00:29 =    0.2/s Avg:  2017 Min:    12 Max:  7005 Err:     0 (0.00%) Active: 3 Started: 3 Finished: 0
2026-09-11 18:48:30,823 INFO o.a.j.r.Summariser: summary =    644 in 00:59:49 =    0.2/s Avg:   752 Min:     3 Max:  7020 Err:     0 (0.00%)
2026-09-11 18:49:30,358 INFO o.a.j.r.Summariser: summary +     11 in 00:01:00 =    0.2/s Avg:   242 Min:     5 Max:  2518 Err:     0 (0.00%) Active: 3 Started: 3 Finished: 0
2026-09-11 18:49:30,358 INFO o.a.j.r.Summariser: summary =    655 in 01:00:49 =    0.2/s Avg:   743 Min:     3 Max:  7020 Err:     0 (0.00%)
2026-09-11 18:50:00,204 INFO o.a.j.r.Summariser: summary +      5 in 00:00:30 =    0.2/s Avg:  1615 Min:    10 Max:  5005 Err:     0 (0.00%) Active: 3 Started: 3 Finished: 0
2026-09-11 18:50:00,204 INFO o.a.j.r.Summariser: summary =    660 in 01:01:19 =    0.2/s Avg:   750 Min:     3 Max:  7020 Err:     0 (0.00%)
2026-09-11 18:50:32,961 INFO o.a.j.r.Summariser: summary +      6 in 00:00:33 =    0.2/s Avg:    16 Min:    11 Max:    23 Err:     0 (0.00%) Active: 3 Started: 3 Finished: 0
2026-09-11 18:50:32,962 INFO o.a.j.r.Summariser: summary =    666 in 01:01:51 =    0.2/s Avg:   743 Min:     3 Max:  7020 Err:     0 (0.00%)
2026-09-11 18:52:01,339 INFO o.a.j.r.Summariser: summary +     17 in 00:01:28 =    0.2/s Avg:    17 Min:     4 Max:    27 Err:     0 (0.00%) Active: 3 Started: 3 Finished: 0
2026-09-11 18:52:01,339 INFO o.a.j.r.Summariser: summary =    683 in 01:03:20 =    0.2/s Avg:   725 Min:     3 Max:  7020 Err:     0 (0.00%)
2026-09-11 18:52:31,676 INFO o.a.j.r.Summariser: summary +      4 in 00:00:30 =    0.1/s Avg:   646 Min:    12 Max:  2526 Err:     0 (0.00%) Active: 3 Started: 3 Finished: 0
2026-09-11 18:52:31,676 INFO o.a.j.r.Summariser: summary =    687 in 01:03:50 =    0.2/s Avg:   725 Min:     3 Max:  7020 Err:     0 (0.00%)
2026-09-11 18:53:04,426 INFO o.a.j.r.Summariser: summary +      6 in 00:00:33 =    0.2/s Avg:  2271 Min:    17 Max:  5019 Err:     0 (0.00%) Active: 3 Started: 3 Finished: 0
2026-09-11 18:53:04,426 INFO o.a.j.r.Summariser: summary =    693 in 01:04:23 =    0.2/s Avg:   738 Min:     3 Max:  7020 Err:     0 (0.00%)
2026-09-11 18:54:33,954 INFO o.a.j.r.Summariser: summary +     17 in 00:01:30 =    0.2/s Avg:   577 Min:    10 Max:  7019 Err:     0 (0.00%) Active: 3 Started: 3 Finished: 0
2026-09-11 18:54:33,955 INFO o.a.j.r.Summariser: summary =    710 in 01:05:52 =    0.2/s Avg:   734 Min:     3 Max:  7020 Err:     0 (0.00%)
2026-09-11 18:55:04,373 INFO o.a.j.r.Summariser: summary +      5 in 00:00:30 =    0.2/s Avg:  1721 Min:    19 Max:  3019 Err:     0 (0.00%) Active: 3 Started: 3 Finished: 0
2026-09-11 18:55:04,373 INFO o.a.j.r.Summariser: summary =    715 in 01:06:23 =    0.2/s Avg:   741 Min:     3 Max:  7020 Err:     0 (0.00%)
2026-09-11 18:55:32,627 INFO o.a.j.r.Summariser: summary +      5 in 00:00:28 =    0.2/s Avg:  2817 Min:    12 Max:  7019 Err:     0 (0.00%) Active: 3 Started: 3 Finished: 0
2026-09-11 18:55:32,628 INFO o.a.j.r.Summariser: summary =    720 in 01:06:51 =    0.2/s Avg:   756 Min:     3 Max:  7020 Err:     0 (0.00%)
2026-09-11 18:56:05,670 INFO o.a.j.r.Summariser: summary +      6 in 00:00:33 =    0.2/s Avg:   436 Min:    11 Max:  2528 Err:     0 (0.00%) Active: 3 Started: 3 Finished: 0
2026-09-11 18:56:05,670 INFO o.a.j.r.Summariser: summary =    726 in 01:07:24 =    0.2/s Avg:   753 Min:     3 Max:  7020 Err:     0 (0.00%)
2026-09-11 18:57:00,411 INFO o.a.j.r.Summariser: summary +     10 in 00:00:55 =    0.2/s Avg:   966 Min:     3 Max:  4017 Err:     0 (0.00%) Active: 3 Started: 3 Finished: 0
2026-09-11 18:57:00,411 INFO o.a.j.r.Summariser: summary =    736 in 01:08:19 =    0.2/s Avg:   756 Min:     3 Max:  7020 Err:     0 (0.00%)
2026-09-11 18:57:30,251 INFO o.a.j.r.Summariser: summary +      5 in 00:00:30 =    0.2/s Avg:   615 Min:    11 Max:  3005 Err:     0 (0.00%) Active: 3 Started: 3 Finished: 0
2026-09-11 18:57:30,251 INFO o.a.j.r.Summariser: summary =    741 in 01:08:49 =    0.2/s Avg:   755 Min:     3 Max:  7020 Err:     0 (0.00%)
2026-09-11 18:58:03,034 INFO o.a.j.r.Summariser: summary +      6 in 00:00:33 =    0.2/s Avg:   848 Min:    11 Max:  5020 Err:     0 (0.00%) Active: 3 Started: 3 Finished: 0
2026-09-11 18:58:03,034 INFO o.a.j.r.Summariser: summary =    747 in 01:09:21 =    0.2/s Avg:   756 Min:     3 Max:  7020 Err:     0 (0.00%)
2026-09-11 18:59:30,786 INFO o.a.j.r.Summariser: summary +     17 in 00:01:28 =    0.2/s Avg:    18 Min:    10 Max:    26 Err:     0 (0.00%) Active: 3 Started: 3 Finished: 0
2026-09-11 18:59:30,787 INFO o.a.j.r.Summariser: summary =    764 in 01:10:49 =    0.2/s Avg:   739 Min:     3 Max:  7020 Err:     0 (0.00%)
2026-09-11 19:00:01,551 INFO o.a.j.r.Summariser: summary +      5 in 00:00:31 =    0.2/s Avg:    15 Min:    11 Max:    24 Err:     0 (0.00%) Active: 3 Started: 3 Finished: 0
2026-09-11 19:00:01,552 INFO o.a.j.r.Summariser: summary =    769 in 01:11:20 =    0.2/s Avg:   735 Min:     3 Max:  7020 Err:     0 (0.00%)
2026-09-11 19:00:34,922 INFO o.a.j.r.Summariser: summary +      5 in 00:00:33 =    0.1/s Avg:  1018 Min:    10 Max:  2528 Err:     0 (0.00%) Active: 3 Started: 3 Finished: 0
2026-09-11 19:00:34,923 INFO o.a.j.r.Summariser: summary =    774 in 01:11:53 =    0.2/s Avg:   736 Min:     3 Max:  7020 Err:     0 (0.00%)
2026-09-11 19:02:00,139 INFO o.a.j.r.Summariser: summary +     17 in 00:01:25 =    0.2/s Avg:   901 Min:    11 Max:  6017 Err:     0 (0.00%) Active: 3 Started: 3 Finished: 0
2026-09-11 19:02:00,139 INFO o.a.j.r.Summariser: summary =    791 in 01:13:19 =    0.2/s Avg:   740 Min:     3 Max:  7020 Err:     0 (0.00%)
2026-09-11 19:02:31,407 INFO o.a.j.r.Summariser: summary +      4 in 00:00:31 =    0.1/s Avg:   639 Min:    10 Max:  2527 Err:     0 (0.00%) Active: 3 Started: 3 Finished: 0
2026-09-11 19:02:31,408 INFO o.a.j.r.Summariser: summary =    795 in 01:13:50 =    0.2/s Avg:   739 Min:     3 Max:  7020 Err:     0 (0.00%)
2026-09-11 19:04:30,979 INFO o.a.j.r.Summariser: summary +     23 in 00:02:00 =    0.2/s Avg:  1362 Min:     4 Max:  6019 Err:     0 (0.00%) Active: 3 Started: 3 Finished: 0
2026-09-11 19:04:30,979 INFO o.a.j.r.Summariser: summary =    818 in 01:15:49 =    0.2/s Avg:   757 Min:     3 Max:  7020 Err:     0 (0.00%)
2026-09-11 19:05:01,640 INFO o.a.j.r.Summariser: summary +      4 in 00:00:31 =    0.1/s Avg:    19 Min:    10 Max:    24 Err:     0 (0.00%) Active: 3 Started: 3 Finished: 0
2026-09-11 19:05:01,640 INFO o.a.j.r.Summariser: summary =    822 in 01:16:20 =    0.2/s Avg:   753 Min:     3 Max:  7020 Err:     0 (0.00%)
2026-09-11 19:05:35,451 INFO o.a.j.r.Summariser: summary +      6 in 00:00:34 =    0.2/s Avg:   935 Min:    11 Max:  3019 Err:     0 (0.00%) Active: 3 Started: 3 Finished: 0
2026-09-11 19:05:35,451 INFO o.a.j.r.Summariser: summary =    828 in 01:16:54 =    0.2/s Avg:   755 Min:     3 Max:  7020 Err:     0 (0.00%)
2026-09-11 19:07:01,428 INFO o.a.j.r.Summariser: summary +     17 in 00:01:26 =    0.2/s Avg:   429 Min:     9 Max:  7018 Err:     0 (0.00%) Active: 3 Started: 3 Finished: 0
2026-09-11 19:07:01,428 INFO o.a.j.r.Summariser: summary =    845 in 01:18:20 =    0.2/s Avg:   748 Min:     3 Max:  7020 Err:     0 (0.00%)
2026-09-11 19:07:32,135 INFO o.a.j.r.Summariser: summary +      5 in 00:00:31 =    0.2/s Avg:    21 Min:    11 Max:    26 Err:     0 (0.00%) Active: 3 Started: 3 Finished: 0
2026-09-11 19:07:32,138 INFO o.a.j.r.Summariser: summary =    850 in 01:18:51 =    0.2/s Avg:   744 Min:     3 Max:  7020 Err:     0 (0.00%)
2026-09-11 19:08:02,968 INFO o.a.j.r.Summariser: summary +      5 in 00:00:31 =    0.2/s Avg:    19 Min:    10 Max:    24 Err:     0 (0.00%) Active: 3 Started: 3 Finished: 0
2026-09-11 19:08:02,968 INFO o.a.j.r.Summariser: summary =    855 in 01:19:21 =    0.2/s Avg:   740 Min:     3 Max:  7020 Err:     0 (0.00%)
2026-09-11 19:09:30,589 INFO o.a.j.r.Summariser: summary +     17 in 00:01:28 =    0.2/s Avg:  1078 Min:    10 Max:  4018 Err:     0 (0.00%) Active: 3 Started: 3 Finished: 0
2026-09-11 19:09:30,590 INFO o.a.j.r.Summariser: summary =    872 in 01:20:49 =    0.2/s Avg:   746 Min:     3 Max:  7020 Err:     0 (0.00%)
2026-09-11 19:10:02,334 INFO o.a.j.r.Summariser: summary +      5 in 00:00:32 =    0.2/s Avg:    22 Min:    11 Max:    26 Err:     0 (0.00%) Active: 3 Started: 3 Finished: 0
2026-09-11 19:10:02,335 INFO o.a.j.r.Summariser: summary =    877 in 01:21:21 =    0.2/s Avg:   742 Min:     3 Max:  7020 Err:     0 (0.00%)
2026-09-11 19:10:32,850 INFO o.a.j.r.Summariser: summary +      5 in 00:00:31 =    0.2/s Avg:  1019 Min:    11 Max:  2529 Err:     0 (0.00%) Active: 3 Started: 3 Finished: 0
2026-09-11 19:10:32,851 INFO o.a.j.r.Summariser: summary =    882 in 01:21:51 =    0.2/s Avg:   744 Min:     3 Max:  7020 Err:     0 (0.00%)
2026-09-11 19:11:00,137 INFO o.a.j.r.Summariser: summary +      5 in 00:00:27 =    0.2/s Avg:  3218 Min:    22 Max:  6018 Err:     0 (0.00%) Active: 3 Started: 3 Finished: 0
2026-09-11 19:11:00,138 INFO o.a.j.r.Summariser: summary =    887 in 01:22:19 =    0.2/s Avg:   758 Min:     3 Max:  7020 Err:     0 (0.00%)
2026-09-11 19:11:30,087 INFO o.a.j.r.Summariser: summary +      6 in 00:00:30 =    0.2/s Avg:   434 Min:    10 Max:  2527 Err:     0 (0.00%) Active: 3 Started: 3 Finished: 0
2026-09-11 19:11:30,088 INFO o.a.j.r.Summariser: summary =    893 in 01:22:49 =    0.2/s Avg:   755 Min:     3 Max:  7020 Err:     0 (0.00%)
2026-09-11 19:12:05,354 INFO o.a.j.r.Summariser: summary +      6 in 00:00:35 =    0.2/s Avg:  1353 Min:    11 Max:  5018 Err:     0 (0.00%) Active: 3 Started: 3 Finished: 0
2026-09-11 19:12:05,354 INFO o.a.j.r.Summariser: summary =    899 in 01:23:24 =    0.2/s Avg:   759 Min:     3 Max:  7020 Err:     0 (0.00%)
2026-09-11 19:12:30,132 INFO o.a.j.r.Summariser: summary +      4 in 00:00:25 =    0.2/s Avg:    14 Min:     4 Max:    24 Err:     0 (0.00%) Active: 3 Started: 3 Finished: 0
2026-09-11 19:12:30,133 INFO o.a.j.r.Summariser: summary =    903 in 01:23:49 =    0.2/s Avg:   756 Min:     3 Max:  7020 Err:     0 (0.00%)
2026-09-11 19:13:02,286 INFO o.a.j.r.Summariser: summary +      6 in 00:00:32 =    0.2/s Avg:   436 Min:    11 Max:  2528 Err:     0 (0.00%) Active: 3 Started: 3 Finished: 0
2026-09-11 19:13:02,287 INFO o.a.j.r.Summariser: summary =    909 in 01:24:21 =    0.2/s Avg:   754 Min:     3 Max:  7020 Err:     0 (0.00%)
2026-09-11 19:13:35,956 INFO o.a.j.r.Summariser: summary +      6 in 00:00:34 =    0.2/s Avg:  1516 Min:    10 Max:  6006 Err:     0 (0.00%) Active: 3 Started: 3 Finished: 0
2026-09-11 19:13:35,956 INFO o.a.j.r.Summariser: summary =    915 in 01:24:54 =    0.2/s Avg:   759 Min:     3 Max:  7020 Err:     0 (0.00%)
2026-09-11 19:14:30,837 INFO o.a.j.r.Summariser: summary +     11 in 00:00:55 =    0.2/s Avg:    19 Min:     9 Max:    25 Err:     0 (0.00%) Active: 3 Started: 3 Finished: 0
2026-09-11 19:14:30,837 INFO o.a.j.r.Summariser: summary =    926 in 01:25:49 =    0.2/s Avg:   750 Min:     3 Max:  7020 Err:     0 (0.00%)
2026-09-11 19:15:02,574 INFO o.a.j.r.Summariser: summary +      5 in 00:00:32 =    0.2/s Avg:    17 Min:    11 Max:    25 Err:     0 (0.00%) Active: 3 Started: 3 Finished: 0
2026-09-11 19:15:02,575 INFO o.a.j.r.Summariser: summary =    931 in 01:26:21 =    0.2/s Avg:   746 Min:     3 Max:  7020 Err:     0 (0.00%)
2026-09-11 19:15:33,432 INFO o.a.j.r.Summariser: summary +      5 in 00:00:31 =    0.2/s Avg:    21 Min:    11 Max:    25 Err:     0 (0.00%) Active: 3 Started: 3 Finished: 0
2026-09-11 19:15:33,432 INFO o.a.j.r.Summariser: summary =    936 in 01:26:52 =    0.2/s Avg:   742 Min:     3 Max:  7020 Err:     0 (0.00%)
2026-09-11 19:16:33,285 INFO o.a.j.r.Summariser: summary +     11 in 00:01:00 =    0.2/s Avg:  1564 Min:    10 Max:  6017 Err:     0 (0.00%) Active: 3 Started: 3 Finished: 0
2026-09-11 19:16:33,285 INFO o.a.j.r.Summariser: summary =    947 in 01:27:52 =    0.2/s Avg:   752 Min:     3 Max:  7020 Err:     0 (0.00%)
2026-09-11 19:17:00,484 INFO o.a.j.r.Summariser: summary +      6 in 00:00:27 =    0.2/s Avg:   682 Min:    10 Max:  4017 Err:     0 (0.00%) Active: 3 Started: 3 Finished: 0
2026-09-11 19:17:00,485 INFO o.a.j.r.Summariser: summary =    953 in 01:28:19 =    0.2/s Avg:   751 Min:     3 Max:  7020 Err:     0 (0.00%)
2026-09-11 19:17:31,296 INFO o.a.j.r.Summariser: summary +      5 in 00:00:31 =    0.2/s Avg:    21 Min:    18 Max:    25 Err:     0 (0.00%) Active: 3 Started: 3 Finished: 0
2026-09-11 19:17:31,296 INFO o.a.j.r.Summariser: summary =    958 in 01:28:50 =    0.2/s Avg:   748 Min:     3 Max:  7020 Err:     0 (0.00%)
2026-09-11 19:18:02,429 INFO o.a.j.r.Summariser: summary +      5 in 00:00:31 =    0.2/s Avg:    18 Min:    10 Max:    25 Err:     0 (0.00%) Active: 3 Started: 3 Finished: 0
2026-09-11 19:18:02,429 INFO o.a.j.r.Summariser: summary =    963 in 01:29:21 =    0.2/s Avg:   744 Min:     3 Max:  7020 Err:     0 (0.00%)
2026-09-11 19:19:30,822 INFO o.a.j.r.Summariser: summary +     16 in 00:01:28 =    0.2/s Avg:  1300 Min:    10 Max:  4018 Err:     0 (0.00%) Active: 3 Started: 3 Finished: 0
2026-09-11 19:19:30,823 INFO o.a.j.r.Summariser: summary =    979 in 01:30:49 =    0.2/s Avg:   753 Min:     3 Max:  7020 Err:     0 (0.00%)
2026-09-11 19:20:04,343 INFO o.a.j.r.Summariser: summary +      6 in 00:00:34 =    0.2/s Avg:   516 Min:     3 Max:  3018 Err:     0 (0.00%) Active: 3 Started: 3 Finished: 0
2026-09-11 19:20:04,343 INFO o.a.j.r.Summariser: summary =    985 in 01:31:23 =    0.2/s Avg:   752 Min:     3 Max:  7020 Err:     0 (0.00%)
2026-09-11 19:20:33,380 INFO o.a.j.r.Summariser: summary +      5 in 00:00:29 =    0.2/s Avg:  1017 Min:    10 Max:  5018 Err:     0 (0.00%) Active: 3 Started: 3 Finished: 0
2026-09-11 19:20:33,380 INFO o.a.j.r.Summariser: summary =    990 in 01:31:52 =    0.2/s Avg:   753 Min:     3 Max:  7020 Err:     0 (0.00%)
2026-09-11 19:22:01,049 INFO o.a.j.r.Summariser: summary +     17 in 00:01:28 =    0.2/s Avg:   519 Min:    10 Max:  3019 Err:     0 (0.00%) Active: 3 Started: 3 Finished: 0
2026-09-11 19:22:01,049 INFO o.a.j.r.Summariser: summary =   1007 in 01:33:19 =    0.2/s Avg:   749 Min:     3 Max:  7020 Err:     0 (0.00%)
2026-09-11 19:22:31,809 INFO o.a.j.r.Summariser: summary +      5 in 00:00:31 =    0.2/s Avg:    19 Min:    11 Max:    25 Err:     0 (0.00%) Active: 3 Started: 3 Finished: 0
2026-09-11 19:22:31,809 INFO o.a.j.r.Summariser: summary =   1012 in 01:33:50 =    0.2/s Avg:   745 Min:     3 Max:  7020 Err:     0 (0.00%)
2026-09-11 19:23:03,582 INFO o.a.j.r.Summariser: summary +      5 in 00:00:32 =    0.2/s Avg:    19 Min:    11 Max:    25 Err:     0 (0.00%) Active: 3 Started: 3 Finished: 0
2026-09-11 19:23:03,583 INFO o.a.j.r.Summariser: summary =   1017 in 01:34:22 =    0.2/s Avg:   742 Min:     3 Max:  7020 Err:     0 (0.00%)
2026-09-11 19:25:01,161 INFO o.a.j.r.Summariser: summary +     22 in 00:01:58 =    0.2/s Avg:   927 Min:    10 Max:  6019 Err:     0 (0.00%) Active: 3 Started: 3 Finished: 0
2026-09-11 19:25:01,162 INFO o.a.j.r.Summariser: summary =   1039 in 01:36:20 =    0.2/s Avg:   746 Min:     3 Max:  7020 Err:     0 (0.00%)
2026-09-11 19:25:32,556 INFO o.a.j.r.Summariser: summary +      5 in 00:00:31 =    0.2/s Avg:    22 Min:    18 Max:    24 Err:     0 (0.00%) Active: 3 Started: 3 Finished: 0
2026-09-11 19:25:32,556 INFO o.a.j.r.Summariser: summary =   1044 in 01:36:51 =    0.2/s Avg:   742 Min:     3 Max:  7020 Err:     0 (0.00%)
2026-09-11 19:27:01,407 INFO o.a.j.r.Summariser: summary +     17 in 00:01:29 =    0.2/s Avg:  1077 Min:    10 Max:  4019 Err:     0 (0.00%) Active: 3 Started: 3 Finished: 0
2026-09-11 19:27:01,408 INFO o.a.j.r.Summariser: summary =   1061 in 01:38:20 =    0.2/s Avg:   748 Min:     3 Max:  7020 Err:     0 (0.00%)
2026-09-11 19:27:34,608 INFO o.a.j.r.Summariser: summary +      5 in 00:00:33 =    0.2/s Avg:  1119 Min:    18 Max:  3005 Err:     0 (0.00%) Active: 3 Started: 3 Finished: 0
2026-09-11 19:27:34,608 INFO o.a.j.r.Summariser: summary =   1066 in 01:38:53 =    0.2/s Avg:   749 Min:     3 Max:  7020 Err:     0 (0.00%)
2026-09-11 19:28:02,835 INFO o.a.j.r.Summariser: summary +      5 in 00:00:28 =    0.2/s Avg:  1215 Min:     4 Max:  6019 Err:     0 (0.00%) Active: 3 Started: 3 Finished: 0
2026-09-11 19:28:02,835 INFO o.a.j.r.Summariser: summary =   1071 in 01:39:21 =    0.2/s Avg:   751 Min:     3 Max:  7020 Err:     0 (0.00%)
2026-09-11 19:29:30,073 INFO o.a.j.r.Summariser: summary +     17 in 00:01:27 =    0.2/s Avg:   695 Min:    10 Max:  6019 Err:     0 (0.00%) Active: 3 Started: 3 Finished: 0
2026-09-11 19:29:30,073 INFO o.a.j.r.Summariser: summary =   1088 in 01:40:48 =    0.2/s Avg:   751 Min:     3 Max:  7020 Err:     0 (0.00%)
2026-09-11 19:30:00,280 INFO o.a.j.r.Summariser: summary +      4 in 00:00:30 =    0.1/s Avg:    20 Min:    13 Max:    25 Err:     0 (0.00%) Active: 3 Started: 3 Finished: 0
2026-09-11 19:30:00,280 INFO o.a.j.r.Summariser: summary =   1092 in 01:41:19 =    0.2/s Avg:   748 Min:     3 Max:  7020 Err:     0 (0.00%)
2026-09-11 19:30:32,918 INFO o.a.j.r.Summariser: summary +      6 in 00:00:33 =    0.2/s Avg:    18 Min:    10 Max:    24 Err:     0 (0.00%) Active: 3 Started: 3 Finished: 0
2026-09-11 19:30:32,918 INFO o.a.j.r.Summariser: summary =   1098 in 01:41:51 =    0.2/s Avg:   744 Min:     3 Max:  7020 Err:     0 (0.00%)
2026-09-11 19:32:01,372 INFO o.a.j.r.Summariser: summary +     16 in 00:01:28 =    0.2/s Avg:   520 Min:    10 Max:  3017 Err:     0 (0.00%) Active: 3 Started: 3 Finished: 0
2026-09-11 19:32:01,372 INFO o.a.j.r.Summariser: summary =   1114 in 01:43:20 =    0.2/s Avg:   741 Min:     3 Max:  7020 Err:     0 (0.00%)
2026-09-11 19:32:32,167 INFO o.a.j.r.Summariser: summary +      6 in 00:00:31 =    0.2/s Avg:  2684 Min:    10 Max:  7020 Err:     0 (0.00%) Active: 3 Started: 3 Finished: 0
2026-09-11 19:32:32,167 INFO o.a.j.r.Summariser: summary =   1120 in 01:43:51 =    0.2/s Avg:   751 Min:     3 Max:  7020 Err:     0 (0.00%)
2026-09-11 19:33:03,122 INFO o.a.j.r.Summariser: summary +      5 in 00:00:31 =    0.2/s Avg:    15 Min:    11 Max:    19 Err:     0 (0.00%) Active: 3 Started: 3 Finished: 0
2026-09-11 19:33:03,122 INFO o.a.j.r.Summariser: summary =   1125 in 01:44:22 =    0.2/s Avg:   748 Min:     3 Max:  7020 Err:     0 (0.00%)
2026-09-11 19:34:33,018 INFO o.a.j.r.Summariser: summary +     16 in 00:01:30 =    0.2/s Avg:   957 Min:    10 Max:  4018 Err:     0 (0.00%) Active: 3 Started: 3 Finished: 0
2026-09-11 19:34:33,018 INFO o.a.j.r.Summariser: summary =   1141 in 01:45:51 =    0.2/s Avg:   751 Min:     3 Max:  7020 Err:     0 (0.00%)
2026-09-11 19:35:01,856 INFO o.a.j.r.Summariser: summary +      6 in 00:00:29 =    0.2/s Avg:   515 Min:    10 Max:  3018 Err:     0 (0.00%) Active: 3 Started: 3 Finished: 0
2026-09-11 19:35:01,856 INFO o.a.j.r.Summariser: summary =   1147 in 01:46:20 =    0.2/s Avg:   750 Min:     3 Max:  7020 Err:     0 (0.00%)
2026-09-11 19:35:33,103 INFO o.a.j.r.Summariser: summary +      5 in 00:00:31 =    0.2/s Avg:  1121 Min:    10 Max:  3019 Err:     0 (0.00%) Active: 3 Started: 3 Finished: 0
2026-09-11 19:35:33,104 INFO o.a.j.r.Summariser: summary =   1152 in 01:46:52 =    0.2/s Avg:   751 Min:     3 Max:  7020 Err:     0 (0.00%)
2026-09-11 19:37:00,302 INFO o.a.j.r.Summariser: summary +     16 in 00:01:27 =    0.2/s Avg:   799 Min:     4 Max:  7019 Err:     0 (0.00%) Active: 3 Started: 3 Finished: 0
2026-09-11 19:37:00,303 INFO o.a.j.r.Summariser: summary =   1168 in 01:48:19 =    0.2/s Avg:   752 Min:     3 Max:  7020 Err:     0 (0.00%)
2026-09-11 19:37:31,863 INFO o.a.j.r.Summariser: summary +      6 in 00:00:32 =    0.2/s Avg:  1185 Min:    11 Max:  7017 Err:     0 (0.00%) Active: 3 Started: 3 Finished: 0
2026-09-11 19:37:31,864 INFO o.a.j.r.Summariser: summary =   1174 in 01:48:50 =    0.2/s Avg:   754 Min:     3 Max:  7020 Err:     0 (0.00%)
2026-09-11 19:38:03,520 INFO o.a.j.r.Summariser: summary +      5 in 00:00:32 =    0.2/s Avg:    21 Min:    13 Max:    25 Err:     0 (0.00%) Active: 3 Started: 3 Finished: 0
2026-09-11 19:38:03,520 INFO o.a.j.r.Summariser: summary =   1179 in 01:49:22 =    0.2/s Avg:   751 Min:     3 Max:  7020 Err:     0 (0.00%)
2026-09-11 19:39:33,988 INFO o.a.j.r.Summariser: summary +     17 in 00:01:30 =    0.2/s Avg:   165 Min:    10 Max:  2527 Err:     0 (0.00%) Active: 3 Started: 3 Finished: 0
2026-09-11 19:39:33,988 INFO o.a.j.r.Summariser: summary =   1196 in 01:50:52 =    0.2/s Avg:   743 Min:     3 Max:  7020 Err:     0 (0.00%)
2026-09-11 19:40:01,675 INFO o.a.j.r.Summariser: summary +      4 in 00:00:28 =    0.1/s Avg:  1389 Min:     9 Max:  3018 Err:     0 (0.00%) Active: 3 Started: 3 Finished: 0
2026-09-11 19:40:01,676 INFO o.a.j.r.Summariser: summary =   1200 in 01:51:20 =    0.2/s Avg:   745 Min:     3 Max:  7020 Err:     0 (0.00%)
2026-09-11 19:40:32,961 INFO o.a.j.r.Summariser: summary +      6 in 00:00:31 =    0.2/s Avg:  2180 Min:    11 Max:  7019 Err:     0 (0.00%) Active: 3 Started: 3 Finished: 0
2026-09-11 19:40:32,962 INFO o.a.j.r.Summariser: summary =   1206 in 01:51:51 =    0.2/s Avg:   752 Min:     3 Max:  7020 Err:     0 (0.00%)
2026-09-11 19:42:00,531 INFO o.a.j.r.Summariser: summary +     16 in 00:01:28 =    0.2/s Avg:   332 Min:    10 Max:  2529 Err:     0 (0.00%) Active: 3 Started: 3 Finished: 0
2026-09-11 19:42:00,531 INFO o.a.j.r.Summariser: summary =   1222 in 01:53:19 =    0.2/s Avg:   746 Min:     3 Max:  7020 Err:     0 (0.00%)
2026-09-11 19:42:33,542 INFO o.a.j.r.Summariser: summary +      6 in 00:00:33 =    0.2/s Avg:  1685 Min:    13 Max:  4017 Err:     0 (0.00%) Active: 3 Started: 3 Finished: 0
2026-09-11 19:42:33,543 INFO o.a.j.r.Summariser: summary =   1228 in 01:53:52 =    0.2/s Avg:   751 Min:     3 Max:  7020 Err:     0 (0.00%)
2026-09-11 19:43:03,337 INFO o.a.j.r.Summariser: summary +      5 in 00:00:30 =    0.2/s Avg:   817 Min:    10 Max:  4019 Err:     0 (0.00%) Active: 3 Started: 3 Finished: 0
2026-09-11 19:43:03,338 INFO o.a.j.r.Summariser: summary =   1233 in 01:54:22 =    0.2/s Avg:   751 Min:     3 Max:  7020 Err:     0 (0.00%)
2026-09-11 19:43:35,779 INFO o.a.j.r.Summariser: summary +      6 in 00:00:32 =    0.2/s Avg:   930 Min:     5 Max:  3003 Err:     0 (0.00%) Active: 3 Started: 3 Finished: 0
2026-09-11 19:43:35,780 INFO o.a.j.r.Summariser: summary =   1239 in 01:54:54 =    0.2/s Avg:   752 Min:     3 Max:  7020 Err:     0 (0.00%)
2026-09-11 19:44:30,366 INFO o.a.j.r.Summariser: summary +     10 in 00:00:55 =    0.2/s Avg:   860 Min:     4 Max:  6004 Err:     0 (0.00%) Active: 3 Started: 3 Finished: 0
2026-09-11 19:44:30,366 INFO o.a.j.r.Summariser: summary =   1249 in 01:55:49 =    0.2/s Avg:   753 Min:     3 Max:  7020 Err:     0 (0.00%)
2026-09-11 19:45:02,369 INFO o.a.j.r.Summariser: summary +      6 in 00:00:32 =    0.2/s Avg:  1675 Min:     4 Max:  7005 Err:     0 (0.00%) Active: 3 Started: 3 Finished: 0
2026-09-11 19:45:02,369 INFO o.a.j.r.Summariser: summary =   1255 in 01:56:21 =    0.2/s Avg:   757 Min:     3 Max:  7020 Err:     0 (0.00%)
2026-09-11 19:45:33,664 INFO o.a.j.r.Summariser: summary +      5 in 00:00:31 =    0.2/s Avg:     8 Min:     4 Max:    13 Err:     0 (0.00%) Active: 3 Started: 3 Finished: 0
2026-09-11 19:45:33,664 INFO o.a.j.r.Summariser: summary =   1260 in 01:56:52 =    0.2/s Avg:   754 Min:     3 Max:  7020 Err:     0 (0.00%)
2026-09-11 19:46:05,757 INFO o.a.j.r.Summariser: summary +      6 in 00:00:32 =    0.2/s Avg:    10 Min:     9 Max:    11 Err:     0 (0.00%) Active: 3 Started: 3 Finished: 0
2026-09-11 19:46:05,759 INFO o.a.j.r.Summariser: summary =   1266 in 01:57:24 =    0.2/s Avg:   751 Min:     3 Max:  7020 Err:     0 (0.00%)
2026-09-11 19:47:00,757 INFO o.a.j.r.Summariser: summary +     11 in 00:00:55 =    0.2/s Avg:     8 Min:     4 Max:    15 Err:     0 (0.00%) Active: 3 Started: 3 Finished: 0
2026-09-11 19:47:00,757 INFO o.a.j.r.Summariser: summary =   1277 in 01:58:19 =    0.2/s Avg:   744 Min:     3 Max:  7020 Err:     0 (0.00%)
2026-09-11 19:47:31,689 INFO o.a.j.r.Summariser: summary +      4 in 00:00:31 =    0.1/s Avg:    10 Min:    10 Max:    10 Err:     0 (0.00%) Active: 3 Started: 3 Finished: 0
2026-09-11 19:47:31,689 INFO o.a.j.r.Summariser: summary =   1281 in 01:58:50 =    0.2/s Avg:   742 Min:     3 Max:  7020 Err:     0 (0.00%)
2026-09-11 19:48:04,928 INFO o.a.j.r.Summariser: summary +      6 in 00:00:33 =    0.2/s Avg:  1844 Min:    11 Max:  3007 Err:     0 (0.00%) Active: 3 Started: 3 Finished: 0
2026-09-11 19:48:04,928 INFO o.a.j.r.Summariser: summary =   1287 in 01:59:23 =    0.2/s Avg:   747 Min:     3 Max:  7020 Err:     0 (0.00%)
2026-09-11 19:49:30,151 INFO o.a.j.r.Summariser: summary +     17 in 00:01:25 =    0.2/s Avg:   538 Min:     5 Max:  6005 Err:     0 (0.00%) Active: 3 Started: 3 Finished: 0
2026-09-11 19:49:30,151 INFO o.a.j.r.Summariser: summary =   1304 in 02:00:49 =    0.2/s Avg:   745 Min:     3 Max:  7020 Err:     0 (0.00%)
2026-09-11 19:49:47,654 INFO o.a.j.t.JMeterThread: Thread finished: Users 1-3
2026-09-11 19:50:02,661 INFO o.a.j.r.Summariser: summary +      5 in 00:00:33 =    0.2/s Avg:  2208 Min:     5 Max:  3005 Err:     0 (0.00%) Active: 2 Started: 3 Finished: 1
2026-09-11 19:50:02,661 INFO o.a.j.r.Summariser: summary =   1309 in 02:01:21 =    0.2/s Avg:   750 Min:     3 Max:  7020 Err:     0 (0.00%)
2026-09-11 19:50:18,971 INFO o.a.j.t.JMeterThread: Thread finished: Users 1-2
2026-09-11 19:50:30,441 INFO o.a.j.r.Summariser: summary +      5 in 00:00:28 =    0.2/s Avg:  2310 Min:    10 Max:  6005 Err:     0 (0.00%) Active: 1 Started: 3 Finished: 2
2026-09-11 19:50:30,441 INFO o.a.j.r.Summariser: summary =   1314 in 02:01:49 =    0.2/s Avg:   756 Min:     3 Max:  7020 Err:     0 (0.00%)
2026-09-11 19:50:42,151 INFO o.a.j.t.JMeterThread: Stopping because end time detected by thread: Users 1-1
2026-09-11 19:50:42,152 INFO o.a.j.t.JMeterThread: Thread finished: Users 1-1
2026-09-11 19:50:42,152 INFO o.a.j.e.StandardJMeterEngine: Notifying test listeners of end of test
2026-09-11 19:50:42,152 INFO o.a.j.s.FileServer: Close: users.csv
2026-09-11 19:50:42,152 INFO o.a.j.s.FileServer: Close: products.csv
2026-09-11 19:50:42,153 INFO o.a.j.r.Summariser: summary +      2 in 00:00:12 =    0.2/s Avg:  3503 Min:  3003 Max:  4003 Err:     0 (0.00%) Active: 0 Started: 3 Finished: 3
2026-09-11 19:50:42,153 INFO o.a.j.r.Summariser: summary =   1316 in 02:02:01 =    0.2/s Avg:   760 Min:     3 Max:  7020 Err:     0 (0.00%)
2026-09-11 19:50:42,154 INFO o.a.j.JMeter: Generating Dashboard
2026-09-11 19:50:42,154 INFO o.a.j.r.d.ReportGenerator: Flushing result collector before report Generation
2026-09-11 19:50:42,166 INFO o.a.j.r.p.NormalizerSampleConsumer: Using format, 'ms', to parse timeStamp field
2026-09-11 19:50:42,290 INFO o.a.j.r.p.AbstractSampleConsumer: class org.apache.jmeter.report.processor.AggregateConsumer#stopProducing(): beginDate produced 0 samples
2026-09-11 19:50:42,290 INFO o.a.j.r.p.AbstractSampleConsumer: class org.apache.jmeter.report.processor.AggregateConsumer#stopProducing(): endDate produced 0 samples
2026-09-11 19:50:42,298 INFO o.a.j.r.p.AbstractSampleConsumer: class org.apache.jmeter.report.processor.ApdexSummaryConsumer#stopProducing(): apdexSummary produced 0 samples
2026-09-11 19:50:42,298 INFO o.a.j.r.p.AbstractSampleConsumer: class org.apache.jmeter.report.processor.RequestsSummaryConsumer#stopProducing(): requestsSummary produced 0 samples
2026-09-11 19:50:42,306 INFO o.a.j.r.p.AbstractSampleConsumer: class org.apache.jmeter.report.processor.StatisticsSummaryConsumer#stopProducing(): statisticsSummary produced 0 samples
2026-09-11 19:50:42,308 INFO o.a.j.r.p.AbstractSampleConsumer: class org.apache.jmeter.report.processor.Top5ErrorsBySamplerConsumer#stopProducing(): top5ErrorsBySampler produced 0 samples
2026-09-11 19:50:42,308 INFO o.a.j.r.p.AbstractSampleConsumer: class org.apache.jmeter.report.processor.ErrorsSummaryConsumer#stopProducing(): errorsSummary produced 0 samples
2026-09-11 19:50:42,308 INFO o.a.j.r.p.AbstractSampleConsumer: class org.apache.jmeter.report.processor.graph.impl.HitsPerSecondGraphConsumer#stopProducing(): hitsPerSecond produced 0 samples
2026-09-11 19:50:42,351 INFO o.a.j.r.p.AbstractSampleConsumer: class org.apache.jmeter.report.processor.graph.impl.LatencyVSRequestGraphConsumer#stopProducing(): latencyVsRequest produced 0 samples
2026-09-11 19:50:42,351 INFO o.a.j.r.p.AbstractSampleConsumer: class org.apache.jmeter.report.processor.graph.impl.SyntheticResponseTimeDistributionGraphConsumer#stopProducing(): syntheticResponseTimeDistribution produced 0 samples
2026-09-11 19:50:42,351 INFO o.a.j.r.p.AbstractSampleConsumer: class org.apache.jmeter.report.processor.graph.impl.BytesThroughputGraphConsumer#stopProducing(): bytesThroughputOverTime produced 0 samples
2026-09-11 19:50:42,352 INFO o.a.j.r.p.AbstractSampleConsumer: class org.apache.jmeter.report.processor.graph.impl.CodesPerSecondGraphConsumer#stopProducing(): codesPerSecond produced 0 samples
2026-09-11 19:50:42,370 INFO o.a.j.r.p.AbstractSampleConsumer: class org.apache.jmeter.report.processor.graph.impl.ResponseTimeVSRequestGraphConsumer#stopProducing(): responseTimeVsRequest produced 0 samples
2026-09-11 19:50:42,370 INFO o.a.j.r.p.AbstractSampleConsumer: class org.apache.jmeter.report.processor.FilterConsumer#stopProducing(): startIntervalControlerFilter produced 9212 samples
2026-09-11 19:50:42,370 INFO o.a.j.r.p.AbstractSampleConsumer: class org.apache.jmeter.report.processor.graph.impl.TotalTPSGraphConsumer#stopProducing(): totalTPS produced 0 samples
2026-09-11 19:50:42,370 INFO o.a.j.r.p.AbstractSampleConsumer: class org.apache.jmeter.report.processor.graph.impl.ActiveThreadsGraphConsumer#stopProducing(): activeThreadsOverTime produced 0 samples
2026-09-11 19:50:42,370 INFO o.a.j.r.p.AbstractSampleConsumer: class org.apache.jmeter.report.processor.graph.impl.TimeVSThreadGraphConsumer#stopProducing(): timeVsThreads produced 0 samples
2026-09-11 19:50:42,371 INFO o.a.j.r.p.AbstractSampleConsumer: class org.apache.jmeter.report.processor.graph.impl.ResponseTimeDistributionGraphConsumer#stopProducing(): responseTimeDistribution produced 0 samples
2026-09-11 19:50:42,371 INFO o.a.j.r.p.AbstractSampleConsumer: class org.apache.jmeter.report.processor.graph.impl.TransactionsPerSecondGraphConsumer#stopProducing(): transactionsPerSecond produced 0 samples
2026-09-11 19:50:42,372 INFO o.a.j.r.p.AbstractSampleConsumer: class org.apache.jmeter.report.processor.graph.impl.ResponseTimePercentilesGraphConsumer#stopProducing(): responseTimePercentiles produced 0 samples
2026-09-11 19:50:42,375 INFO o.a.j.r.p.AbstractSampleConsumer: class org.apache.jmeter.report.processor.graph.impl.ResponseTimePercentilesOverTimeGraphConsumer#stopProducing(): responseTimePercentilesOverTime produced 0 samples
2026-09-11 19:50:42,381 INFO o.a.j.r.p.AbstractSampleConsumer: class org.apache.jmeter.report.processor.graph.impl.ResponseTimeOverTimeGraphConsumer#stopProducing(): responseTimesOverTime produced 0 samples
2026-09-11 19:50:42,382 INFO o.a.j.r.p.AbstractSampleConsumer: class org.apache.jmeter.report.processor.graph.impl.ConnectTimeOverTimeGraphConsumer#stopProducing(): connectTimeOverTime produced 0 samples
2026-09-11 19:50:42,383 INFO o.a.j.r.p.AbstractSampleConsumer: class org.apache.jmeter.report.processor.graph.impl.LatencyOverTimeGraphConsumer#stopProducing(): latenciesOverTime produced 0 samples
2026-09-11 19:50:42,383 INFO o.a.j.r.p.AbstractSampleConsumer: class org.apache.jmeter.report.processor.FilterConsumer#stopProducing(): nameFilter produced 39510 samples
2026-09-11 19:50:42,384 INFO o.a.j.r.p.AbstractSampleConsumer: class org.apache.jmeter.report.processor.FilterConsumer#stopProducing(): dateRangeFilter produced 7902 samples
2026-09-11 19:50:42,384 INFO o.a.j.r.p.AbstractSampleConsumer: class org.apache.jmeter.report.processor.NormalizerSampleConsumer#stopProducing(): normalizer produced 2634 samples
2026-09-11 19:50:42,384 INFO o.a.j.r.p.CsvFileSampleSource: produce(): 2634 samples produced in 197ms on channel 0
2026-09-11 19:50:42,385 INFO o.a.j.r.d.ReportGenerator: Exporting data using exporter:'json' of className:'org.apache.jmeter.report.dashboard.JsonExporter'
2026-09-11 19:50:42,465 INFO o.a.j.r.d.JsonExporter: Found data for consumer statisticsSummary in context
2026-09-11 19:50:42,465 INFO o.a.j.r.d.JsonExporter: Creating statistics for overall
2026-09-11 19:50:42,466 INFO o.a.j.r.d.JsonExporter: Creating statistics for other transactions
2026-09-11 19:50:42,466 INFO o.a.j.r.d.JsonExporter: Checking output folder
2026-09-11 19:50:42,466 INFO o.a.j.r.d.JsonExporter: Writing statistics JSON to C:\Users\Artur\IdeaProjects\performance-shop\results\reports\3x\statistics.json
2026-09-11 19:50:42,497 INFO o.a.j.r.d.ReportGenerator: Exporting data using exporter:'html' of className:'org.apache.jmeter.report.dashboard.HtmlTemplateExporter'
2026-09-11 19:50:42,499 INFO o.a.j.r.d.HtmlTemplateExporter: Will generate dashboard in folder: C:\Users\Artur\IdeaProjects\performance-shop\results\reports\3x
2026-09-11 19:50:42,674 INFO o.a.j.r.d.HtmlTemplateExporter: Report will be generated in: C:\Users\Artur\IdeaProjects\performance-shop\results\reports\3x, creating folder structure
2026-09-11 19:50:42,676 INFO o.a.j.r.d.TemplateVisitor: Copying folder from 'C:\Program Files\apache-jmeter-5.6.3\bin\report-template' to 'C:\Users\Artur\IdeaProjects\performance-shop\results\reports\3x', got message: C:\Users\Artur\IdeaProjects\performance-shop\results\reports\3x, found non empty folder with following content [C:\Users\Artur\IdeaProjects\performance-shop\results\reports\3x\statistics.json], will be ignored
2026-09-11 19:50:42,921 INFO o.a.j.JMeter: Dashboard generated
