2026-09-11 12:04:01,838 INFO o.a.j.u.JMeterUtils: Setting Locale to en_EN
2026-09-11 12:04:01,857 INFO o.a.j.JMeter: Loading user properties from: C:\Program Files\apache-jmeter-5.6.3\bin\user.properties
2026-09-11 12:04:01,857 INFO o.a.j.JMeter: Loading system properties from: C:\Program Files\apache-jmeter-5.6.3\bin\system.properties
2026-09-11 12:04:01,858 INFO o.a.j.JMeter: Setting JMeter property: host=localhost
2026-09-11 12:04:01,858 INFO o.a.j.JMeter: Setting JMeter property: port=80
2026-09-11 12:04:01,858 INFO o.a.j.JMeter: Setting JMeter property: target_throughput=3.6
2026-09-11 12:04:01,864 INFO o.a.j.JMeter: Copyright (c) 1998-2024 The Apache Software Foundation
2026-09-11 12:04:01,864 INFO o.a.j.JMeter: Version 5.6.3
2026-09-11 12:04:01,865 INFO o.a.j.JMeter: java.version=21.0.10
2026-09-11 12:04:01,865 INFO o.a.j.JMeter: java.vm.name=OpenJDK 64-Bit Server VM
2026-09-11 12:04:01,866 INFO o.a.j.JMeter: os.name=Windows 11
2026-09-11 12:04:01,866 INFO o.a.j.JMeter: os.arch=amd64
2026-09-11 12:04:01,866 INFO o.a.j.JMeter: os.version=10.0
2026-09-11 12:04:01,866 INFO o.a.j.JMeter: file.encoding=UTF-8
2026-09-11 12:04:01,866 INFO o.a.j.JMeter: java.awt.headless=true
2026-09-11 12:04:01,866 INFO o.a.j.JMeter: Max memory     =2147483648
2026-09-11 12:04:01,866 INFO o.a.j.JMeter: Available Processors =20
2026-09-11 12:04:01,874 INFO o.a.j.JMeter: Default Locale=English (EN)
2026-09-11 12:04:01,874 INFO o.a.j.JMeter: JMeter  Locale=English (EN)
2026-09-11 12:04:01,874 INFO o.a.j.JMeter: JMeterHome=C:\Program Files\apache-jmeter-5.6.3
2026-09-11 12:04:01,874 INFO o.a.j.JMeter: user.dir  =C:\Users\Artur\IdeaProjects\performance-shop
2026-09-11 12:04:01,875 INFO o.a.j.JMeter: PWD       =C:\Users\Artur\IdeaProjects\performance-shop
2026-09-11 12:04:01,878 INFO o.a.j.JMeter: IP: 192.168.10.125 Name: DESKTOP-Q6RB9A7 FullName: DESKTOP-Q6RB9A7.lan
2026-09-11 12:04:01,888 INFO o.a.j.JMeter: Setting property 'jmeter.reportgenerator.outputdir' to:'C:\Users\Artur\IdeaProjects\performance-shop\results\reports\1x'
2026-09-11 12:04:01,890 INFO o.a.j.s.FileServer: Default base='C:\Users\Artur\IdeaProjects\performance-shop'
2026-09-11 12:04:01,891 INFO o.a.j.s.FileServer: Set new base='C:\Users\Artur\IdeaProjects\performance-shop\scripts'
2026-09-11 12:04:02,031 INFO o.a.j.s.SaveService: Testplan (JMX) version: 2.2. Testlog (JTL) version: 2.2
2026-09-11 12:04:02,052 INFO o.a.j.s.SaveService: Using SaveService properties version 5.0
2026-09-11 12:04:02,054 INFO o.a.j.s.SaveService: Using SaveService properties file encoding UTF-8
2026-09-11 12:04:02,057 INFO o.a.j.s.SaveService: Loading file: scripts\performance_shop.jmx
2026-09-11 12:04:02,115 INFO o.a.j.p.h.s.HTTPSamplerBase: Parser for text/html is org.apache.jmeter.protocol.http.parser.LagartoBasedHtmlParser
2026-09-11 12:04:02,116 INFO o.a.j.p.h.s.HTTPSamplerBase: Parser for application/xhtml+xml is org.apache.jmeter.protocol.http.parser.LagartoBasedHtmlParser
2026-09-11 12:04:02,116 INFO o.a.j.p.h.s.HTTPSamplerBase: Parser for application/xml is org.apache.jmeter.protocol.http.parser.LagartoBasedHtmlParser
2026-09-11 12:04:02,116 INFO o.a.j.p.h.s.HTTPSamplerBase: Parser for text/xml is org.apache.jmeter.protocol.http.parser.LagartoBasedHtmlParser
2026-09-11 12:04:02,116 INFO o.a.j.p.h.s.HTTPSamplerBase: Parser for text/vnd.wap.wml is org.apache.jmeter.protocol.http.parser.RegexpHTMLParser
2026-09-11 12:04:02,116 INFO o.a.j.p.h.s.HTTPSamplerBase: Parser for text/css is org.apache.jmeter.protocol.http.parser.CssParser
2026-09-11 12:04:02,146 INFO o.a.j.JMeter: Creating summariser <summary>
2026-09-11 12:04:02,148 INFO o.a.j.r.d.ReportGenerator: ReportGenerator will use for Parsing the separator: ','
2026-09-11 12:04:02,149 INFO o.a.j.r.d.ReportGenerator: Will generate report at end of test from  results file: results/logs/run_1x.jtl
2026-09-11 12:04:02,149 INFO o.a.j.r.d.ReportGenerator: Reading report generator properties from: C:\Program Files\apache-jmeter-5.6.3\bin\reportgenerator.properties
2026-09-11 12:04:02,150 INFO o.a.j.r.d.ReportGenerator: Merging with JMeter properties
2026-09-11 12:04:02,153 INFO o.a.j.r.c.ReportGeneratorConfiguration: Property 'jmeter.reportgenerator.temp_dir' not found, using default value 'temp' instead.
2026-09-11 12:04:02,154 INFO o.a.j.r.c.ReportGeneratorConfiguration: Property 'jmeter.reportgenerator.apdex_per_transaction' not found, using default value 'null' instead.
2026-09-11 12:04:02,154 INFO o.a.j.r.c.ReportGeneratorConfiguration: apdex_per_transaction is empty, not APDEX per transaction customization
2026-09-11 12:04:02,154 INFO o.a.j.r.c.ReportGeneratorConfiguration: Property 'jmeter.reportgenerator.sample_filter' not found, using default value 'null' instead.
2026-09-11 12:04:02,155 INFO o.a.j.r.c.ReportGeneratorConfiguration: Property 'jmeter.reportgenerator.report_title' not found, using default value 'null' instead.
2026-09-11 12:04:02,155 INFO o.a.j.r.c.ReportGeneratorConfiguration: Property 'jmeter.reportgenerator.start_date' not found, using default value 'null' instead.
2026-09-11 12:04:02,155 INFO o.a.j.r.c.ReportGeneratorConfiguration: Property 'jmeter.reportgenerator.end_date' not found, using default value 'null' instead.
2026-09-11 12:04:02,155 INFO o.a.j.r.c.ReportGeneratorConfiguration: Property 'jmeter.reportgenerator.date_format' not found, using default value 'null' instead.
2026-09-11 12:04:02,155 INFO o.a.j.r.c.ReportGeneratorConfiguration: Will use date range start date: null, end date: null
2026-09-11 12:04:02,158 INFO o.a.j.r.c.ReportGeneratorConfiguration: Property 'jmeter.reportgenerator.graph.totalTPS.exclude_controllers' not found, using default value 'false' instead.
2026-09-11 12:04:02,158 INFO o.a.j.r.c.ReportGeneratorConfiguration: Property 'jmeter.reportgenerator.graph.activeThreadsOverTime.exclude_controllers' not found, using default value 'false' instead.
2026-09-11 12:04:02,158 INFO o.a.j.r.c.ReportGeneratorConfiguration: Property 'jmeter.reportgenerator.graph.timeVsThreads.exclude_controllers' not found, using default value 'false' instead.
2026-09-11 12:04:02,158 INFO o.a.j.r.c.ReportGeneratorConfiguration: Property 'jmeter.reportgenerator.graph.responseTimeDistribution.exclude_controllers' not found, using default value 'false' instead.
2026-09-11 12:04:02,158 INFO o.a.j.r.c.ReportGeneratorConfiguration: Property 'jmeter.reportgenerator.graph.transactionsPerSecond.exclude_controllers' not found, using default value 'false' instead.
2026-09-11 12:04:02,158 INFO o.a.j.r.c.ReportGeneratorConfiguration: Property 'jmeter.reportgenerator.graph.responseTimePercentiles.exclude_controllers' not found, using default value 'false' instead.
2026-09-11 12:04:02,158 INFO o.a.j.r.c.ReportGeneratorConfiguration: Property 'jmeter.reportgenerator.graph.responseTimePercentilesOverTime.exclude_controllers' not found, using default value 'false' instead.
2026-09-11 12:04:02,158 INFO o.a.j.r.c.ReportGeneratorConfiguration: Property 'jmeter.reportgenerator.graph.responseTimesOverTime.exclude_controllers' not found, using default value 'false' instead.
2026-09-11 12:04:02,158 INFO o.a.j.r.c.ReportGeneratorConfiguration: Property 'jmeter.reportgenerator.graph.connectTimeOverTime.exclude_controllers' not found, using default value 'false' instead.
2026-09-11 12:04:02,158 INFO o.a.j.r.c.ReportGeneratorConfiguration: Property 'jmeter.reportgenerator.graph.latenciesOverTime.exclude_controllers' not found, using default value 'false' instead.
2026-09-11 12:04:02,159 INFO o.a.j.r.c.ReportGeneratorConfiguration: Property 'jmeter.reportgenerator.exporter.json.filters_only_sample_series' not found, using default value 'true' instead.
2026-09-11 12:04:02,159 INFO o.a.j.r.c.ReportGeneratorConfiguration: Property 'jmeter.reportgenerator.exporter.json.series_filter' not found, using default value '' instead.
2026-09-11 12:04:02,159 INFO o.a.j.r.c.ReportGeneratorConfiguration: Property 'jmeter.reportgenerator.exporter.json.show_controllers_only' not found, using default value 'false' instead.
2026-09-11 12:04:02,159 INFO o.a.j.r.c.ReportGeneratorConfiguration: Property 'jmeter.reportgenerator.exporter.html.filters_only_sample_series' not found, using default value 'true' instead.
2026-09-11 12:04:02,159 INFO o.a.j.r.c.ReportGeneratorConfiguration: Property 'jmeter.reportgenerator.exporter.html.series_filter' not found, using default value '' instead.
2026-09-11 12:04:02,159 INFO o.a.j.r.c.ReportGeneratorConfiguration: Property 'jmeter.reportgenerator.exporter.html.show_controllers_only' not found, using default value 'false' instead.
2026-09-11 12:04:02,170 INFO o.a.j.e.StandardJMeterEngine: Running the test!
2026-09-11 12:04:02,170 INFO o.a.j.s.SampleEvent: List of sample_variables: []
2026-09-11 12:04:02,170 INFO o.a.j.s.SampleEvent: List of sample_variables: []
2026-09-11 12:04:02,173 INFO o.a.j.e.u.CompoundVariable: Note: Function class names must contain the string: '.functions.'
2026-09-11 12:04:02,173 INFO o.a.j.e.u.CompoundVariable: Note: Function class names must not contain the string: '.gui.'
2026-09-11 12:04:02,218 INFO o.a.j.r.ClassFinder: Will scan jar C:\Program Files\apache-jmeter-5.6.3\lib\ext\jmeter-plugins-cmn-jmeter-0.7.jar with filter ExtendsClassFilter [parents=[interface org.apache.jmeter.functions.Function], inner=false, contains=null, notContains=null]. Consider exposing JMeter plugins via META-INF/services, and add JMeter-Skip-Class-Scanning=true manifest attribute so JMeter can skip classfile scanning
2026-09-11 12:04:02,232 INFO o.a.j.r.ClassFinder: Will scan jar C:\Program Files\apache-jmeter-5.6.3\lib\ext\jmeter-prometheus-plugin-0.6.0.jar with filter ExtendsClassFilter [parents=[interface org.apache.jmeter.functions.Function], inner=false, contains=null, notContains=null]. Consider exposing JMeter plugins via META-INF/services, and add JMeter-Skip-Class-Scanning=true manifest attribute so JMeter can skip classfile scanning
2026-09-11 12:04:02,241 INFO o.a.j.r.ClassFinder: Will scan jar C:\Program Files\apache-jmeter-5.6.3\lib\ext\jmeter-plugins-casutg-3.1.1.jar with filter ExtendsClassFilter [parents=[interface org.apache.jmeter.functions.Function], inner=false, contains=null, notContains=null]. Consider exposing JMeter plugins via META-INF/services, and add JMeter-Skip-Class-Scanning=true manifest attribute so JMeter can skip classfile scanning
2026-09-11 12:04:02,248 INFO o.a.j.r.ClassFinder: Will scan jar C:\Program Files\apache-jmeter-5.6.3\lib\ext\jmeter-plugins-perfmon-2.1.jar with filter ExtendsClassFilter [parents=[interface org.apache.jmeter.functions.Function], inner=false, contains=null, notContains=null]. Consider exposing JMeter plugins via META-INF/services, and add JMeter-Skip-Class-Scanning=true manifest attribute so JMeter can skip classfile scanning
2026-09-11 12:04:02,250 INFO o.a.j.r.ClassFinder: Will scan jar C:\Program Files\apache-jmeter-5.6.3\lib\ext\jmeter-plugins-tst-2.6.jar with filter ExtendsClassFilter [parents=[interface org.apache.jmeter.functions.Function], inner=false, contains=null, notContains=null]. Consider exposing JMeter plugins via META-INF/services, and add JMeter-Skip-Class-Scanning=true manifest attribute so JMeter can skip classfile scanning
2026-09-11 12:04:02,252 INFO o.a.j.r.ClassFinder: Will scan jar C:\Program Files\apache-jmeter-5.6.3\lib\ext\jmeter-plugins-dummy-0.4.jar with filter ExtendsClassFilter [parents=[interface org.apache.jmeter.functions.Function], inner=false, contains=null, notContains=null]. Consider exposing JMeter plugins via META-INF/services, and add JMeter-Skip-Class-Scanning=true manifest attribute so JMeter can skip classfile scanning
2026-09-11 12:04:02,262 INFO o.a.j.r.ClassFinder: Will scan jar C:\Program Files\apache-jmeter-5.6.3\lib\ext\jmeter-plugins-fifo-0.2.jar with filter ExtendsClassFilter [parents=[interface org.apache.jmeter.functions.Function], inner=false, contains=null, notContains=null]. Consider exposing JMeter plugins via META-INF/services, and add JMeter-Skip-Class-Scanning=true manifest attribute so JMeter can skip classfile scanning
2026-09-11 12:04:02,270 INFO o.a.j.r.ClassFinder: Will scan jar C:\Program Files\apache-jmeter-5.6.3\lib\ext\jmeter-plugins-graphs-basic-2.0.jar with filter ExtendsClassFilter [parents=[interface org.apache.jmeter.functions.Function], inner=false, contains=null, notContains=null]. Consider exposing JMeter plugins via META-INF/services, and add JMeter-Skip-Class-Scanning=true manifest attribute so JMeter can skip classfile scanning
2026-09-11 12:04:02,272 INFO o.a.j.r.ClassFinder: Will scan jar C:\Program Files\apache-jmeter-5.6.3\lib\ext\json-lib-2.4-jdk15.jar with filter ExtendsClassFilter [parents=[interface org.apache.jmeter.functions.Function], inner=false, contains=null, notContains=null]. Consider exposing JMeter plugins via META-INF/services, and add JMeter-Skip-Class-Scanning=true manifest attribute so JMeter can skip classfile scanning
2026-09-11 12:04:02,283 INFO o.a.j.r.ClassFinder: Will scan jar C:\Program Files\apache-jmeter-5.6.3\lib\ext\jmeter-plugins-ffw-2.0.jar with filter ExtendsClassFilter [parents=[interface org.apache.jmeter.functions.Function], inner=false, contains=null, notContains=null]. Consider exposing JMeter plugins via META-INF/services, and add JMeter-Skip-Class-Scanning=true manifest attribute so JMeter can skip classfile scanning
2026-09-11 12:04:02,284 INFO o.a.j.r.ClassFinder: Will scan jar C:\Program Files\apache-jmeter-5.6.3\lib\ext\jmeter-plugins-manager-1.12.jar with filter ExtendsClassFilter [parents=[interface org.apache.jmeter.functions.Function], inner=false, contains=null, notContains=null]. Consider exposing JMeter plugins via META-INF/services, and add JMeter-Skip-Class-Scanning=true manifest attribute so JMeter can skip classfile scanning
2026-09-11 12:04:02,335 INFO o.a.j.r.ClassFinder: Will scan jar C:\Program Files\apache-jmeter-5.6.3\lib\ext\jmeter-plugins-functions-2.2.jar with filter ExtendsClassFilter [parents=[interface org.apache.jmeter.functions.Function], inner=false, contains=null, notContains=null]. Consider exposing JMeter plugins via META-INF/services, and add JMeter-Skip-Class-Scanning=true manifest attribute so JMeter can skip classfile scanning
2026-09-11 12:04:02,338 INFO o.a.j.r.ClassFinder: Will scan jar C:\Program Files\apache-jmeter-5.6.3\lib\ext\cmdrunner-2.3.jar with filter ExtendsClassFilter [parents=[interface org.apache.jmeter.functions.Function], inner=false, contains=null, notContains=null]. Consider exposing JMeter plugins via META-INF/services, and add JMeter-Skip-Class-Scanning=true manifest attribute so JMeter can skip classfile scanning
2026-09-11 12:04:02,338 INFO o.a.j.r.ClassFinder: Will scan jar C:\Program Files\apache-jmeter-5.6.3\lib\ext\perfmon-2.2.2.jar with filter ExtendsClassFilter [parents=[interface org.apache.jmeter.functions.Function], inner=false, contains=null, notContains=null]. Consider exposing JMeter plugins via META-INF/services, and add JMeter-Skip-Class-Scanning=true manifest attribute so JMeter can skip classfile scanning
2026-09-11 12:04:02,356 INFO o.a.j.JMeter: Running test (1789117442356)
2026-09-11 12:04:02,366 INFO o.a.j.e.StandardJMeterEngine: Starting ThreadGroup: 1 : Users
2026-09-11 12:04:02,367 INFO o.a.j.e.StandardJMeterEngine: Starting 2 threads for group Users.
2026-09-11 12:04:02,367 INFO o.a.j.e.StandardJMeterEngine: Thread will continue on error
2026-09-11 12:04:02,367 INFO k.a.j.t.AbstractSimpleThreadGroup: Starting thread group number 1 threads 2
2026-09-11 12:04:02,371 INFO k.a.j.t.AbstractSimpleThreadGroup: Started thread group number 1
2026-09-11 12:04:02,371 INFO o.a.j.e.StandardJMeterEngine: All thread groups have been started
2026-09-11 12:04:02,372 INFO o.a.j.s.SampleResult: Note: Sample TimeStamps are START times
2026-09-11 12:04:02,372 INFO o.a.j.s.SampleResult: sampleresult.default.encoding is set to UTF-8
2026-09-11 12:04:02,372 INFO o.a.j.s.SampleResult: sampleresult.useNanoTime=true
2026-09-11 12:04:02,372 INFO o.a.j.s.SampleResult: sampleresult.nanoThreadSleep=5000
2026-09-11 12:04:32,367 INFO o.a.j.t.JMeterThread: Thread started: Users 1-2
2026-09-11 12:04:32,369 INFO o.a.j.s.FileServer: Stored: products.csv
2026-09-11 12:04:32,376 INFO o.a.j.s.FileServer: Stored: users.csv
2026-09-11 12:04:33,098 INFO o.a.j.p.h.s.HTTPHCAbstractImpl: Local host = DESKTOP-Q6RB9A7
2026-09-11 12:04:33,103 INFO o.a.j.p.h.s.HTTPHC4Impl: HTTP request retry count = 0
2026-09-11 12:04:33,238 INFO o.a.j.r.Summariser: summary +      1 in 00:00:31 =    0.0/s Avg:    63 Min:    63 Max:    63 Err:     0 (0.00%) Active: 1 Started: 1 Finished: 0
2026-09-11 12:05:02,376 INFO o.a.j.t.JMeterThread: Thread started: Users 1-1
2026-09-11 12:05:03,004 INFO o.a.j.r.Summariser: summary +      2 in 00:00:30 =    0.1/s Avg:    17 Min:    16 Max:    19 Err:     0 (0.00%) Active: 2 Started: 2 Finished: 0
2026-09-11 12:05:03,005 INFO o.a.j.r.Summariser: summary =      3 in 00:01:01 =    0.0/s Avg:    32 Min:    16 Max:    63 Err:     0 (0.00%)
2026-09-11 12:08:23,579 INFO o.a.j.u.JsseSSLManager: Using default SSL protocol: TLS
2026-09-11 12:08:23,580 INFO o.a.j.u.JsseSSLManager: SSL session context: per-thread
2026-09-11 12:09:00,765 INFO o.a.j.r.Summariser: summary +     15 in 00:03:58 =    0.1/s Avg:   714 Min:     5 Max:  5006 Err:     0 (0.00%) Active: 2 Started: 2 Finished: 0
2026-09-11 12:09:00,766 INFO o.a.j.r.Summariser: summary =     18 in 00:04:58 =    0.1/s Avg:   600 Min:     5 Max:  5006 Err:     0 (0.00%)
2026-09-11 12:09:30,513 INFO o.a.j.r.Summariser: summary +      1 in 00:00:30 =    0.0/s Avg:    12 Min:    12 Max:    12 Err:     0 (0.00%) Active: 2 Started: 2 Finished: 0
2026-09-11 12:09:30,515 INFO o.a.j.r.Summariser: summary =     19 in 00:05:28 =    0.1/s Avg:   569 Min:     5 Max:  5006 Err:     0 (0.00%)
2026-09-11 12:10:03,009 INFO o.a.j.r.Summariser: summary +      2 in 00:00:32 =    0.1/s Avg:    18 Min:    10 Max:    26 Err:     0 (0.00%) Active: 2 Started: 2 Finished: 0
2026-09-11 12:10:03,010 INFO o.a.j.r.Summariser: summary =     21 in 00:06:01 =    0.1/s Avg:   516 Min:     5 Max:  5006 Err:     0 (0.00%)
2026-09-11 12:14:03,259 INFO o.a.j.r.Summariser: summary +     15 in 00:04:00 =    0.1/s Avg:  1081 Min:    10 Max:  5019 Err:     0 (0.00%) Active: 2 Started: 2 Finished: 0
2026-09-11 12:14:03,260 INFO o.a.j.r.Summariser: summary =     36 in 00:10:01 =    0.1/s Avg:   752 Min:     5 Max:  5019 Err:     0 (0.00%)
2026-09-11 12:14:30,693 INFO o.a.j.r.Summariser: summary +      1 in 00:00:27 =    0.0/s Avg:    25 Min:    25 Max:    25 Err:     0 (0.00%) Active: 2 Started: 2 Finished: 0
2026-09-11 12:14:30,694 INFO o.a.j.r.Summariser: summary =     37 in 00:10:28 =    0.1/s Avg:   732 Min:     5 Max:  5019 Err:     0 (0.00%)
2026-09-11 12:15:03,744 INFO o.a.j.r.Summariser: summary +      2 in 00:00:33 =    0.1/s Avg:  1516 Min:    13 Max:  3020 Err:     0 (0.00%) Active: 2 Started: 2 Finished: 0
2026-09-11 12:15:03,745 INFO o.a.j.r.Summariser: summary =     39 in 00:11:01 =    0.1/s Avg:   772 Min:     5 Max:  5019 Err:     0 (0.00%)
2026-09-11 12:19:33,931 INFO o.a.j.r.Summariser: summary +     17 in 00:04:30 =    0.1/s Avg:   748 Min:     3 Max:  7005 Err:     0 (0.00%) Active: 2 Started: 2 Finished: 0
2026-09-11 12:19:33,932 INFO o.a.j.r.Summariser: summary =     56 in 00:15:32 =    0.1/s Avg:   765 Min:     3 Max:  7005 Err:     0 (0.00%)
2026-09-11 12:20:03,500 INFO o.a.j.r.Summariser: summary +      1 in 00:00:30 =    0.0/s Avg:    24 Min:    24 Max:    24 Err:     0 (0.00%) Active: 2 Started: 2 Finished: 0
2026-09-11 12:20:03,500 INFO o.a.j.r.Summariser: summary =     57 in 00:16:01 =    0.1/s Avg:   752 Min:     3 Max:  7005 Err:     0 (0.00%)
2026-09-11 12:24:00,546 INFO o.a.j.r.Summariser: summary +     15 in 00:03:57 =    0.1/s Avg:   783 Min:    10 Max:  6019 Err:     0 (0.00%) Active: 2 Started: 2 Finished: 0
2026-09-11 12:24:00,547 INFO o.a.j.r.Summariser: summary =     72 in 00:19:58 =    0.1/s Avg:   758 Min:     3 Max:  7005 Err:     0 (0.00%)
2026-09-11 12:24:34,215 INFO o.a.j.r.Summariser: summary +      2 in 00:00:34 =    0.1/s Avg:    17 Min:    10 Max:    25 Err:     0 (0.00%) Active: 2 Started: 2 Finished: 0
2026-09-11 12:24:34,216 INFO o.a.j.r.Summariser: summary =     74 in 00:20:32 =    0.1/s Avg:   738 Min:     3 Max:  7005 Err:     0 (0.00%)
2026-09-11 12:25:03,137 INFO o.a.j.r.Summariser: summary +      1 in 00:00:29 =    0.0/s Avg:    12 Min:    12 Max:    12 Err:     0 (0.00%) Active: 2 Started: 2 Finished: 0
2026-09-11 12:25:03,138 INFO o.a.j.r.Summariser: summary =     75 in 00:21:01 =    0.1/s Avg:   728 Min:     3 Max:  7005 Err:     0 (0.00%)
2026-09-11 12:29:01,037 INFO o.a.j.r.Summariser: summary +     14 in 00:03:58 =    0.1/s Avg:   409 Min:    10 Max:  3005 Err:     0 (0.00%) Active: 2 Started: 2 Finished: 0
2026-09-11 12:29:01,038 INFO o.a.j.r.Summariser: summary =     89 in 00:24:59 =    0.1/s Avg:   678 Min:     3 Max:  7005 Err:     0 (0.00%)
2026-09-11 12:29:30,004 INFO o.a.j.r.Summariser: summary +      2 in 00:00:29 =    0.1/s Avg:  3514 Min:    10 Max:  7019 Err:     0 (0.00%) Active: 2 Started: 2 Finished: 0
2026-09-11 12:29:30,004 INFO o.a.j.r.Summariser: summary =     91 in 00:25:28 =    0.1/s Avg:   741 Min:     3 Max:  7019 Err:     0 (0.00%)
2026-09-11 12:30:04,379 INFO o.a.j.r.Summariser: summary +      2 in 00:00:34 =    0.1/s Avg:  1272 Min:    17 Max:  2527 Err:     0 (0.00%) Active: 2 Started: 2 Finished: 0
2026-09-11 12:30:04,380 INFO o.a.j.r.Summariser: summary =     93 in 00:26:02 =    0.1/s Avg:   752 Min:     3 Max:  7019 Err:     0 (0.00%)
2026-09-11 12:34:00,330 INFO o.a.j.r.Summariser: summary +     15 in 00:03:56 =    0.1/s Avg:   416 Min:    11 Max:  3019 Err:     0 (0.00%) Active: 2 Started: 2 Finished: 0
2026-09-11 12:34:00,331 INFO o.a.j.r.Summariser: summary =    108 in 00:29:58 =    0.1/s Avg:   705 Min:     3 Max:  7019 Err:     0 (0.00%)
2026-09-11 12:34:30,970 INFO o.a.j.r.Summariser: summary +      1 in 00:00:31 =    0.0/s Avg:    25 Min:    25 Max:    25 Err:     0 (0.00%) Active: 2 Started: 2 Finished: 0
2026-09-11 12:34:30,970 INFO o.a.j.r.Summariser: summary =    109 in 00:30:29 =    0.1/s Avg:   699 Min:     3 Max:  7019 Err:     0 (0.00%)
2026-09-11 12:35:02,890 INFO o.a.j.r.Summariser: summary +      2 in 00:00:32 =    0.1/s Avg:    12 Min:    10 Max:    14 Err:     0 (0.00%) Active: 2 Started: 2 Finished: 0
2026-09-11 12:35:02,890 INFO o.a.j.r.Summariser: summary =    111 in 00:31:01 =    0.1/s Avg:   687 Min:     3 Max:  7019 Err:     0 (0.00%)
2026-09-11 12:39:00,397 INFO o.a.j.r.Summariser: summary +     14 in 00:03:58 =    0.1/s Avg:  1159 Min:    10 Max:  5007 Err:     0 (0.00%) Active: 2 Started: 2 Finished: 0
2026-09-11 12:39:00,398 INFO o.a.j.r.Summariser: summary =    125 in 00:34:58 =    0.1/s Avg:   740 Min:     3 Max:  7019 Err:     0 (0.00%)
2026-09-11 12:39:30,949 INFO o.a.j.r.Summariser: summary +      2 in 00:00:31 =    0.1/s Avg:  3516 Min:    13 Max:  7019 Err:     0 (0.00%) Active: 2 Started: 2 Finished: 0
2026-09-11 12:39:30,949 INFO o.a.j.r.Summariser: summary =    127 in 00:35:29 =    0.1/s Avg:   783 Min:     3 Max:  7019 Err:     0 (0.00%)
2026-09-11 12:44:00,841 INFO o.a.j.r.Summariser: summary +     17 in 00:04:30 =    0.1/s Avg:   692 Min:     5 Max:  6021 Err:     0 (0.00%) Active: 2 Started: 2 Finished: 0
2026-09-11 12:44:00,841 INFO o.a.j.r.Summariser: summary =    144 in 00:39:58 =    0.1/s Avg:   773 Min:     3 Max:  7019 Err:     0 (0.00%)
2026-09-11 12:44:33,217 INFO o.a.j.r.Summariser: summary +      1 in 00:00:32 =    0.0/s Avg:  2527 Min:  2527 Max:  2527 Err:     0 (0.00%) Active: 2 Started: 2 Finished: 0
2026-09-11 12:44:33,218 INFO o.a.j.r.Summariser: summary =    145 in 00:40:31 =    0.1/s Avg:   785 Min:     3 Max:  7019 Err:     0 (0.00%)
2026-09-11 12:45:05,924 INFO o.a.j.r.Summariser: summary +      2 in 00:00:33 =    0.1/s Avg:  1512 Min:    18 Max:  3006 Err:     0 (0.00%) Active: 2 Started: 2 Finished: 0
2026-09-11 12:45:05,925 INFO o.a.j.r.Summariser: summary =    147 in 00:41:04 =    0.1/s Avg:   794 Min:     3 Max:  7019 Err:     0 (0.00%)
2026-09-11 12:49:00,067 INFO o.a.j.r.Summariser: summary +     15 in 00:03:54 =    0.1/s Avg:   484 Min:    10 Max:  7019 Err:     0 (0.00%) Active: 2 Started: 2 Finished: 0
2026-09-11 12:49:00,067 INFO o.a.j.r.Summariser: summary =    162 in 00:44:58 =    0.1/s Avg:   766 Min:     3 Max:  7019 Err:     0 (0.00%)
2026-09-11 12:49:30,806 INFO o.a.j.r.Summariser: summary +      1 in 00:00:31 =    0.0/s Avg:    12 Min:    12 Max:    12 Err:     0 (0.00%) Active: 2 Started: 2 Finished: 0
2026-09-11 12:49:30,807 INFO o.a.j.r.Summariser: summary =    163 in 00:45:28 =    0.1/s Avg:   761 Min:     3 Max:  7019 Err:     0 (0.00%)
2026-09-11 12:50:03,853 INFO o.a.j.r.Summariser: summary +      2 in 00:00:33 =    0.1/s Avg:    19 Min:    14 Max:    24 Err:     0 (0.00%) Active: 2 Started: 2 Finished: 0
2026-09-11 12:50:03,854 INFO o.a.j.r.Summariser: summary =    165 in 00:46:01 =    0.1/s Avg:   752 Min:     3 Max:  7019 Err:     0 (0.00%)
2026-09-11 12:53:30,013 INFO o.a.j.r.Summariser: summary +     13 in 00:03:26 =    0.1/s Avg:  1017 Min:    10 Max:  5019 Err:     0 (0.00%) Active: 2 Started: 2 Finished: 0
2026-09-11 12:53:30,013 INFO o.a.j.r.Summariser: summary =    178 in 00:49:28 =    0.1/s Avg:   771 Min:     3 Max:  7019 Err:     0 (0.00%)
2026-09-11 12:54:03,410 INFO o.a.j.r.Summariser: summary +      2 in 00:00:33 =    0.1/s Avg:  1508 Min:    11 Max:  3005 Err:     0 (0.00%) Active: 2 Started: 2 Finished: 0
2026-09-11 12:54:03,411 INFO o.a.j.r.Summariser: summary =    180 in 00:50:01 =    0.1/s Avg:   780 Min:     3 Max:  7019 Err:     0 (0.00%)
2026-09-11 12:54:30,427 INFO o.a.j.r.Summariser: summary +      1 in 00:00:27 =    0.0/s Avg:    25 Min:    25 Max:    25 Err:     0 (0.00%) Active: 2 Started: 2 Finished: 0
2026-09-11 12:54:30,428 INFO o.a.j.r.Summariser: summary =    181 in 00:50:28 =    0.1/s Avg:   775 Min:     3 Max:  7019 Err:     0 (0.00%)
2026-09-11 12:55:03,889 INFO o.a.j.r.Summariser: summary +      2 in 00:00:33 =    0.1/s Avg:  3018 Min:    18 Max:  6019 Err:     0 (0.00%) Active: 2 Started: 2 Finished: 0
2026-09-11 12:55:03,889 INFO o.a.j.r.Summariser: summary =    183 in 00:51:02 =    0.1/s Avg:   800 Min:     3 Max:  7019 Err:     0 (0.00%)
2026-09-11 12:59:00,427 INFO o.a.j.r.Summariser: summary +     15 in 00:03:57 =    0.1/s Avg:   185 Min:    11 Max:  2531 Err:     0 (0.00%) Active: 2 Started: 2 Finished: 0
2026-09-11 12:59:00,428 INFO o.a.j.r.Summariser: summary =    198 in 00:54:58 =    0.1/s Avg:   753 Min:     3 Max:  7019 Err:     0 (0.00%)
2026-09-11 12:59:32,940 INFO o.a.j.r.Summariser: summary +      1 in 00:00:33 =    0.0/s Avg:  3006 Min:  3006 Max:  3006 Err:     0 (0.00%) Active: 2 Started: 2 Finished: 0
2026-09-11 12:59:32,940 INFO o.a.j.r.Summariser: summary =    199 in 00:55:31 =    0.1/s Avg:   765 Min:     3 Max:  7019 Err:     0 (0.00%)
2026-09-11 13:04:34,079 INFO o.a.j.r.Summariser: summary +     18 in 00:05:01 =    0.1/s Avg:  1405 Min:    10 Max:  7019 Err:     0 (0.00%) Active: 2 Started: 2 Finished: 0
2026-09-11 13:04:34,079 INFO o.a.j.r.Summariser: summary =    217 in 01:00:32 =    0.1/s Avg:   818 Min:     3 Max:  7019 Err:     0 (0.00%)
2026-09-11 13:05:03,852 INFO o.a.j.r.Summariser: summary +      2 in 00:00:30 =    0.1/s Avg:  2015 Min:    12 Max:  4018 Err:     0 (0.00%) Active: 2 Started: 2 Finished: 0
2026-09-11 13:05:03,853 INFO o.a.j.r.Summariser: summary =    219 in 01:01:01 =    0.1/s Avg:   829 Min:     3 Max:  7019 Err:     0 (0.00%)
2026-09-11 13:09:02,675 INFO o.a.j.r.Summariser: summary +     15 in 00:03:59 =    0.1/s Avg:   381 Min:     4 Max:  3005 Err:     0 (0.00%) Active: 2 Started: 2 Finished: 0
2026-09-11 13:09:02,676 INFO o.a.j.r.Summariser: summary =    234 in 01:05:00 =    0.1/s Avg:   800 Min:     3 Max:  7019 Err:     0 (0.00%)
2026-09-11 13:09:30,538 INFO o.a.j.r.Summariser: summary +      1 in 00:00:28 =    0.0/s Avg:    13 Min:    13 Max:    13 Err:     0 (0.00%) Active: 2 Started: 2 Finished: 0
2026-09-11 13:09:30,539 INFO o.a.j.r.Summariser: summary =    235 in 01:05:28 =    0.1/s Avg:   797 Min:     3 Max:  7019 Err:     0 (0.00%)
2026-09-11 13:10:03,809 INFO o.a.j.r.Summariser: summary +      2 in 00:00:33 =    0.1/s Avg:  3521 Min:    26 Max:  7017 Err:     0 (0.00%) Active: 2 Started: 2 Finished: 0
2026-09-11 13:10:03,809 INFO o.a.j.r.Summariser: summary =    237 in 01:06:01 =    0.1/s Avg:   820 Min:     3 Max:  7019 Err:     0 (0.00%)
2026-09-11 13:14:00,984 INFO o.a.j.r.Summariser: summary +     15 in 00:03:57 =    0.1/s Avg:    15 Min:    10 Max:    24 Err:     0 (0.00%) Active: 2 Started: 2 Finished: 0
2026-09-11 13:14:00,986 INFO o.a.j.r.Summariser: summary =    252 in 01:09:59 =    0.1/s Avg:   772 Min:     3 Max:  7019 Err:     0 (0.00%)
2026-09-11 13:14:30,616 INFO o.a.j.r.Summariser: summary +      1 in 00:00:30 =    0.0/s Avg:    19 Min:    19 Max:    19 Err:     0 (0.00%) Active: 2 Started: 2 Finished: 0
2026-09-11 13:14:30,617 INFO o.a.j.r.Summariser: summary =    253 in 01:10:28 =    0.1/s Avg:   769 Min:     3 Max:  7019 Err:     0 (0.00%)
2026-09-11 13:15:02,933 INFO o.a.j.r.Summariser: summary +      2 in 00:00:32 =    0.1/s Avg:   195 Min:    10 Max:   381 Err:     0 (0.00%) Active: 2 Started: 2 Finished: 0
2026-09-11 13:15:02,933 INFO o.a.j.r.Summariser: summary =    255 in 01:11:01 =    0.1/s Avg:   764 Min:     3 Max:  7019 Err:     0 (0.00%)
2026-09-11 13:19:30,720 INFO o.a.j.r.Summariser: summary +     16 in 00:04:28 =    0.1/s Avg:  1516 Min:    11 Max:  7018 Err:     0 (0.00%) Active: 2 Started: 2 Finished: 0
2026-09-11 13:19:30,721 INFO o.a.j.r.Summariser: summary =    271 in 01:15:28 =    0.1/s Avg:   809 Min:     3 Max:  7019 Err:     0 (0.00%)
2026-09-11 13:20:03,424 INFO o.a.j.r.Summariser: summary +      2 in 00:00:33 =    0.1/s Avg:    24 Min:    23 Max:    25 Err:     0 (0.00%) Active: 2 Started: 2 Finished: 0
2026-09-11 13:20:03,424 INFO o.a.j.r.Summariser: summary =    273 in 01:16:01 =    0.1/s Avg:   803 Min:     3 Max:  7019 Err:     0 (0.00%)
2026-09-11 13:24:05,360 INFO o.a.j.r.Summariser: summary +     15 in 00:04:02 =    0.1/s Avg:   715 Min:    10 Max:  5019 Err:     0 (0.00%) Active: 2 Started: 2 Finished: 0
2026-09-11 13:24:05,363 INFO o.a.j.r.Summariser: summary =    288 in 01:20:03 =    0.1/s Avg:   798 Min:     3 Max:  7019 Err:     0 (0.00%)
2026-09-11 13:24:30,027 INFO o.a.j.r.Summariser: summary +      1 in 00:00:25 =    0.0/s Avg:    25 Min:    25 Max:    25 Err:     0 (0.00%) Active: 2 Started: 2 Finished: 0
2026-09-11 13:24:30,027 INFO o.a.j.r.Summariser: summary =    289 in 01:20:28 =    0.1/s Avg:   796 Min:     3 Max:  7019 Err:     0 (0.00%)
2026-09-11 13:25:03,552 INFO o.a.j.r.Summariser: summary +      2 in 00:00:34 =    0.1/s Avg:    15 Min:    12 Max:    18 Err:     0 (0.00%) Active: 2 Started: 2 Finished: 0
2026-09-11 13:25:03,553 INFO o.a.j.r.Summariser: summary =    291 in 01:21:01 =    0.1/s Avg:   790 Min:     3 Max:  7019 Err:     0 (0.00%)
2026-09-11 13:28:32,162 INFO o.a.j.r.Summariser: summary +     13 in 00:03:29 =    0.1/s Avg:  1785 Min:     4 Max:  7018 Err:     0 (0.00%) Active: 2 Started: 2 Finished: 0
2026-09-11 13:28:32,164 INFO o.a.j.r.Summariser: summary =    304 in 01:24:30 =    0.1/s Avg:   833 Min:     3 Max:  7019 Err:     0 (0.00%)
2026-09-11 13:29:00,497 INFO o.a.j.r.Summariser: summary +      2 in 00:00:28 =    0.1/s Avg:    11 Min:    11 Max:    12 Err:     0 (0.00%) Active: 2 Started: 2 Finished: 0
2026-09-11 13:29:00,498 INFO o.a.j.r.Summariser: summary =    306 in 01:24:58 =    0.1/s Avg:   827 Min:     3 Max:  7019 Err:     0 (0.00%)
2026-09-11 13:29:30,248 INFO o.a.j.r.Summariser: summary +      1 in 00:00:30 =    0.0/s Avg:    18 Min:    18 Max:    18 Err:     0 (0.00%) Active: 2 Started: 2 Finished: 0
2026-09-11 13:29:30,249 INFO o.a.j.r.Summariser: summary =    307 in 01:25:28 =    0.1/s Avg:   825 Min:     3 Max:  7019 Err:     0 (0.00%)
2026-09-11 13:30:03,131 INFO o.a.j.r.Summariser: summary +      2 in 00:00:33 =    0.1/s Avg:    15 Min:    12 Max:    19 Err:     0 (0.00%) Active: 2 Started: 2 Finished: 0
2026-09-11 13:30:03,132 INFO o.a.j.r.Summariser: summary =    309 in 01:26:01 =    0.1/s Avg:   820 Min:     3 Max:  7019 Err:     0 (0.00%)
2026-09-11 13:34:00,083 INFO o.a.j.r.Summariser: summary +     15 in 00:03:57 =    0.1/s Avg:   650 Min:     9 Max:  4020 Err:     0 (0.00%) Active: 2 Started: 2 Finished: 0
2026-09-11 13:34:00,084 INFO o.a.j.r.Summariser: summary =    324 in 01:29:58 =    0.1/s Avg:   812 Min:     3 Max:  7019 Err:     0 (0.00%)
2026-09-11 13:34:30,156 INFO o.a.j.r.Summariser: summary +      1 in 00:00:30 =    0.0/s Avg:    11 Min:    11 Max:    11 Err:     0 (0.00%) Active: 2 Started: 2 Finished: 0
2026-09-11 13:34:30,157 INFO o.a.j.r.Summariser: summary =    325 in 01:30:28 =    0.1/s Avg:   809 Min:     3 Max:  7019 Err:     0 (0.00%)
2026-09-11 13:35:03,583 INFO o.a.j.r.Summariser: summary +      2 in 00:00:33 =    0.1/s Avg:    14 Min:    10 Max:    18 Err:     0 (0.00%) Active: 2 Started: 2 Finished: 0
2026-09-11 13:35:03,583 INFO o.a.j.r.Summariser: summary =    327 in 01:31:01 =    0.1/s Avg:   804 Min:     3 Max:  7019 Err:     0 (0.00%)
2026-09-11 13:39:03,474 INFO o.a.j.r.Summariser: summary +     15 in 00:04:00 =    0.1/s Avg:   382 Min:    10 Max:  3005 Err:     0 (0.00%) Active: 2 Started: 2 Finished: 0
2026-09-11 13:39:03,474 INFO o.a.j.r.Summariser: summary =    342 in 01:35:01 =    0.1/s Avg:   786 Min:     3 Max:  7019 Err:     0 (0.00%)
2026-09-11 13:39:30,097 INFO o.a.j.r.Summariser: summary +      1 in 00:00:27 =    0.0/s Avg:    23 Min:    23 Max:    23 Err:     0 (0.00%) Active: 2 Started: 2 Finished: 0
2026-09-11 13:39:30,098 INFO o.a.j.r.Summariser: summary =    343 in 01:35:28 =    0.1/s Avg:   784 Min:     3 Max:  7019 Err:     0 (0.00%)
2026-09-11 13:40:03,553 INFO o.a.j.r.Summariser: summary +      2 in 00:00:33 =    0.1/s Avg:  2515 Min:    11 Max:  5020 Err:     0 (0.00%) Active: 2 Started: 2 Finished: 0
2026-09-11 13:40:03,554 INFO o.a.j.r.Summariser: summary =    345 in 01:36:01 =    0.1/s Avg:   794 Min:     3 Max:  7019 Err:     0 (0.00%)
2026-09-11 13:44:00,921 INFO o.a.j.r.Summariser: summary +     15 in 00:03:57 =    0.1/s Avg:   849 Min:     9 Max:  7019 Err:     0 (0.00%) Active: 2 Started: 2 Finished: 0
2026-09-11 13:44:00,922 INFO o.a.j.r.Summariser: summary =    360 in 01:39:59 =    0.1/s Avg:   796 Min:     3 Max:  7019 Err:     0 (0.00%)
2026-09-11 13:44:30,685 INFO o.a.j.r.Summariser: summary +      1 in 00:00:30 =    0.0/s Avg:    12 Min:    12 Max:    12 Err:     0 (0.00%) Active: 2 Started: 2 Finished: 0
2026-09-11 13:44:30,685 INFO o.a.j.r.Summariser: summary =    361 in 01:40:28 =    0.1/s Avg:   794 Min:     3 Max:  7019 Err:     0 (0.00%)
2026-09-11 13:45:03,630 INFO o.a.j.r.Summariser: summary +      2 in 00:00:33 =    0.1/s Avg:    14 Min:    10 Max:    19 Err:     0 (0.00%) Active: 2 Started: 2 Finished: 0
2026-09-11 13:45:03,631 INFO o.a.j.r.Summariser: summary =    363 in 01:41:01 =    0.1/s Avg:   790 Min:     3 Max:  7019 Err:     0 (0.00%)
2026-09-11 13:49:02,563 INFO o.a.j.r.Summariser: summary +     15 in 00:03:59 =    0.1/s Avg:   949 Min:    10 Max:  3018 Err:     0 (0.00%) Active: 2 Started: 2 Finished: 0
2026-09-11 13:49:02,564 INFO o.a.j.r.Summariser: summary =    378 in 01:45:00 =    0.1/s Avg:   796 Min:     3 Max:  7019 Err:     0 (0.00%)
2026-09-11 13:49:30,372 INFO o.a.j.r.Summariser: summary +      1 in 00:00:28 =    0.0/s Avg:    23 Min:    23 Max:    23 Err:     0 (0.00%) Active: 2 Started: 2 Finished: 0
2026-09-11 13:49:30,373 INFO o.a.j.r.Summariser: summary =    379 in 01:45:28 =    0.1/s Avg:   794 Min:     3 Max:  7019 Err:     0 (0.00%)
2026-09-11 13:50:04,137 INFO o.a.j.r.Summariser: summary +      2 in 00:00:34 =    0.1/s Avg:  3514 Min:    11 Max:  7018 Err:     0 (0.00%) Active: 2 Started: 2 Finished: 0
2026-09-11 13:50:04,137 INFO o.a.j.r.Summariser: summary =    381 in 01:46:02 =    0.1/s Avg:   808 Min:     3 Max:  7019 Err:     0 (0.00%)
2026-09-11 13:54:30,455 INFO o.a.j.r.Summariser: summary +     16 in 00:04:26 =    0.1/s Avg:   796 Min:     4 Max:  7019 Err:     0 (0.00%) Active: 2 Started: 2 Finished: 0
2026-09-11 13:54:30,456 INFO o.a.j.r.Summariser: summary =    397 in 01:50:28 =    0.1/s Avg:   808 Min:     3 Max:  7019 Err:     0 (0.00%)
2026-09-11 13:55:04,016 INFO o.a.j.r.Summariser: summary +      2 in 00:00:34 =    0.1/s Avg:    11 Min:    11 Max:    12 Err:     0 (0.00%) Active: 2 Started: 2 Finished: 0
2026-09-11 13:55:04,017 INFO o.a.j.r.Summariser: summary =    399 in 01:51:02 =    0.1/s Avg:   804 Min:     3 Max:  7019 Err:     0 (0.00%)
2026-09-11 13:59:30,055 INFO o.a.j.r.Summariser: summary +     16 in 00:04:26 =    0.1/s Avg:   797 Min:    11 Max:  7019 Err:     0 (0.00%) Active: 2 Started: 2 Finished: 0
2026-09-11 13:59:30,056 INFO o.a.j.r.Summariser: summary =    415 in 01:55:28 =    0.1/s Avg:   803 Min:     3 Max:  7019 Err:     0 (0.00%)
2026-09-11 14:00:02,916 INFO o.a.j.r.Summariser: summary +      2 in 00:00:33 =    0.1/s Avg:    21 Min:    18 Max:    24 Err:     0 (0.00%) Active: 2 Started: 2 Finished: 0
2026-09-11 14:00:02,916 INFO o.a.j.r.Summariser: summary =    417 in 01:56:01 =    0.1/s Avg:   800 Min:     3 Max:  7019 Err:     0 (0.00%)
2026-09-11 14:03:31,213 INFO o.a.j.r.Summariser: summary +     13 in 00:03:28 =    0.1/s Avg:   977 Min:    11 Max:  7018 Err:     0 (0.00%) Active: 2 Started: 2 Finished: 0
2026-09-11 14:03:31,213 INFO o.a.j.r.Summariser: summary =    430 in 01:59:29 =    0.1/s Avg:   805 Min:     3 Max:  7019 Err:     0 (0.00%)
2026-09-11 14:04:03,515 INFO o.a.j.r.Summariser: summary +      2 in 00:00:32 =    0.1/s Avg:  1268 Min:    11 Max:  2526 Err:     0 (0.00%) Active: 2 Started: 2 Finished: 0
2026-09-11 14:04:03,516 INFO o.a.j.r.Summariser: summary =    432 in 02:00:01 =    0.1/s Avg:   807 Min:     3 Max:  7019 Err:     0 (0.00%)
2026-09-11 14:04:35,860 INFO o.a.j.r.Summariser: summary +      2 in 00:00:32 =    0.1/s Avg:  1512 Min:    18 Max:  3006 Err:     0 (0.00%) Active: 2 Started: 2 Finished: 0
2026-09-11 14:04:35,861 INFO o.a.j.r.Summariser: summary =    434 in 02:00:34 =    0.1/s Avg:   810 Min:     3 Max:  7019 Err:     0 (0.00%)
2026-09-11 14:05:03,112 INFO o.a.j.r.Summariser: summary +      1 in 00:00:27 =    0.0/s Avg:    10 Min:    10 Max:    10 Err:     0 (0.00%) Active: 2 Started: 2 Finished: 0
2026-09-11 14:05:03,113 INFO o.a.j.r.Summariser: summary =    435 in 02:01:01 =    0.1/s Avg:   809 Min:     3 Max:  7019 Err:     0 (0.00%)
2026-09-11 14:05:11,322 INFO o.a.j.t.JMeterThread: Thread finished: Users 1-2
2026-09-11 14:05:54,325 INFO o.a.j.t.JMeterThread: Thread finished: Users 1-1
2026-09-11 14:05:54,326 INFO o.a.j.e.StandardJMeterEngine: Notifying test listeners of end of test
2026-09-11 14:05:54,326 INFO o.a.j.s.FileServer: Close: users.csv
2026-09-11 14:05:54,326 INFO o.a.j.s.FileServer: Close: products.csv
2026-09-11 14:05:54,329 INFO o.a.j.r.Summariser: summary +      3 in 00:00:51 =    0.1/s Avg:  1690 Min:    23 Max:  5019 Err:     0 (0.00%) Active: 0 Started: 2 Finished: 2
2026-09-11 14:05:54,329 INFO o.a.j.r.Summariser: summary =    438 in 02:01:52 =    0.1/s Avg:   815 Min:     3 Max:  7019 Err:     0 (0.00%)
2026-09-11 14:05:54,333 INFO o.a.j.JMeter: Generating Dashboard
2026-09-11 14:05:54,333 INFO o.a.j.r.d.ReportGenerator: Flushing result collector before report Generation
2026-09-11 14:05:54,380 INFO o.a.j.r.p.NormalizerSampleConsumer: Using format, 'ms', to parse timeStamp field
2026-09-11 14:05:54,692 INFO o.a.j.r.p.AbstractSampleConsumer: class org.apache.jmeter.report.processor.AggregateConsumer#stopProducing(): beginDate produced 0 samples
2026-09-11 14:05:54,692 INFO o.a.j.r.p.AbstractSampleConsumer: class org.apache.jmeter.report.processor.AggregateConsumer#stopProducing(): endDate produced 0 samples
2026-09-11 14:05:54,709 INFO o.a.j.r.p.AbstractSampleConsumer: class org.apache.jmeter.report.processor.ApdexSummaryConsumer#stopProducing(): apdexSummary produced 0 samples
2026-09-11 14:05:54,710 INFO o.a.j.r.p.AbstractSampleConsumer: class org.apache.jmeter.report.processor.RequestsSummaryConsumer#stopProducing(): requestsSummary produced 0 samples
2026-09-11 14:05:54,732 INFO o.a.j.r.p.AbstractSampleConsumer: class org.apache.jmeter.report.processor.StatisticsSummaryConsumer#stopProducing(): statisticsSummary produced 0 samples
2026-09-11 14:05:54,739 INFO o.a.j.r.p.AbstractSampleConsumer: class org.apache.jmeter.report.processor.Top5ErrorsBySamplerConsumer#stopProducing(): top5ErrorsBySampler produced 0 samples
2026-09-11 14:05:54,739 INFO o.a.j.r.p.AbstractSampleConsumer: class org.apache.jmeter.report.processor.ErrorsSummaryConsumer#stopProducing(): errorsSummary produced 0 samples
2026-09-11 14:05:54,739 INFO o.a.j.r.p.AbstractSampleConsumer: class org.apache.jmeter.report.processor.graph.impl.HitsPerSecondGraphConsumer#stopProducing(): hitsPerSecond produced 0 samples
2026-09-11 14:05:54,791 INFO o.a.j.r.p.AbstractSampleConsumer: class org.apache.jmeter.report.processor.graph.impl.LatencyVSRequestGraphConsumer#stopProducing(): latencyVsRequest produced 0 samples
2026-09-11 14:05:54,791 INFO o.a.j.r.p.AbstractSampleConsumer: class org.apache.jmeter.report.processor.graph.impl.SyntheticResponseTimeDistributionGraphConsumer#stopProducing(): syntheticResponseTimeDistribution produced 0 samples
2026-09-11 14:05:54,792 INFO o.a.j.r.p.AbstractSampleConsumer: class org.apache.jmeter.report.processor.graph.impl.BytesThroughputGraphConsumer#stopProducing(): bytesThroughputOverTime produced 0 samples
2026-09-11 14:05:54,793 INFO o.a.j.r.p.AbstractSampleConsumer: class org.apache.jmeter.report.processor.graph.impl.CodesPerSecondGraphConsumer#stopProducing(): codesPerSecond produced 0 samples
2026-09-11 14:05:54,807 INFO o.a.j.r.p.AbstractSampleConsumer: class org.apache.jmeter.report.processor.graph.impl.ResponseTimeVSRequestGraphConsumer#stopProducing(): responseTimeVsRequest produced 0 samples
2026-09-11 14:05:54,808 INFO o.a.j.r.p.AbstractSampleConsumer: class org.apache.jmeter.report.processor.FilterConsumer#stopProducing(): startIntervalControlerFilter produced 3066 samples
2026-09-11 14:05:54,808 INFO o.a.j.r.p.AbstractSampleConsumer: class org.apache.jmeter.report.processor.graph.impl.TotalTPSGraphConsumer#stopProducing(): totalTPS produced 0 samples
2026-09-11 14:05:54,808 INFO o.a.j.r.p.AbstractSampleConsumer: class org.apache.jmeter.report.processor.graph.impl.ActiveThreadsGraphConsumer#stopProducing(): activeThreadsOverTime produced 0 samples
2026-09-11 14:05:54,809 INFO o.a.j.r.p.AbstractSampleConsumer: class org.apache.jmeter.report.processor.graph.impl.TimeVSThreadGraphConsumer#stopProducing(): timeVsThreads produced 0 samples
2026-09-11 14:05:54,810 INFO o.a.j.r.p.AbstractSampleConsumer: class org.apache.jmeter.report.processor.graph.impl.ResponseTimeDistributionGraphConsumer#stopProducing(): responseTimeDistribution produced 0 samples
2026-09-11 14:05:54,810 INFO o.a.j.r.p.AbstractSampleConsumer: class org.apache.jmeter.report.processor.graph.impl.TransactionsPerSecondGraphConsumer#stopProducing(): transactionsPerSecond produced 0 samples
2026-09-11 14:05:54,812 INFO o.a.j.r.p.AbstractSampleConsumer: class org.apache.jmeter.report.processor.graph.impl.ResponseTimePercentilesGraphConsumer#stopProducing(): responseTimePercentiles produced 0 samples
2026-09-11 14:05:54,826 INFO o.a.j.r.p.AbstractSampleConsumer: class org.apache.jmeter.report.processor.graph.impl.ResponseTimePercentilesOverTimeGraphConsumer#stopProducing(): responseTimePercentilesOverTime produced 0 samples
2026-09-11 14:05:54,835 INFO o.a.j.r.p.AbstractSampleConsumer: class org.apache.jmeter.report.processor.graph.impl.ResponseTimeOverTimeGraphConsumer#stopProducing(): responseTimesOverTime produced 0 samples
2026-09-11 14:05:54,837 INFO o.a.j.r.p.AbstractSampleConsumer: class org.apache.jmeter.report.processor.graph.impl.ConnectTimeOverTimeGraphConsumer#stopProducing(): connectTimeOverTime produced 0 samples
2026-09-11 14:05:54,838 INFO o.a.j.r.p.AbstractSampleConsumer: class org.apache.jmeter.report.processor.graph.impl.LatencyOverTimeGraphConsumer#stopProducing(): latenciesOverTime produced 0 samples
2026-09-11 14:05:54,839 INFO o.a.j.r.p.AbstractSampleConsumer: class org.apache.jmeter.report.processor.FilterConsumer#stopProducing(): nameFilter produced 13170 samples
2026-09-11 14:05:54,839 INFO o.a.j.r.p.AbstractSampleConsumer: class org.apache.jmeter.report.processor.FilterConsumer#stopProducing(): dateRangeFilter produced 2634 samples
2026-09-11 14:05:54,839 INFO o.a.j.r.p.AbstractSampleConsumer: class org.apache.jmeter.report.processor.NormalizerSampleConsumer#stopProducing(): normalizer produced 878 samples
2026-09-11 14:05:54,841 INFO o.a.j.r.p.CsvFileSampleSource: produce(): 878 samples produced in 388ms on channel 0
2026-09-11 14:05:54,841 INFO o.a.j.r.d.ReportGenerator: Exporting data using exporter:'json' of className:'org.apache.jmeter.report.dashboard.JsonExporter'
2026-09-11 14:05:55,039 INFO o.a.j.r.d.JsonExporter: Found data for consumer statisticsSummary in context
2026-09-11 14:05:55,039 INFO o.a.j.r.d.JsonExporter: Creating statistics for overall
2026-09-11 14:05:55,041 INFO o.a.j.r.d.JsonExporter: Creating statistics for other transactions
2026-09-11 14:05:55,041 INFO o.a.j.r.d.JsonExporter: Checking output folder
2026-09-11 14:05:55,042 INFO o.a.j.r.d.JsonExporter: Writing statistics JSON to C:\Users\Artur\IdeaProjects\performance-shop\results\reports\1x\statistics.json
2026-09-11 14:05:55,125 INFO o.a.j.r.d.ReportGenerator: Exporting data using exporter:'html' of className:'org.apache.jmeter.report.dashboard.HtmlTemplateExporter'
2026-09-11 14:05:55,132 INFO o.a.j.r.d.HtmlTemplateExporter: Will generate dashboard in folder: C:\Users\Artur\IdeaProjects\performance-shop\results\reports\1x
2026-09-11 14:05:55,687 INFO o.a.j.r.d.HtmlTemplateExporter: Report will be generated in: C:\Users\Artur\IdeaProjects\performance-shop\results\reports\1x, creating folder structure
2026-09-11 14:05:55,696 INFO o.a.j.r.d.TemplateVisitor: Copying folder from 'C:\Program Files\apache-jmeter-5.6.3\bin\report-template' to 'C:\Users\Artur\IdeaProjects\performance-shop\results\reports\1x', got message: C:\Users\Artur\IdeaProjects\performance-shop\results\reports\1x, found non empty folder with following content [C:\Users\Artur\IdeaProjects\performance-shop\results\reports\1x\statistics.json], will be ignored
2026-09-11 14:05:56,482 INFO o.a.j.JMeter: Dashboard generated
