2026-09-11 15:11:16,931 INFO o.a.j.u.JMeterUtils: Setting Locale to en_EN
2026-09-11 15:11:16,949 INFO o.a.j.JMeter: Loading user properties from: C:\Program Files\apache-jmeter-5.6.3\bin\user.properties
2026-09-11 15:11:16,949 INFO o.a.j.JMeter: Loading system properties from: C:\Program Files\apache-jmeter-5.6.3\bin\system.properties
2026-09-11 15:11:16,951 INFO o.a.j.JMeter: Setting JMeter property: host=localhost
2026-09-11 15:11:16,951 INFO o.a.j.JMeter: Setting JMeter property: port=80
2026-09-11 15:11:16,951 INFO o.a.j.JMeter: Setting JMeter property: target_throughput=7.2
2026-09-11 15:11:16,957 INFO o.a.j.JMeter: Copyright (c) 1998-2024 The Apache Software Foundation
2026-09-11 15:11:16,957 INFO o.a.j.JMeter: Version 5.6.3
2026-09-11 15:11:16,957 INFO o.a.j.JMeter: java.version=21.0.10
2026-09-11 15:11:16,957 INFO o.a.j.JMeter: java.vm.name=OpenJDK 64-Bit Server VM
2026-09-11 15:11:16,957 INFO o.a.j.JMeter: os.name=Windows 11
2026-09-11 15:11:16,957 INFO o.a.j.JMeter: os.arch=amd64
2026-09-11 15:11:16,957 INFO o.a.j.JMeter: os.version=10.0
2026-09-11 15:11:16,957 INFO o.a.j.JMeter: file.encoding=UTF-8
2026-09-11 15:11:16,957 INFO o.a.j.JMeter: java.awt.headless=true
2026-09-11 15:11:16,957 INFO o.a.j.JMeter: Max memory     =2147483648
2026-09-11 15:11:16,957 INFO o.a.j.JMeter: Available Processors =20
2026-09-11 15:11:16,965 INFO o.a.j.JMeter: Default Locale=English (EN)
2026-09-11 15:11:16,965 INFO o.a.j.JMeter: JMeter  Locale=English (EN)
2026-09-11 15:11:16,965 INFO o.a.j.JMeter: JMeterHome=C:\Program Files\apache-jmeter-5.6.3
2026-09-11 15:11:16,965 INFO o.a.j.JMeter: user.dir  =C:\Users\Artur\IdeaProjects\performance-shop
2026-09-11 15:11:16,965 INFO o.a.j.JMeter: PWD       =C:\Users\Artur\IdeaProjects\performance-shop
2026-09-11 15:11:16,970 INFO o.a.j.JMeter: IP: 192.168.10.125 Name: DESKTOP-Q6RB9A7 FullName: DESKTOP-Q6RB9A7.lan
2026-09-11 15:11:16,978 INFO o.a.j.JMeter: Setting property 'jmeter.reportgenerator.outputdir' to:'C:\Users\Artur\IdeaProjects\performance-shop\results\reports\2x'
2026-09-11 15:11:16,980 INFO o.a.j.s.FileServer: Default base='C:\Users\Artur\IdeaProjects\performance-shop'
2026-09-11 15:11:16,982 INFO o.a.j.s.FileServer: Set new base='C:\Users\Artur\IdeaProjects\performance-shop\scripts'
2026-09-11 15:11:17,148 INFO o.a.j.s.SaveService: Testplan (JMX) version: 2.2. Testlog (JTL) version: 2.2
2026-09-11 15:11:17,172 INFO o.a.j.s.SaveService: Using SaveService properties version 5.0
2026-09-11 15:11:17,175 INFO o.a.j.s.SaveService: Using SaveService properties file encoding UTF-8
2026-09-11 15:11:17,177 INFO o.a.j.s.SaveService: Loading file: scripts\performance_shop.jmx
2026-09-11 15:11:17,241 INFO o.a.j.p.h.s.HTTPSamplerBase: Parser for text/html is org.apache.jmeter.protocol.http.parser.LagartoBasedHtmlParser
2026-09-11 15:11:17,241 INFO o.a.j.p.h.s.HTTPSamplerBase: Parser for application/xhtml+xml is org.apache.jmeter.protocol.http.parser.LagartoBasedHtmlParser
2026-09-11 15:11:17,241 INFO o.a.j.p.h.s.HTTPSamplerBase: Parser for application/xml is org.apache.jmeter.protocol.http.parser.LagartoBasedHtmlParser
2026-09-11 15:11:17,242 INFO o.a.j.p.h.s.HTTPSamplerBase: Parser for text/xml is org.apache.jmeter.protocol.http.parser.LagartoBasedHtmlParser
2026-09-11 15:11:17,242 INFO o.a.j.p.h.s.HTTPSamplerBase: Parser for text/vnd.wap.wml is org.apache.jmeter.protocol.http.parser.RegexpHTMLParser
2026-09-11 15:11:17,242 INFO o.a.j.p.h.s.HTTPSamplerBase: Parser for text/css is org.apache.jmeter.protocol.http.parser.CssParser
2026-09-11 15:11:17,275 INFO o.a.j.JMeter: Creating summariser <summary>
2026-09-11 15:11:17,275 INFO o.a.j.r.d.ReportGenerator: ReportGenerator will use for Parsing the separator: ','
2026-09-11 15:11:17,275 INFO o.a.j.r.d.ReportGenerator: Will generate report at end of test from  results file: results/logs/run_2x.jtl
2026-09-11 15:11:17,275 INFO o.a.j.r.d.ReportGenerator: Reading report generator properties from: C:\Program Files\apache-jmeter-5.6.3\bin\reportgenerator.properties
2026-09-11 15:11:17,280 INFO o.a.j.r.d.ReportGenerator: Merging with JMeter properties
2026-09-11 15:11:17,283 INFO o.a.j.r.c.ReportGeneratorConfiguration: Property 'jmeter.reportgenerator.temp_dir' not found, using default value 'temp' instead.
2026-09-11 15:11:17,285 INFO o.a.j.r.c.ReportGeneratorConfiguration: Property 'jmeter.reportgenerator.apdex_per_transaction' not found, using default value 'null' instead.
2026-09-11 15:11:17,285 INFO o.a.j.r.c.ReportGeneratorConfiguration: apdex_per_transaction is empty, not APDEX per transaction customization
2026-09-11 15:11:17,285 INFO o.a.j.r.c.ReportGeneratorConfiguration: Property 'jmeter.reportgenerator.sample_filter' not found, using default value 'null' instead.
2026-09-11 15:11:17,285 INFO o.a.j.r.c.ReportGeneratorConfiguration: Property 'jmeter.reportgenerator.report_title' not found, using default value 'null' instead.
2026-09-11 15:11:17,285 INFO o.a.j.r.c.ReportGeneratorConfiguration: Property 'jmeter.reportgenerator.start_date' not found, using default value 'null' instead.
2026-09-11 15:11:17,285 INFO o.a.j.r.c.ReportGeneratorConfiguration: Property 'jmeter.reportgenerator.end_date' not found, using default value 'null' instead.
2026-09-11 15:11:17,285 INFO o.a.j.r.c.ReportGeneratorConfiguration: Property 'jmeter.reportgenerator.date_format' not found, using default value 'null' instead.
2026-09-11 15:11:17,286 INFO o.a.j.r.c.ReportGeneratorConfiguration: Will use date range start date: null, end date: null
2026-09-11 15:11:17,288 INFO o.a.j.r.c.ReportGeneratorConfiguration: Property 'jmeter.reportgenerator.graph.totalTPS.exclude_controllers' not found, using default value 'false' instead.
2026-09-11 15:11:17,289 INFO o.a.j.r.c.ReportGeneratorConfiguration: Property 'jmeter.reportgenerator.graph.activeThreadsOverTime.exclude_controllers' not found, using default value 'false' instead.
2026-09-11 15:11:17,289 INFO o.a.j.r.c.ReportGeneratorConfiguration: Property 'jmeter.reportgenerator.graph.timeVsThreads.exclude_controllers' not found, using default value 'false' instead.
2026-09-11 15:11:17,289 INFO o.a.j.r.c.ReportGeneratorConfiguration: Property 'jmeter.reportgenerator.graph.responseTimeDistribution.exclude_controllers' not found, using default value 'false' instead.
2026-09-11 15:11:17,289 INFO o.a.j.r.c.ReportGeneratorConfiguration: Property 'jmeter.reportgenerator.graph.transactionsPerSecond.exclude_controllers' not found, using default value 'false' instead.
2026-09-11 15:11:17,289 INFO o.a.j.r.c.ReportGeneratorConfiguration: Property 'jmeter.reportgenerator.graph.responseTimePercentiles.exclude_controllers' not found, using default value 'false' instead.
2026-09-11 15:11:17,289 INFO o.a.j.r.c.ReportGeneratorConfiguration: Property 'jmeter.reportgenerator.graph.responseTimePercentilesOverTime.exclude_controllers' not found, using default value 'false' instead.
2026-09-11 15:11:17,289 INFO o.a.j.r.c.ReportGeneratorConfiguration: Property 'jmeter.reportgenerator.graph.responseTimesOverTime.exclude_controllers' not found, using default value 'false' instead.
2026-09-11 15:11:17,289 INFO o.a.j.r.c.ReportGeneratorConfiguration: Property 'jmeter.reportgenerator.graph.connectTimeOverTime.exclude_controllers' not found, using default value 'false' instead.
2026-09-11 15:11:17,289 INFO o.a.j.r.c.ReportGeneratorConfiguration: Property 'jmeter.reportgenerator.graph.latenciesOverTime.exclude_controllers' not found, using default value 'false' instead.
2026-09-11 15:11:17,290 INFO o.a.j.r.c.ReportGeneratorConfiguration: Property 'jmeter.reportgenerator.exporter.json.filters_only_sample_series' not found, using default value 'true' instead.
2026-09-11 15:11:17,290 INFO o.a.j.r.c.ReportGeneratorConfiguration: Property 'jmeter.reportgenerator.exporter.json.series_filter' not found, using default value '' instead.
2026-09-11 15:11:17,290 INFO o.a.j.r.c.ReportGeneratorConfiguration: Property 'jmeter.reportgenerator.exporter.json.show_controllers_only' not found, using default value 'false' instead.
2026-09-11 15:11:17,290 INFO o.a.j.r.c.ReportGeneratorConfiguration: Property 'jmeter.reportgenerator.exporter.html.filters_only_sample_series' not found, using default value 'true' instead.
2026-09-11 15:11:17,290 INFO o.a.j.r.c.ReportGeneratorConfiguration: Property 'jmeter.reportgenerator.exporter.html.series_filter' not found, using default value '' instead.
2026-09-11 15:11:17,290 INFO o.a.j.r.c.ReportGeneratorConfiguration: Property 'jmeter.reportgenerator.exporter.html.show_controllers_only' not found, using default value 'false' instead.
2026-09-11 15:11:17,302 INFO o.a.j.e.StandardJMeterEngine: Running the test!
2026-09-11 15:11:17,303 INFO o.a.j.s.SampleEvent: List of sample_variables: []
2026-09-11 15:11:17,303 INFO o.a.j.s.SampleEvent: List of sample_variables: []
2026-09-11 15:11:17,307 INFO o.a.j.e.u.CompoundVariable: Note: Function class names must contain the string: '.functions.'
2026-09-11 15:11:17,307 INFO o.a.j.e.u.CompoundVariable: Note: Function class names must not contain the string: '.gui.'
2026-09-11 15:11:17,358 INFO o.a.j.r.ClassFinder: Will scan jar C:\Program Files\apache-jmeter-5.6.3\lib\ext\jmeter-plugins-cmn-jmeter-0.7.jar with filter ExtendsClassFilter [parents=[interface org.apache.jmeter.functions.Function], inner=false, contains=null, notContains=null]. Consider exposing JMeter plugins via META-INF/services, and add JMeter-Skip-Class-Scanning=true manifest attribute so JMeter can skip classfile scanning
2026-09-11 15:11:17,381 INFO o.a.j.r.ClassFinder: Will scan jar C:\Program Files\apache-jmeter-5.6.3\lib\ext\jmeter-prometheus-plugin-0.6.0.jar with filter ExtendsClassFilter [parents=[interface org.apache.jmeter.functions.Function], inner=false, contains=null, notContains=null]. Consider exposing JMeter plugins via META-INF/services, and add JMeter-Skip-Class-Scanning=true manifest attribute so JMeter can skip classfile scanning
2026-09-11 15:11:17,389 INFO o.a.j.r.ClassFinder: Will scan jar C:\Program Files\apache-jmeter-5.6.3\lib\ext\jmeter-plugins-casutg-3.1.1.jar with filter ExtendsClassFilter [parents=[interface org.apache.jmeter.functions.Function], inner=false, contains=null, notContains=null]. Consider exposing JMeter plugins via META-INF/services, and add JMeter-Skip-Class-Scanning=true manifest attribute so JMeter can skip classfile scanning
2026-09-11 15:11:17,399 INFO o.a.j.r.ClassFinder: Will scan jar C:\Program Files\apache-jmeter-5.6.3\lib\ext\jmeter-plugins-perfmon-2.1.jar with filter ExtendsClassFilter [parents=[interface org.apache.jmeter.functions.Function], inner=false, contains=null, notContains=null]. Consider exposing JMeter plugins via META-INF/services, and add JMeter-Skip-Class-Scanning=true manifest attribute so JMeter can skip classfile scanning
2026-09-11 15:11:17,402 INFO o.a.j.r.ClassFinder: Will scan jar C:\Program Files\apache-jmeter-5.6.3\lib\ext\jmeter-plugins-tst-2.6.jar with filter ExtendsClassFilter [parents=[interface org.apache.jmeter.functions.Function], inner=false, contains=null, notContains=null]. Consider exposing JMeter plugins via META-INF/services, and add JMeter-Skip-Class-Scanning=true manifest attribute so JMeter can skip classfile scanning
2026-09-11 15:11:17,404 INFO o.a.j.r.ClassFinder: Will scan jar C:\Program Files\apache-jmeter-5.6.3\lib\ext\jmeter-plugins-dummy-0.4.jar with filter ExtendsClassFilter [parents=[interface org.apache.jmeter.functions.Function], inner=false, contains=null, notContains=null]. Consider exposing JMeter plugins via META-INF/services, and add JMeter-Skip-Class-Scanning=true manifest attribute so JMeter can skip classfile scanning
2026-09-11 15:11:17,415 INFO o.a.j.r.ClassFinder: Will scan jar C:\Program Files\apache-jmeter-5.6.3\lib\ext\jmeter-plugins-fifo-0.2.jar with filter ExtendsClassFilter [parents=[interface org.apache.jmeter.functions.Function], inner=false, contains=null, notContains=null]. Consider exposing JMeter plugins via META-INF/services, and add JMeter-Skip-Class-Scanning=true manifest attribute so JMeter can skip classfile scanning
2026-09-11 15:11:17,424 INFO o.a.j.r.ClassFinder: Will scan jar C:\Program Files\apache-jmeter-5.6.3\lib\ext\jmeter-plugins-graphs-basic-2.0.jar with filter ExtendsClassFilter [parents=[interface org.apache.jmeter.functions.Function], inner=false, contains=null, notContains=null]. Consider exposing JMeter plugins via META-INF/services, and add JMeter-Skip-Class-Scanning=true manifest attribute so JMeter can skip classfile scanning
2026-09-11 15:11:17,425 INFO o.a.j.r.ClassFinder: Will scan jar C:\Program Files\apache-jmeter-5.6.3\lib\ext\json-lib-2.4-jdk15.jar with filter ExtendsClassFilter [parents=[interface org.apache.jmeter.functions.Function], inner=false, contains=null, notContains=null]. Consider exposing JMeter plugins via META-INF/services, and add JMeter-Skip-Class-Scanning=true manifest attribute so JMeter can skip classfile scanning
2026-09-11 15:11:17,438 INFO o.a.j.r.ClassFinder: Will scan jar C:\Program Files\apache-jmeter-5.6.3\lib\ext\jmeter-plugins-ffw-2.0.jar with filter ExtendsClassFilter [parents=[interface org.apache.jmeter.functions.Function], inner=false, contains=null, notContains=null]. Consider exposing JMeter plugins via META-INF/services, and add JMeter-Skip-Class-Scanning=true manifest attribute so JMeter can skip classfile scanning
2026-09-11 15:11:17,440 INFO o.a.j.r.ClassFinder: Will scan jar C:\Program Files\apache-jmeter-5.6.3\lib\ext\jmeter-plugins-manager-1.12.jar with filter ExtendsClassFilter [parents=[interface org.apache.jmeter.functions.Function], inner=false, contains=null, notContains=null]. Consider exposing JMeter plugins via META-INF/services, and add JMeter-Skip-Class-Scanning=true manifest attribute so JMeter can skip classfile scanning
2026-09-11 15:11:17,492 INFO o.a.j.r.ClassFinder: Will scan jar C:\Program Files\apache-jmeter-5.6.3\lib\ext\jmeter-plugins-functions-2.2.jar with filter ExtendsClassFilter [parents=[interface org.apache.jmeter.functions.Function], inner=false, contains=null, notContains=null]. Consider exposing JMeter plugins via META-INF/services, and add JMeter-Skip-Class-Scanning=true manifest attribute so JMeter can skip classfile scanning
2026-09-11 15:11:17,496 INFO o.a.j.r.ClassFinder: Will scan jar C:\Program Files\apache-jmeter-5.6.3\lib\ext\cmdrunner-2.3.jar with filter ExtendsClassFilter [parents=[interface org.apache.jmeter.functions.Function], inner=false, contains=null, notContains=null]. Consider exposing JMeter plugins via META-INF/services, and add JMeter-Skip-Class-Scanning=true manifest attribute so JMeter can skip classfile scanning
2026-09-11 15:11:17,496 INFO o.a.j.r.ClassFinder: Will scan jar C:\Program Files\apache-jmeter-5.6.3\lib\ext\perfmon-2.2.2.jar with filter ExtendsClassFilter [parents=[interface org.apache.jmeter.functions.Function], inner=false, contains=null, notContains=null]. Consider exposing JMeter plugins via META-INF/services, and add JMeter-Skip-Class-Scanning=true manifest attribute so JMeter can skip classfile scanning
2026-09-11 15:11:17,515 INFO o.a.j.JMeter: Running test (1789128677515)
2026-09-11 15:11:17,524 INFO o.a.j.e.StandardJMeterEngine: Starting ThreadGroup: 1 : Users
2026-09-11 15:11:17,524 INFO o.a.j.e.StandardJMeterEngine: Starting 2 threads for group Users.
2026-09-11 15:11:17,524 INFO o.a.j.e.StandardJMeterEngine: Thread will continue on error
2026-09-11 15:11:17,524 INFO k.a.j.t.AbstractSimpleThreadGroup: Starting thread group number 1 threads 2
2026-09-11 15:11:17,533 INFO k.a.j.t.AbstractSimpleThreadGroup: Started thread group number 1
2026-09-11 15:11:17,533 INFO o.a.j.e.StandardJMeterEngine: All thread groups have been started
2026-09-11 15:11:17,535 INFO o.a.j.s.SampleResult: Note: Sample TimeStamps are START times
2026-09-11 15:11:17,535 INFO o.a.j.s.SampleResult: sampleresult.default.encoding is set to UTF-8
2026-09-11 15:11:17,535 INFO o.a.j.s.SampleResult: sampleresult.useNanoTime=true
2026-09-11 15:11:17,535 INFO o.a.j.s.SampleResult: sampleresult.nanoThreadSleep=5000
2026-09-11 15:11:47,524 INFO o.a.j.t.JMeterThread: Thread started: Users 1-2
2026-09-11 15:11:47,524 INFO o.a.j.s.FileServer: Stored: products.csv
2026-09-11 15:11:47,535 INFO o.a.j.s.FileServer: Stored: users.csv
2026-09-11 15:11:49,345 INFO o.a.j.p.h.s.HTTPHCAbstractImpl: Local host = DESKTOP-Q6RB9A7
2026-09-11 15:11:49,348 INFO o.a.j.p.h.s.HTTPHC4Impl: HTTP request retry count = 0
2026-09-11 15:12:05,719 INFO o.a.j.r.Summariser: summary +      3 in 00:00:48 =    0.1/s Avg:    39 Min:    20 Max:    69 Err:     0 (0.00%) Active: 1 Started: 1 Finished: 0
2026-09-11 15:12:17,525 INFO o.a.j.t.JMeterThread: Thread started: Users 1-1
2026-09-11 15:12:35,617 INFO o.a.j.r.Summariser: summary +      4 in 00:00:30 =    0.1/s Avg:    13 Min:     5 Max:    24 Err:     0 (0.00%) Active: 2 Started: 2 Finished: 0
2026-09-11 15:12:35,617 INFO o.a.j.r.Summariser: summary =      7 in 00:01:18 =    0.1/s Avg:    24 Min:     5 Max:    69 Err:     0 (0.00%)
2026-09-11 15:13:29,319 INFO o.a.j.u.JsseSSLManager: Using default SSL protocol: TLS
2026-09-11 15:13:29,319 INFO o.a.j.u.JsseSSLManager: SSL session context: per-thread
2026-09-11 15:14:02,717 INFO o.a.j.r.Summariser: summary +     11 in 00:01:27 =    0.1/s Avg:   878 Min:    10 Max:  4005 Err:     0 (0.00%) Active: 2 Started: 2 Finished: 0
2026-09-11 15:14:02,718 INFO o.a.j.r.Summariser: summary =     18 in 00:02:45 =    0.1/s Avg:   546 Min:     5 Max:  4005 Err:     0 (0.00%)
2026-09-11 15:14:32,226 INFO o.a.j.r.Summariser: summary +      3 in 00:00:30 =    0.1/s Avg:    22 Min:    18 Max:    24 Err:     0 (0.00%) Active: 2 Started: 2 Finished: 0
2026-09-11 15:14:32,227 INFO o.a.j.r.Summariser: summary =     21 in 00:03:15 =    0.1/s Avg:   471 Min:     5 Max:  4005 Err:     0 (0.00%)
2026-09-11 15:15:04,751 INFO o.a.j.r.Summariser: summary +      4 in 00:00:33 =    0.1/s Avg:    16 Min:    11 Max:    24 Err:     0 (0.00%) Active: 2 Started: 2 Finished: 0
2026-09-11 15:15:04,752 INFO o.a.j.r.Summariser: summary =     25 in 00:03:47 =    0.1/s Avg:   398 Min:     5 Max:  4005 Err:     0 (0.00%)
2026-09-11 15:16:01,873 INFO o.a.j.r.Summariser: summary +      7 in 00:00:57 =    0.1/s Avg:  1663 Min:    11 Max:  6019 Err:     0 (0.00%) Active: 2 Started: 2 Finished: 0
2026-09-11 15:16:01,874 INFO o.a.j.r.Summariser: summary =     32 in 00:04:44 =    0.1/s Avg:   675 Min:     5 Max:  6019 Err:     0 (0.00%)
2026-09-11 15:16:31,730 INFO o.a.j.r.Summariser: summary +      3 in 00:00:30 =    0.1/s Avg:   854 Min:    12 Max:  2528 Err:     0 (0.00%) Active: 2 Started: 2 Finished: 0
2026-09-11 15:16:31,731 INFO o.a.j.r.Summariser: summary =     35 in 00:05:14 =    0.1/s Avg:   690 Min:     5 Max:  6019 Err:     0 (0.00%)
2026-09-11 15:17:04,795 INFO o.a.j.r.Summariser: summary +      4 in 00:00:33 =    0.1/s Avg:   770 Min:    14 Max:  3019 Err:     0 (0.00%) Active: 2 Started: 2 Finished: 0
2026-09-11 15:17:04,796 INFO o.a.j.r.Summariser: summary =     39 in 00:05:47 =    0.1/s Avg:   698 Min:     5 Max:  6019 Err:     0 (0.00%)
2026-09-11 15:19:01,684 INFO o.a.j.r.Summariser: summary +     15 in 00:01:57 =    0.1/s Avg:  1251 Min:     4 Max:  7019 Err:     0 (0.00%) Active: 2 Started: 2 Finished: 0
2026-09-11 15:19:01,685 INFO o.a.j.r.Summariser: summary =     54 in 00:07:44 =    0.1/s Avg:   852 Min:     4 Max:  7019 Err:     0 (0.00%)
2026-09-11 15:19:32,538 INFO o.a.j.r.Summariser: summary +      3 in 00:00:31 =    0.1/s Avg:    21 Min:    12 Max:    26 Err:     0 (0.00%) Active: 2 Started: 2 Finished: 0
2026-09-11 15:19:32,539 INFO o.a.j.r.Summariser: summary =     57 in 00:08:15 =    0.1/s Avg:   808 Min:     4 Max:  7019 Err:     0 (0.00%)
2026-09-11 15:20:05,485 INFO o.a.j.r.Summariser: summary +      4 in 00:00:33 =    0.1/s Avg:    20 Min:    11 Max:    27 Err:     0 (0.00%) Active: 2 Started: 2 Finished: 0
2026-09-11 15:20:05,485 INFO o.a.j.r.Summariser: summary =     61 in 00:08:48 =    0.1/s Avg:   756 Min:     4 Max:  7019 Err:     0 (0.00%)
2026-09-11 15:21:32,135 INFO o.a.j.r.Summariser: summary +     11 in 00:01:27 =    0.1/s Avg:  1065 Min:    11 Max:  6019 Err:     0 (0.00%) Active: 2 Started: 2 Finished: 0
2026-09-11 15:21:32,136 INFO o.a.j.r.Summariser: summary =     72 in 00:10:15 =    0.1/s Avg:   803 Min:     4 Max:  7019 Err:     0 (0.00%)
2026-09-11 15:22:01,510 INFO o.a.j.r.Summariser: summary +      3 in 00:00:29 =    0.1/s Avg:    24 Min:    23 Max:    26 Err:     0 (0.00%) Active: 2 Started: 2 Finished: 0
2026-09-11 15:22:01,511 INFO o.a.j.r.Summariser: summary =     75 in 00:10:44 =    0.1/s Avg:   772 Min:     4 Max:  7019 Err:     0 (0.00%)
2026-09-11 15:22:34,968 INFO o.a.j.r.Summariser: summary +      4 in 00:00:33 =    0.1/s Avg:    17 Min:    11 Max:    26 Err:     0 (0.00%) Active: 2 Started: 2 Finished: 0
2026-09-11 15:22:34,969 INFO o.a.j.r.Summariser: summary =     79 in 00:11:17 =    0.1/s Avg:   734 Min:     4 Max:  7019 Err:     0 (0.00%)
2026-09-11 15:23:31,052 INFO o.a.j.r.Summariser: summary +      7 in 00:00:56 =    0.1/s Avg:   377 Min:    11 Max:  2529 Err:     0 (0.00%) Active: 2 Started: 2 Finished: 0
2026-09-11 15:23:31,052 INFO o.a.j.r.Summariser: summary =     86 in 00:12:14 =    0.1/s Avg:   705 Min:     4 Max:  7019 Err:     0 (0.00%)
2026-09-11 15:24:34,415 INFO o.a.j.r.Summariser: summary +      7 in 00:01:03 =    0.1/s Avg:  2089 Min:     9 Max:  6020 Err:     0 (0.00%) Active: 2 Started: 2 Finished: 0
2026-09-11 15:24:34,416 INFO o.a.j.r.Summariser: summary =     93 in 00:13:17 =    0.1/s Avg:   809 Min:     4 Max:  7019 Err:     0 (0.00%)
2026-09-11 15:25:04,982 INFO o.a.j.r.Summariser: summary +      4 in 00:00:31 =    0.1/s Avg:   768 Min:    11 Max:  3019 Err:     0 (0.00%) Active: 2 Started: 2 Finished: 0
2026-09-11 15:25:04,983 INFO o.a.j.r.Summariser: summary =     97 in 00:13:47 =    0.1/s Avg:   807 Min:     4 Max:  7019 Err:     0 (0.00%)
2026-09-11 15:26:31,473 INFO o.a.j.r.Summariser: summary +     11 in 00:01:26 =    0.1/s Avg:    19 Min:    11 Max:    26 Err:     0 (0.00%) Active: 2 Started: 2 Finished: 0
2026-09-11 15:26:31,473 INFO o.a.j.r.Summariser: summary =    108 in 00:15:14 =    0.1/s Avg:   727 Min:     4 Max:  7019 Err:     0 (0.00%)
2026-09-11 15:27:01,476 INFO o.a.j.r.Summariser: summary +      3 in 00:00:30 =    0.1/s Avg:    25 Min:    24 Max:    27 Err:     0 (0.00%) Active: 2 Started: 2 Finished: 0
2026-09-11 15:27:01,477 INFO o.a.j.r.Summariser: summary =    111 in 00:15:44 =    0.1/s Avg:   708 Min:     4 Max:  7019 Err:     0 (0.00%)
2026-09-11 15:27:35,224 INFO o.a.j.r.Summariser: summary +      4 in 00:00:34 =    0.1/s Avg:   641 Min:    11 Max:  2526 Err:     0 (0.00%) Active: 2 Started: 2 Finished: 0
2026-09-11 15:27:35,224 INFO o.a.j.r.Summariser: summary =    115 in 00:16:18 =    0.1/s Avg:   706 Min:     4 Max:  7019 Err:     0 (0.00%)
2026-09-11 15:28:02,124 INFO o.a.j.r.Summariser: summary +      3 in 00:00:27 =    0.1/s Avg:  3020 Min:    24 Max:  6019 Err:     0 (0.00%) Active: 2 Started: 2 Finished: 0
2026-09-11 15:28:02,124 INFO o.a.j.r.Summariser: summary =    118 in 00:16:45 =    0.1/s Avg:   765 Min:     4 Max:  7019 Err:     0 (0.00%)
2026-09-11 15:28:31,066 INFO o.a.j.r.Summariser: summary +      4 in 00:00:29 =    0.1/s Avg:   645 Min:    12 Max:  2528 Err:     0 (0.00%) Active: 2 Started: 2 Finished: 0
2026-09-11 15:28:31,067 INFO o.a.j.r.Summariser: summary =    122 in 00:17:14 =    0.1/s Avg:   761 Min:     4 Max:  7019 Err:     0 (0.00%)
2026-09-11 15:29:05,269 INFO o.a.j.r.Summariser: summary +      4 in 00:00:34 =    0.1/s Avg:  1518 Min:    11 Max:  3019 Err:     0 (0.00%) Active: 2 Started: 2 Finished: 0
2026-09-11 15:29:05,270 INFO o.a.j.r.Summariser: summary =    126 in 00:17:48 =    0.1/s Avg:   785 Min:     4 Max:  7019 Err:     0 (0.00%)
2026-09-11 15:29:32,262 INFO o.a.j.r.Summariser: summary +      3 in 00:00:27 =    0.1/s Avg:    18 Min:    12 Max:    24 Err:     0 (0.00%) Active: 2 Started: 2 Finished: 0
2026-09-11 15:29:32,262 INFO o.a.j.r.Summariser: summary =    129 in 00:18:15 =    0.1/s Avg:   767 Min:     4 Max:  7019 Err:     0 (0.00%)
2026-09-11 15:30:05,789 INFO o.a.j.r.Summariser: summary +      4 in 00:00:34 =    0.1/s Avg:  1393 Min:     5 Max:  3018 Err:     0 (0.00%) Active: 2 Started: 2 Finished: 0
2026-09-11 15:30:05,789 INFO o.a.j.r.Summariser: summary =    133 in 00:18:48 =    0.1/s Avg:   786 Min:     4 Max:  7019 Err:     0 (0.00%)
2026-09-11 15:31:31,814 INFO o.a.j.r.Summariser: summary +     11 in 00:01:26 =    0.1/s Avg:   381 Min:    10 Max:  4019 Err:     0 (0.00%) Active: 2 Started: 2 Finished: 0
2026-09-11 15:31:31,815 INFO o.a.j.r.Summariser: summary =    144 in 00:20:14 =    0.1/s Avg:   755 Min:     4 Max:  7019 Err:     0 (0.00%)
2026-09-11 15:32:01,969 INFO o.a.j.r.Summariser: summary +      3 in 00:00:30 =    0.1/s Avg:   858 Min:    20 Max:  2528 Err:     0 (0.00%) Active: 2 Started: 2 Finished: 0
2026-09-11 15:32:01,969 INFO o.a.j.r.Summariser: summary =    147 in 00:20:44 =    0.1/s Avg:   757 Min:     4 Max:  7019 Err:     0 (0.00%)
2026-09-11 15:34:01,455 INFO o.a.j.r.Summariser: summary +     15 in 00:01:59 =    0.1/s Avg:   685 Min:    10 Max:  7020 Err:     0 (0.00%) Active: 2 Started: 2 Finished: 0
2026-09-11 15:34:01,456 INFO o.a.j.r.Summariser: summary =    162 in 00:22:44 =    0.1/s Avg:   750 Min:     4 Max:  7020 Err:     0 (0.00%)
2026-09-11 15:34:32,266 INFO o.a.j.r.Summariser: summary +      3 in 00:00:31 =    0.1/s Avg:    23 Min:    15 Max:    32 Err:     0 (0.00%) Active: 2 Started: 2 Finished: 0
2026-09-11 15:34:32,266 INFO o.a.j.r.Summariser: summary =    165 in 00:23:15 =    0.1/s Avg:   737 Min:     4 Max:  7020 Err:     0 (0.00%)
2026-09-11 15:35:05,390 INFO o.a.j.r.Summariser: summary +      4 in 00:00:33 =    0.1/s Avg:    16 Min:    11 Max:    25 Err:     0 (0.00%) Active: 2 Started: 2 Finished: 0
2026-09-11 15:35:05,390 INFO o.a.j.r.Summariser: summary =    169 in 00:23:48 =    0.1/s Avg:   720 Min:     4 Max:  7020 Err:     0 (0.00%)
2026-09-11 15:36:32,286 INFO o.a.j.r.Summariser: summary +     10 in 00:01:27 =    0.1/s Avg:  1419 Min:    10 Max:  3020 Err:     0 (0.00%) Active: 2 Started: 2 Finished: 0
2026-09-11 15:36:32,286 INFO o.a.j.r.Summariser: summary =    179 in 00:25:15 =    0.1/s Avg:   759 Min:     4 Max:  7020 Err:     0 (0.00%)
2026-09-11 15:37:02,687 INFO o.a.j.r.Summariser: summary +      4 in 00:00:30 =    0.1/s Avg:  1269 Min:    11 Max:  5017 Err:     0 (0.00%) Active: 2 Started: 2 Finished: 0
2026-09-11 15:37:02,687 INFO o.a.j.r.Summariser: summary =    183 in 00:25:45 =    0.1/s Avg:   770 Min:     4 Max:  7020 Err:     0 (0.00%)
2026-09-11 15:37:35,632 INFO o.a.j.r.Summariser: summary +      4 in 00:00:33 =    0.1/s Avg:    20 Min:    14 Max:    24 Err:     0 (0.00%) Active: 2 Started: 2 Finished: 0
2026-09-11 15:37:35,632 INFO o.a.j.r.Summariser: summary =    187 in 00:26:18 =    0.1/s Avg:   754 Min:     4 Max:  7020 Err:     0 (0.00%)
2026-09-11 15:39:04,678 INFO o.a.j.r.Summariser: summary +     11 in 00:01:29 =    0.1/s Avg:   247 Min:    10 Max:  2526 Err:     0 (0.00%) Active: 2 Started: 2 Finished: 0
2026-09-11 15:39:04,679 INFO o.a.j.r.Summariser: summary =    198 in 00:27:47 =    0.1/s Avg:   726 Min:     4 Max:  7020 Err:     0 (0.00%)
2026-09-11 15:39:32,899 INFO o.a.j.r.Summariser: summary +      3 in 00:00:28 =    0.1/s Avg:  1016 Min:    11 Max:  3019 Err:     0 (0.00%) Active: 2 Started: 2 Finished: 0
2026-09-11 15:39:32,899 INFO o.a.j.r.Summariser: summary =    201 in 00:28:15 =    0.1/s Avg:   730 Min:     4 Max:  7020 Err:     0 (0.00%)
2026-09-11 15:40:05,805 INFO o.a.j.r.Summariser: summary +      4 in 00:00:33 =    0.1/s Avg:  1020 Min:    12 Max:  4018 Err:     0 (0.00%) Active: 2 Started: 2 Finished: 0
2026-09-11 15:40:05,806 INFO o.a.j.r.Summariser: summary =    205 in 00:28:48 =    0.1/s Avg:   736 Min:     4 Max:  7020 Err:     0 (0.00%)
2026-09-11 15:41:35,114 INFO o.a.j.r.Summariser: summary +     11 in 00:01:29 =    0.1/s Avg:  1292 Min:    10 Max:  3019 Err:     0 (0.00%) Active: 2 Started: 2 Finished: 0
2026-09-11 15:41:35,114 INFO o.a.j.r.Summariser: summary =    216 in 00:30:18 =    0.1/s Avg:   764 Min:     4 Max:  7020 Err:     0 (0.00%)
2026-09-11 15:42:01,934 INFO o.a.j.r.Summariser: summary +      3 in 00:00:27 =    0.1/s Avg:  1682 Min:     4 Max:  5018 Err:     0 (0.00%) Active: 2 Started: 2 Finished: 0
2026-09-11 15:42:01,935 INFO o.a.j.r.Summariser: summary =    219 in 00:30:44 =    0.1/s Avg:   777 Min:     4 Max:  7020 Err:     0 (0.00%)
2026-09-11 15:42:35,321 INFO o.a.j.r.Summariser: summary +      4 in 00:00:33 =    0.1/s Avg:    14 Min:    10 Max:    19 Err:     0 (0.00%) Active: 2 Started: 2 Finished: 0
2026-09-11 15:42:35,322 INFO o.a.j.r.Summariser: summary =    223 in 00:31:18 =    0.1/s Avg:   763 Min:     4 Max:  7020 Err:     0 (0.00%)
2026-09-11 15:44:01,628 INFO o.a.j.r.Summariser: summary +     10 in 00:01:26 =    0.1/s Avg:   267 Min:     5 Max:  2528 Err:     0 (0.00%) Active: 2 Started: 2 Finished: 0
2026-09-11 15:44:01,629 INFO o.a.j.r.Summariser: summary =    233 in 00:32:44 =    0.1/s Avg:   742 Min:     4 Max:  7020 Err:     0 (0.00%)
2026-09-11 15:44:32,568 INFO o.a.j.r.Summariser: summary +      4 in 00:00:31 =    0.1/s Avg:  1517 Min:    11 Max:  3019 Err:     0 (0.00%) Active: 2 Started: 2 Finished: 0
2026-09-11 15:44:32,568 INFO o.a.j.r.Summariser: summary =    237 in 00:33:15 =    0.1/s Avg:   755 Min:     4 Max:  7020 Err:     0 (0.00%)
2026-09-11 15:46:32,055 INFO o.a.j.r.Summariser: summary +     15 in 00:01:59 =    0.1/s Avg:    14 Min:     4 Max:    26 Err:     0 (0.00%) Active: 2 Started: 2 Finished: 0
2026-09-11 15:46:32,055 INFO o.a.j.r.Summariser: summary =    252 in 00:35:15 =    0.1/s Avg:   711 Min:     4 Max:  7020 Err:     0 (0.00%)
2026-09-11 15:47:04,039 INFO o.a.j.r.Summariser: summary +      3 in 00:00:32 =    0.1/s Avg:   852 Min:    12 Max:  2527 Err:     0 (0.00%) Active: 2 Started: 2 Finished: 0
2026-09-11 15:47:04,040 INFO o.a.j.r.Summariser: summary =    255 in 00:35:47 =    0.1/s Avg:   713 Min:     4 Max:  7020 Err:     0 (0.00%)
2026-09-11 15:48:34,109 INFO o.a.j.r.Summariser: summary +     11 in 00:01:30 =    0.1/s Avg:  1970 Min:    11 Max:  7006 Err:     0 (0.00%) Active: 2 Started: 2 Finished: 0
2026-09-11 15:48:34,110 INFO o.a.j.r.Summariser: summary =    266 in 00:37:17 =    0.1/s Avg:   764 Min:     4 Max:  7020 Err:     0 (0.00%)
2026-09-11 15:49:02,375 INFO o.a.j.r.Summariser: summary +      4 in 00:00:28 =    0.1/s Avg:    17 Min:    11 Max:    24 Err:     0 (0.00%) Active: 2 Started: 2 Finished: 0
2026-09-11 15:49:02,375 INFO o.a.j.r.Summariser: summary =    270 in 00:37:45 =    0.1/s Avg:   753 Min:     4 Max:  7020 Err:     0 (0.00%)
2026-09-11 15:49:31,828 INFO o.a.j.r.Summariser: summary +      3 in 00:00:29 =    0.1/s Avg:    21 Min:    12 Max:    26 Err:     0 (0.00%) Active: 2 Started: 2 Finished: 0
2026-09-11 15:49:31,828 INFO o.a.j.r.Summariser: summary =    273 in 00:38:14 =    0.1/s Avg:   745 Min:     4 Max:  7020 Err:     0 (0.00%)
2026-09-11 15:50:05,963 INFO o.a.j.r.Summariser: summary +      4 in 00:00:34 =    0.1/s Avg:    12 Min:     6 Max:    22 Err:     0 (0.00%) Active: 2 Started: 2 Finished: 0
2026-09-11 15:50:05,964 INFO o.a.j.r.Summariser: summary =    277 in 00:38:48 =    0.1/s Avg:   735 Min:     4 Max:  7020 Err:     0 (0.00%)
2026-09-11 15:51:32,578 INFO o.a.j.r.Summariser: summary +     10 in 00:01:27 =    0.1/s Avg:   568 Min:     5 Max:  3021 Err:     0 (0.00%) Active: 2 Started: 2 Finished: 0
2026-09-11 15:51:32,579 INFO o.a.j.r.Summariser: summary =    287 in 00:40:15 =    0.1/s Avg:   729 Min:     4 Max:  7020 Err:     0 (0.00%)
2026-09-11 15:52:05,154 INFO o.a.j.r.Summariser: summary +      4 in 00:00:33 =    0.1/s Avg:  2145 Min:    12 Max:  6018 Err:     0 (0.00%) Active: 2 Started: 2 Finished: 0
2026-09-11 15:52:05,154 INFO o.a.j.r.Summariser: summary =    291 in 00:40:48 =    0.1/s Avg:   748 Min:     4 Max:  7020 Err:     0 (0.00%)
2026-09-11 15:54:02,048 INFO o.a.j.r.Summariser: summary +     15 in 00:01:57 =    0.1/s Avg:  1183 Min:     5 Max:  6018 Err:     0 (0.00%) Active: 2 Started: 2 Finished: 0
2026-09-11 15:54:02,048 INFO o.a.j.r.Summariser: summary =    306 in 00:42:45 =    0.1/s Avg:   770 Min:     4 Max:  7020 Err:     0 (0.00%)
2026-09-11 15:54:31,746 INFO o.a.j.r.Summariser: summary +      3 in 00:00:30 =    0.1/s Avg:    20 Min:    18 Max:    24 Err:     0 (0.00%) Active: 2 Started: 2 Finished: 0
2026-09-11 15:54:31,746 INFO o.a.j.r.Summariser: summary =    309 in 00:43:14 =    0.1/s Avg:   762 Min:     4 Max:  7020 Err:     0 (0.00%)
2026-09-11 15:55:04,924 INFO o.a.j.r.Summariser: summary +      4 in 00:00:33 =    0.1/s Avg:    21 Min:    12 Max:    25 Err:     0 (0.00%) Active: 2 Started: 2 Finished: 0
2026-09-11 15:55:04,926 INFO o.a.j.r.Summariser: summary =    313 in 00:43:47 =    0.1/s Avg:   753 Min:     4 Max:  7020 Err:     0 (0.00%)
2026-09-11 15:56:02,639 INFO o.a.j.r.Summariser: summary +      7 in 00:00:58 =    0.1/s Avg:  1378 Min:    11 Max:  4019 Err:     0 (0.00%) Active: 2 Started: 2 Finished: 0
2026-09-11 15:56:02,639 INFO o.a.j.r.Summariser: summary =    320 in 00:44:45 =    0.1/s Avg:   767 Min:     4 Max:  7020 Err:     0 (0.00%)
2026-09-11 15:56:32,215 INFO o.a.j.r.Summariser: summary +      4 in 00:00:30 =    0.1/s Avg:    18 Min:    11 Max:    29 Err:     0 (0.00%) Active: 2 Started: 2 Finished: 0
2026-09-11 15:56:32,215 INFO o.a.j.r.Summariser: summary =    324 in 00:45:15 =    0.1/s Avg:   757 Min:     4 Max:  7020 Err:     0 (0.00%)
2026-09-11 15:57:02,555 INFO o.a.j.r.Summariser: summary +      3 in 00:00:30 =    0.1/s Avg:    19 Min:    12 Max:    27 Err:     0 (0.00%) Active: 2 Started: 2 Finished: 0
2026-09-11 15:57:02,556 INFO o.a.j.r.Summariser: summary =    327 in 00:45:45 =    0.1/s Avg:   751 Min:     4 Max:  7020 Err:     0 (0.00%)
2026-09-11 15:57:35,168 INFO o.a.j.r.Summariser: summary +      4 in 00:00:33 =    0.1/s Avg:    22 Min:    13 Max:    26 Err:     0 (0.00%) Active: 2 Started: 2 Finished: 0
2026-09-11 15:57:35,169 INFO o.a.j.r.Summariser: summary =    331 in 00:46:18 =    0.1/s Avg:   742 Min:     4 Max:  7020 Err:     0 (0.00%)
2026-09-11 15:59:05,326 INFO o.a.j.r.Summariser: summary +     11 in 00:01:30 =    0.1/s Avg:   519 Min:    12 Max:  3019 Err:     0 (0.00%) Active: 2 Started: 2 Finished: 0
2026-09-11 15:59:05,326 INFO o.a.j.r.Summariser: summary =    342 in 00:47:48 =    0.1/s Avg:   735 Min:     4 Max:  7020 Err:     0 (0.00%)
2026-09-11 15:59:32,240 INFO o.a.j.r.Summariser: summary +      3 in 00:00:27 =    0.1/s Avg:  1018 Min:    13 Max:  3018 Err:     0 (0.00%) Active: 2 Started: 2 Finished: 0
2026-09-11 15:59:32,240 INFO o.a.j.r.Summariser: summary =    345 in 00:48:15 =    0.1/s Avg:   737 Min:     4 Max:  7020 Err:     0 (0.00%)
2026-09-11 16:01:31,816 INFO o.a.j.r.Summariser: summary +     15 in 00:02:00 =    0.1/s Avg:   786 Min:    12 Max:  6018 Err:     0 (0.00%) Active: 2 Started: 2 Finished: 0
2026-09-11 16:01:31,816 INFO o.a.j.r.Summariser: summary =    360 in 00:50:14 =    0.1/s Avg:   739 Min:     4 Max:  7020 Err:     0 (0.00%)
2026-09-11 16:02:02,265 INFO o.a.j.r.Summariser: summary +      3 in 00:00:30 =    0.1/s Avg:    18 Min:    12 Max:    25 Err:     0 (0.00%) Active: 2 Started: 2 Finished: 0
2026-09-11 16:02:02,265 INFO o.a.j.r.Summariser: summary =    363 in 00:50:45 =    0.1/s Avg:   733 Min:     4 Max:  7020 Err:     0 (0.00%)
2026-09-11 16:02:35,118 INFO o.a.j.r.Summariser: summary +      4 in 00:00:33 =    0.1/s Avg:    20 Min:    12 Max:    24 Err:     0 (0.00%) Active: 2 Started: 2 Finished: 0
2026-09-11 16:02:35,119 INFO o.a.j.r.Summariser: summary =    367 in 00:51:18 =    0.1/s Avg:   725 Min:     4 Max:  7020 Err:     0 (0.00%)
2026-09-11 16:04:04,541 INFO o.a.j.r.Summariser: summary +     11 in 00:01:29 =    0.1/s Avg:  1656 Min:    10 Max:  7018 Err:     0 (0.00%) Active: 2 Started: 2 Finished: 0
2026-09-11 16:04:04,541 INFO o.a.j.r.Summariser: summary =    378 in 00:52:47 =    0.1/s Avg:   753 Min:     4 Max:  7020 Err:     0 (0.00%)
2026-09-11 16:04:31,939 INFO o.a.j.r.Summariser: summary +      3 in 00:00:27 =    0.1/s Avg:  2357 Min:    26 Max:  7019 Err:     0 (0.00%) Active: 2 Started: 2 Finished: 0
2026-09-11 16:04:31,939 INFO o.a.j.r.Summariser: summary =    381 in 00:53:14 =    0.1/s Avg:   765 Min:     4 Max:  7020 Err:     0 (0.00%)
2026-09-11 16:06:31,875 INFO o.a.j.r.Summariser: summary +     15 in 00:02:00 =    0.1/s Avg:   585 Min:     4 Max:  3019 Err:     0 (0.00%) Active: 2 Started: 2 Finished: 0
2026-09-11 16:06:31,875 INFO o.a.j.r.Summariser: summary =    396 in 00:55:14 =    0.1/s Avg:   758 Min:     4 Max:  7020 Err:     0 (0.00%)
2026-09-11 16:07:02,713 INFO o.a.j.r.Summariser: summary +      3 in 00:00:31 =    0.1/s Avg:    16 Min:    12 Max:    24 Err:     0 (0.00%) Active: 2 Started: 2 Finished: 0
2026-09-11 16:07:02,713 INFO o.a.j.r.Summariser: summary =    399 in 00:55:45 =    0.1/s Avg:   753 Min:     4 Max:  7020 Err:     0 (0.00%)
2026-09-11 16:09:01,704 INFO o.a.j.r.Summariser: summary +     15 in 00:01:59 =    0.1/s Avg:   854 Min:    12 Max:  7019 Err:     0 (0.00%) Active: 2 Started: 2 Finished: 0
2026-09-11 16:09:01,704 INFO o.a.j.r.Summariser: summary =    414 in 00:57:44 =    0.1/s Avg:   756 Min:     4 Max:  7020 Err:     0 (0.00%)
2026-09-11 16:09:32,339 INFO o.a.j.r.Summariser: summary +      3 in 00:00:31 =    0.1/s Avg:    18 Min:    12 Max:    24 Err:     0 (0.00%) Active: 2 Started: 2 Finished: 0
2026-09-11 16:09:32,339 INFO o.a.j.r.Summariser: summary =    417 in 00:58:15 =    0.1/s Avg:   751 Min:     4 Max:  7020 Err:     0 (0.00%)
2026-09-11 16:10:05,250 INFO o.a.j.r.Summariser: summary +      4 in 00:00:33 =    0.1/s Avg:    22 Min:    16 Max:    26 Err:     0 (0.00%) Active: 2 Started: 2 Finished: 0
2026-09-11 16:10:05,250 INFO o.a.j.r.Summariser: summary =    421 in 00:58:48 =    0.1/s Avg:   744 Min:     4 Max:  7020 Err:     0 (0.00%)
2026-09-11 16:11:34,957 INFO o.a.j.r.Summariser: summary +     11 in 00:01:30 =    0.1/s Avg:  1109 Min:    10 Max:  4018 Err:     0 (0.00%) Active: 2 Started: 2 Finished: 0
2026-09-11 16:11:34,957 INFO o.a.j.r.Summariser: summary =    432 in 01:00:17 =    0.1/s Avg:   753 Min:     4 Max:  7020 Err:     0 (0.00%)
2026-09-11 16:12:02,494 INFO o.a.j.r.Summariser: summary +      3 in 00:00:28 =    0.1/s Avg:  1020 Min:    19 Max:  3019 Err:     0 (0.00%) Active: 2 Started: 2 Finished: 0
2026-09-11 16:12:02,495 INFO o.a.j.r.Summariser: summary =    435 in 01:00:45 =    0.1/s Avg:   755 Min:     4 Max:  7020 Err:     0 (0.00%)
2026-09-11 16:12:35,257 INFO o.a.j.r.Summariser: summary +      4 in 00:00:33 =    0.1/s Avg:   767 Min:    12 Max:  3019 Err:     0 (0.00%) Active: 2 Started: 2 Finished: 0
2026-09-11 16:12:35,258 INFO o.a.j.r.Summariser: summary =    439 in 01:01:18 =    0.1/s Avg:   755 Min:     4 Max:  7020 Err:     0 (0.00%)
2026-09-11 16:14:02,625 INFO o.a.j.r.Summariser: summary +     11 in 00:01:27 =    0.1/s Avg:    21 Min:    12 Max:    27 Err:     0 (0.00%) Active: 2 Started: 2 Finished: 0
2026-09-11 16:14:02,626 INFO o.a.j.r.Summariser: summary =    450 in 01:02:45 =    0.1/s Avg:   737 Min:     4 Max:  7020 Err:     0 (0.00%)
2026-09-11 16:14:35,061 INFO o.a.j.r.Summariser: summary +      3 in 00:00:32 =    0.1/s Avg:   856 Min:    14 Max:  2528 Err:     0 (0.00%) Active: 2 Started: 2 Finished: 0
2026-09-11 16:14:35,061 INFO o.a.j.r.Summariser: summary =    453 in 01:03:18 =    0.1/s Avg:   738 Min:     4 Max:  7020 Err:     0 (0.00%)
2026-09-11 16:16:32,269 INFO o.a.j.r.Summariser: summary +     15 in 00:01:57 =    0.1/s Avg:  1118 Min:    10 Max:  5019 Err:     0 (0.00%) Active: 2 Started: 2 Finished: 0
2026-09-11 16:16:32,269 INFO o.a.j.r.Summariser: summary =    468 in 01:05:15 =    0.1/s Avg:   750 Min:     4 Max:  7020 Err:     0 (0.00%)
2026-09-11 16:17:05,059 INFO o.a.j.r.Summariser: summary +      3 in 00:00:33 =    0.1/s Avg:  1856 Min:    25 Max:  3018 Err:     0 (0.00%) Active: 2 Started: 2 Finished: 0
2026-09-11 16:17:05,059 INFO o.a.j.r.Summariser: summary =    471 in 01:05:48 =    0.1/s Avg:   757 Min:     4 Max:  7020 Err:     0 (0.00%)
2026-09-11 16:17:35,041 INFO o.a.j.r.Summariser: summary +      4 in 00:00:30 =    0.1/s Avg:  1514 Min:     5 Max:  6018 Err:     0 (0.00%) Active: 2 Started: 2 Finished: 0
2026-09-11 16:17:35,042 INFO o.a.j.r.Summariser: summary =    475 in 01:06:18 =    0.1/s Avg:   764 Min:     4 Max:  7020 Err:     0 (0.00%)
2026-09-11 16:19:01,917 INFO o.a.j.r.Summariser: summary +     10 in 00:01:27 =    0.1/s Avg:   269 Min:    10 Max:  2528 Err:     0 (0.00%) Active: 2 Started: 2 Finished: 0
2026-09-11 16:19:01,918 INFO o.a.j.r.Summariser: summary =    485 in 01:07:44 =    0.1/s Avg:   754 Min:     4 Max:  7020 Err:     0 (0.00%)
2026-09-11 16:19:35,396 INFO o.a.j.r.Summariser: summary +      4 in 00:00:33 =    0.1/s Avg:   771 Min:    18 Max:  3019 Err:     0 (0.00%) Active: 2 Started: 2 Finished: 0
2026-09-11 16:19:35,397 INFO o.a.j.r.Summariser: summary =    489 in 01:08:18 =    0.1/s Avg:   754 Min:     4 Max:  7020 Err:     0 (0.00%)
2026-09-11 16:20:05,957 INFO o.a.j.r.Summariser: summary +      4 in 00:00:31 =    0.1/s Avg:  1266 Min:    11 Max:  5019 Err:     0 (0.00%) Active: 2 Started: 2 Finished: 0
2026-09-11 16:20:05,958 INFO o.a.j.r.Summariser: summary =    493 in 01:08:48 =    0.1/s Avg:   758 Min:     4 Max:  7020 Err:     0 (0.00%)
2026-09-11 16:21:32,445 INFO o.a.j.r.Summariser: summary +     11 in 00:01:26 =    0.1/s Avg:    20 Min:    11 Max:    27 Err:     0 (0.00%) Active: 2 Started: 2 Finished: 0
2026-09-11 16:21:32,445 INFO o.a.j.r.Summariser: summary =    504 in 01:10:15 =    0.1/s Avg:   742 Min:     4 Max:  7020 Err:     0 (0.00%)
2026-09-11 16:22:02,463 INFO o.a.j.r.Summariser: summary +      3 in 00:00:30 =    0.1/s Avg:    20 Min:    12 Max:    25 Err:     0 (0.00%) Active: 2 Started: 2 Finished: 0
2026-09-11 16:22:02,464 INFO o.a.j.r.Summariser: summary =    507 in 01:10:45 =    0.1/s Avg:   738 Min:     4 Max:  7020 Err:     0 (0.00%)
2026-09-11 16:23:31,130 INFO o.a.j.r.Summariser: summary +     11 in 00:01:29 =    0.1/s Avg:  1110 Min:    11 Max:  4019 Err:     0 (0.00%) Active: 2 Started: 2 Finished: 0
2026-09-11 16:23:31,130 INFO o.a.j.r.Summariser: summary =    518 in 01:12:14 =    0.1/s Avg:   745 Min:     4 Max:  7020 Err:     0 (0.00%)
2026-09-11 16:24:32,267 INFO o.a.j.r.Summariser: summary +      7 in 00:01:01 =    0.1/s Avg:  1162 Min:    12 Max:  5018 Err:     0 (0.00%) Active: 2 Started: 2 Finished: 0
2026-09-11 16:24:32,268 INFO o.a.j.r.Summariser: summary =    525 in 01:13:15 =    0.1/s Avg:   751 Min:     4 Max:  7020 Err:     0 (0.00%)
2026-09-11 16:25:05,370 INFO o.a.j.r.Summariser: summary +      4 in 00:00:33 =    0.1/s Avg:    18 Min:    11 Max:    25 Err:     0 (0.00%) Active: 2 Started: 2 Finished: 0
2026-09-11 16:25:05,370 INFO o.a.j.r.Summariser: summary =    529 in 01:13:48 =    0.1/s Avg:   745 Min:     4 Max:  7020 Err:     0 (0.00%)
2026-09-11 16:26:32,154 INFO o.a.j.r.Summariser: summary +     10 in 00:01:27 =    0.1/s Avg:   571 Min:    11 Max:  3021 Err:     0 (0.00%) Active: 2 Started: 2 Finished: 0
2026-09-11 16:26:32,155 INFO o.a.j.r.Summariser: summary =    539 in 01:15:15 =    0.1/s Avg:   742 Min:     4 Max:  7020 Err:     0 (0.00%)
2026-09-11 16:27:01,997 INFO o.a.j.r.Summariser: summary +      4 in 00:00:30 =    0.1/s Avg:  1265 Min:    11 Max:  5018 Err:     0 (0.00%) Active: 2 Started: 2 Finished: 0
2026-09-11 16:27:01,998 INFO o.a.j.r.Summariser: summary =    543 in 01:15:44 =    0.1/s Avg:   746 Min:     4 Max:  7020 Err:     0 (0.00%)
2026-09-11 16:29:01,911 INFO o.a.j.r.Summariser: summary +     14 in 00:02:00 =    0.1/s Avg:  1306 Min:    10 Max:  7019 Err:     0 (0.00%) Active: 2 Started: 2 Finished: 0
2026-09-11 16:29:01,911 INFO o.a.j.r.Summariser: summary =    557 in 01:17:44 =    0.1/s Avg:   760 Min:     4 Max:  7020 Err:     0 (0.00%)
2026-09-11 16:29:31,717 INFO o.a.j.r.Summariser: summary +      4 in 00:00:30 =    0.1/s Avg:  1509 Min:     4 Max:  6019 Err:     0 (0.00%) Active: 2 Started: 2 Finished: 0
2026-09-11 16:29:31,718 INFO o.a.j.r.Summariser: summary =    561 in 01:18:14 =    0.1/s Avg:   765 Min:     4 Max:  7020 Err:     0 (0.00%)
2026-09-11 16:30:04,903 INFO o.a.j.r.Summariser: summary +      4 in 00:00:33 =    0.1/s Avg:    16 Min:    10 Max:    23 Err:     0 (0.00%) Active: 2 Started: 2 Finished: 0
2026-09-11 16:30:04,904 INFO o.a.j.r.Summariser: summary =    565 in 01:18:47 =    0.1/s Avg:   760 Min:     4 Max:  7020 Err:     0 (0.00%)
2026-09-11 16:31:01,055 INFO o.a.j.r.Summariser: summary +      7 in 00:00:56 =    0.1/s Avg:   375 Min:    12 Max:  2528 Err:     0 (0.00%) Active: 2 Started: 2 Finished: 0
2026-09-11 16:31:01,056 INFO o.a.j.r.Summariser: summary =    572 in 01:19:44 =    0.1/s Avg:   755 Min:     4 Max:  7020 Err:     0 (0.00%)
2026-09-11 16:32:01,737 INFO o.a.j.r.Summariser: summary +      7 in 00:01:01 =    0.1/s Avg:  1158 Min:    10 Max:  5019 Err:     0 (0.00%) Active: 2 Started: 2 Finished: 0
2026-09-11 16:32:01,738 INFO o.a.j.r.Summariser: summary =    579 in 01:20:44 =    0.1/s Avg:   760 Min:     4 Max:  7020 Err:     0 (0.00%)
2026-09-11 16:34:02,771 INFO o.a.j.r.Summariser: summary +     15 in 00:02:01 =    0.1/s Avg:    19 Min:     6 Max:    27 Err:     0 (0.00%) Active: 2 Started: 2 Finished: 0
2026-09-11 16:34:02,772 INFO o.a.j.r.Summariser: summary =    594 in 01:22:45 =    0.1/s Avg:   742 Min:     4 Max:  7020 Err:     0 (0.00%)
2026-09-11 16:34:32,937 INFO o.a.j.r.Summariser: summary +      3 in 00:00:30 =    0.1/s Avg:   853 Min:    23 Max:  2514 Err:     0 (0.00%) Active: 2 Started: 2 Finished: 0
2026-09-11 16:34:32,938 INFO o.a.j.r.Summariser: summary =    597 in 01:23:15 =    0.1/s Avg:   742 Min:     4 Max:  7020 Err:     0 (0.00%)
2026-09-11 16:36:32,457 INFO o.a.j.r.Summariser: summary +     15 in 00:02:00 =    0.1/s Avg:  1383 Min:    11 Max:  7019 Err:     0 (0.00%) Active: 2 Started: 2 Finished: 0
2026-09-11 16:36:32,458 INFO o.a.j.r.Summariser: summary =    612 in 01:25:15 =    0.1/s Avg:   758 Min:     4 Max:  7020 Err:     0 (0.00%)
2026-09-11 16:37:02,857 INFO o.a.j.r.Summariser: summary +      3 in 00:00:30 =    0.1/s Avg:    15 Min:    11 Max:    24 Err:     0 (0.00%) Active: 2 Started: 2 Finished: 0
2026-09-11 16:37:02,858 INFO o.a.j.r.Summariser: summary =    615 in 01:25:45 =    0.1/s Avg:   754 Min:     4 Max:  7020 Err:     0 (0.00%)
2026-09-11 16:38:31,533 INFO o.a.j.r.Summariser: summary +     11 in 00:01:29 =    0.1/s Avg:   518 Min:     4 Max:  3019 Err:     0 (0.00%) Active: 2 Started: 2 Finished: 0
2026-09-11 16:38:31,534 INFO o.a.j.r.Summariser: summary =    626 in 01:27:14 =    0.1/s Avg:   750 Min:     4 Max:  7020 Err:     0 (0.00%)
2026-09-11 16:39:01,586 INFO o.a.j.r.Summariser: summary +      4 in 00:00:30 =    0.1/s Avg:  1265 Min:    10 Max:  5018 Err:     0 (0.00%) Active: 2 Started: 2 Finished: 0
2026-09-11 16:39:01,586 INFO o.a.j.r.Summariser: summary =    630 in 01:27:44 =    0.1/s Avg:   753 Min:     4 Max:  7020 Err:     0 (0.00%)
2026-09-11 16:39:32,901 INFO o.a.j.r.Summariser: summary +      3 in 00:00:31 =    0.1/s Avg:   850 Min:    10 Max:  2527 Err:     0 (0.00%) Active: 2 Started: 2 Finished: 0
2026-09-11 16:39:32,901 INFO o.a.j.r.Summariser: summary =    633 in 01:28:15 =    0.1/s Avg:   754 Min:     4 Max:  7020 Err:     0 (0.00%)
2026-09-11 16:40:05,530 INFO o.a.j.r.Summariser: summary +      4 in 00:00:33 =    0.1/s Avg:  2017 Min:    13 Max:  5019 Err:     0 (0.00%) Active: 2 Started: 2 Finished: 0
2026-09-11 16:40:05,531 INFO o.a.j.r.Summariser: summary =    637 in 01:28:48 =    0.1/s Avg:   762 Min:     4 Max:  7020 Err:     0 (0.00%)
2026-09-11 16:41:02,575 INFO o.a.j.r.Summariser: summary +      7 in 00:00:57 =    0.1/s Avg:  1375 Min:     4 Max:  4019 Err:     0 (0.00%) Active: 2 Started: 2 Finished: 0
2026-09-11 16:41:02,575 INFO o.a.j.r.Summariser: summary =    644 in 01:29:45 =    0.1/s Avg:   768 Min:     4 Max:  7020 Err:     0 (0.00%)
2026-09-11 16:41:31,622 INFO o.a.j.r.Summariser: summary +      4 in 00:00:29 =    0.1/s Avg:    15 Min:    11 Max:    19 Err:     0 (0.00%) Active: 2 Started: 2 Finished: 0
2026-09-11 16:41:31,623 INFO o.a.j.r.Summariser: summary =    648 in 01:30:14 =    0.1/s Avg:   764 Min:     4 Max:  7020 Err:     0 (0.00%)
2026-09-11 16:42:02,195 INFO o.a.j.r.Summariser: summary +      3 in 00:00:31 =    0.1/s Avg:    16 Min:    11 Max:    26 Err:     0 (0.00%) Active: 2 Started: 2 Finished: 0
2026-09-11 16:42:02,195 INFO o.a.j.r.Summariser: summary =    651 in 01:30:45 =    0.1/s Avg:   760 Min:     4 Max:  7020 Err:     0 (0.00%)
2026-09-11 16:44:02,607 INFO o.a.j.r.Summariser: summary +     15 in 00:02:00 =    0.1/s Avg:   584 Min:    10 Max:  3019 Err:     0 (0.00%) Active: 2 Started: 2 Finished: 0
2026-09-11 16:44:02,608 INFO o.a.j.r.Summariser: summary =    666 in 01:32:45 =    0.1/s Avg:   756 Min:     4 Max:  7020 Err:     0 (0.00%)
2026-09-11 16:44:32,375 INFO o.a.j.r.Summariser: summary +      3 in 00:00:30 =    0.1/s Avg:    22 Min:    18 Max:    25 Err:     0 (0.00%) Active: 2 Started: 2 Finished: 0
2026-09-11 16:44:32,376 INFO o.a.j.r.Summariser: summary =    669 in 01:33:15 =    0.1/s Avg:   753 Min:     4 Max:  7020 Err:     0 (0.00%)
2026-09-11 16:45:04,873 INFO o.a.j.r.Summariser: summary +      4 in 00:00:32 =    0.1/s Avg:    17 Min:    12 Max:    25 Err:     0 (0.00%) Active: 2 Started: 2 Finished: 0
2026-09-11 16:45:04,873 INFO o.a.j.r.Summariser: summary =    673 in 01:33:47 =    0.1/s Avg:   749 Min:     4 Max:  7020 Err:     0 (0.00%)
2026-09-11 16:46:01,986 INFO o.a.j.r.Summariser: summary +      7 in 00:00:57 =    0.1/s Avg:   377 Min:    11 Max:  2527 Err:     0 (0.00%) Active: 2 Started: 2 Finished: 0
2026-09-11 16:46:01,986 INFO o.a.j.r.Summariser: summary =    680 in 01:34:44 =    0.1/s Avg:   745 Min:     4 Max:  7020 Err:     0 (0.00%)
2026-09-11 16:47:05,318 INFO o.a.j.r.Summariser: summary +      7 in 00:01:03 =    0.1/s Avg:  1661 Min:    10 Max:  6018 Err:     0 (0.00%) Active: 2 Started: 2 Finished: 0
2026-09-11 16:47:05,319 INFO o.a.j.r.Summariser: summary =    687 in 01:35:48 =    0.1/s Avg:   754 Min:     4 Max:  7020 Err:     0 (0.00%)
2026-09-11 16:48:30,236 INFO o.a.j.r.Summariser: summary +     11 in 00:01:25 =    0.1/s Avg:   837 Min:    11 Max:  6018 Err:     0 (0.00%) Active: 2 Started: 2 Finished: 0
2026-09-11 16:48:30,236 INFO o.a.j.r.Summariser: summary =    698 in 01:37:13 =    0.1/s Avg:   755 Min:     4 Max:  7020 Err:     0 (0.00%)
2026-09-11 16:49:02,203 INFO o.a.j.r.Summariser: summary +      4 in 00:00:32 =    0.1/s Avg:    19 Min:    10 Max:    24 Err:     0 (0.00%) Active: 2 Started: 2 Finished: 0
2026-09-11 16:49:02,204 INFO o.a.j.r.Summariser: summary =    702 in 01:37:45 =    0.1/s Avg:   751 Min:     4 Max:  7020 Err:     0 (0.00%)
2026-09-11 16:49:31,993 INFO o.a.j.r.Summariser: summary +      3 in 00:00:30 =    0.1/s Avg:    22 Min:    18 Max:    25 Err:     0 (0.00%) Active: 2 Started: 2 Finished: 0
2026-09-11 16:49:31,994 INFO o.a.j.r.Summariser: summary =    705 in 01:38:14 =    0.1/s Avg:   748 Min:     4 Max:  7020 Err:     0 (0.00%)
2026-09-11 16:50:05,739 INFO o.a.j.r.Summariser: summary +      4 in 00:00:34 =    0.1/s Avg:   643 Min:    11 Max:  2528 Err:     0 (0.00%) Active: 2 Started: 2 Finished: 0
2026-09-11 16:50:05,740 INFO o.a.j.r.Summariser: summary =    709 in 01:38:48 =    0.1/s Avg:   748 Min:     4 Max:  7020 Err:     0 (0.00%)
2026-09-11 16:50:30,856 INFO o.a.j.r.Summariser: summary +      3 in 00:00:25 =    0.1/s Avg:  2685 Min:    19 Max:  5019 Err:     0 (0.00%) Active: 2 Started: 2 Finished: 0
2026-09-11 16:50:30,856 INFO o.a.j.r.Summariser: summary =    712 in 01:39:13 =    0.1/s Avg:   756 Min:     4 Max:  7020 Err:     0 (0.00%)
2026-09-11 16:51:01,846 INFO o.a.j.r.Summariser: summary +      4 in 00:00:31 =    0.1/s Avg:   647 Min:    10 Max:  2527 Err:     0 (0.00%) Active: 2 Started: 2 Finished: 0
2026-09-11 16:51:01,846 INFO o.a.j.r.Summariser: summary =    716 in 01:39:44 =    0.1/s Avg:   755 Min:     4 Max:  7020 Err:     0 (0.00%)
2026-09-11 16:52:02,236 INFO o.a.j.r.Summariser: summary +      7 in 00:01:00 =    0.1/s Avg:  1159 Min:    10 Max:  5019 Err:     0 (0.00%) Active: 2 Started: 2 Finished: 0
2026-09-11 16:52:02,236 INFO o.a.j.r.Summariser: summary =    723 in 01:40:45 =    0.1/s Avg:   759 Min:     4 Max:  7020 Err:     0 (0.00%)
2026-09-11 16:54:02,794 INFO o.a.j.r.Summariser: summary +     15 in 00:02:01 =    0.1/s Avg:   652 Min:     5 Max:  4019 Err:     0 (0.00%) Active: 2 Started: 2 Finished: 0
2026-09-11 16:54:02,795 INFO o.a.j.r.Summariser: summary =    738 in 01:42:45 =    0.1/s Avg:   757 Min:     4 Max:  7020 Err:     0 (0.00%)
2026-09-11 16:54:34,768 INFO o.a.j.r.Summariser: summary +      3 in 00:00:32 =    0.1/s Avg:   852 Min:    10 Max:  2529 Err:     0 (0.00%) Active: 2 Started: 2 Finished: 0
2026-09-11 16:54:34,768 INFO o.a.j.r.Summariser: summary =    741 in 01:43:17 =    0.1/s Avg:   757 Min:     4 Max:  7020 Err:     0 (0.00%)
2026-09-11 16:56:32,487 INFO o.a.j.r.Summariser: summary +     15 in 00:01:58 =    0.1/s Avg:   553 Min:    10 Max:  5019 Err:     0 (0.00%) Active: 2 Started: 2 Finished: 0
2026-09-11 16:56:32,488 INFO o.a.j.r.Summariser: summary =    756 in 01:45:15 =    0.1/s Avg:   753 Min:     4 Max:  7020 Err:     0 (0.00%)
2026-09-11 16:57:02,996 INFO o.a.j.r.Summariser: summary +      3 in 00:00:31 =    0.1/s Avg:    18 Min:    13 Max:    24 Err:     0 (0.00%) Active: 2 Started: 2 Finished: 0
2026-09-11 16:57:02,996 INFO o.a.j.r.Summariser: summary =    759 in 01:45:45 =    0.1/s Avg:   750 Min:     4 Max:  7020 Err:     0 (0.00%)
2026-09-11 16:59:04,630 INFO o.a.j.r.Summariser: summary +     15 in 00:02:02 =    0.1/s Avg:  1019 Min:    10 Max:  4019 Err:     0 (0.00%) Active: 2 Started: 2 Finished: 0
2026-09-11 16:59:04,631 INFO o.a.j.r.Summariser: summary =    774 in 01:47:47 =    0.1/s Avg:   755 Min:     4 Max:  7020 Err:     0 (0.00%)
2026-09-11 16:59:32,336 INFO o.a.j.r.Summariser: summary +      3 in 00:00:28 =    0.1/s Avg:  1689 Min:    24 Max:  5019 Err:     0 (0.00%) Active: 2 Started: 2 Finished: 0
2026-09-11 16:59:32,338 INFO o.a.j.r.Summariser: summary =    777 in 01:48:15 =    0.1/s Avg:   759 Min:     4 Max:  7020 Err:     0 (0.00%)
2026-09-11 17:01:32,298 INFO o.a.j.r.Summariser: summary +     15 in 00:02:00 =    0.1/s Avg:    18 Min:    10 Max:    26 Err:     0 (0.00%) Active: 2 Started: 2 Finished: 0
2026-09-11 17:01:32,299 INFO o.a.j.r.Summariser: summary =    792 in 01:50:15 =    0.1/s Avg:   745 Min:     4 Max:  7020 Err:     0 (0.00%)
2026-09-11 17:02:04,734 INFO o.a.j.r.Summariser: summary +      3 in 00:00:32 =    0.1/s Avg:  1852 Min:    11 Max:  3018 Err:     0 (0.00%) Active: 2 Started: 2 Finished: 0
2026-09-11 17:02:04,736 INFO o.a.j.r.Summariser: summary =    795 in 01:50:47 =    0.1/s Avg:   749 Min:     4 Max:  7020 Err:     0 (0.00%)
2026-09-11 17:02:35,102 INFO o.a.j.r.Summariser: summary +      4 in 00:00:30 =    0.1/s Avg:   768 Min:    13 Max:  3019 Err:     0 (0.00%) Active: 2 Started: 2 Finished: 0
2026-09-11 17:02:35,103 INFO o.a.j.r.Summariser: summary =    799 in 01:51:18 =    0.1/s Avg:   749 Min:     4 Max:  7020 Err:     0 (0.00%)
2026-09-11 17:03:32,315 INFO o.a.j.r.Summariser: summary +      7 in 00:00:57 =    0.1/s Avg:  1662 Min:    10 Max:  6019 Err:     0 (0.00%) Active: 2 Started: 2 Finished: 0
2026-09-11 17:03:32,315 INFO o.a.j.r.Summariser: summary =    806 in 01:52:15 =    0.1/s Avg:   757 Min:     4 Max:  7020 Err:     0 (0.00%)
2026-09-11 17:04:02,092 INFO o.a.j.r.Summariser: summary +      3 in 00:00:30 =    0.1/s Avg:   851 Min:    10 Max:  2526 Err:     0 (0.00%) Active: 2 Started: 2 Finished: 0
2026-09-11 17:04:02,092 INFO o.a.j.r.Summariser: summary =    809 in 01:52:45 =    0.1/s Avg:   758 Min:     4 Max:  7020 Err:     0 (0.00%)
2026-09-11 17:04:35,921 INFO o.a.j.r.Summariser: summary +      4 in 00:00:34 =    0.1/s Avg:   767 Min:     5 Max:  3018 Err:     0 (0.00%) Active: 2 Started: 2 Finished: 0
2026-09-11 17:04:35,922 INFO o.a.j.r.Summariser: summary =    813 in 01:53:18 =    0.1/s Avg:   758 Min:     4 Max:  7020 Err:     0 (0.00%)
2026-09-11 17:05:05,379 INFO o.a.j.r.Summariser: summary +      4 in 00:00:29 =    0.1/s Avg:  1265 Min:    10 Max:  5019 Err:     0 (0.00%) Active: 2 Started: 2 Finished: 0
2026-09-11 17:05:05,380 INFO o.a.j.r.Summariser: summary =    817 in 01:53:48 =    0.1/s Avg:   760 Min:     4 Max:  7020 Err:     0 (0.00%)
2026-09-11 17:06:31,605 INFO o.a.j.r.Summariser: summary +     10 in 00:01:26 =    0.1/s Avg:   271 Min:    11 Max:  2529 Err:     0 (0.00%) Active: 2 Started: 2 Finished: 0
2026-09-11 17:06:31,605 INFO o.a.j.r.Summariser: summary =    827 in 01:55:14 =    0.1/s Avg:   754 Min:     4 Max:  7020 Err:     0 (0.00%)
2026-09-11 17:07:01,984 INFO o.a.j.r.Summariser: summary +      4 in 00:00:30 =    0.1/s Avg:  1517 Min:    11 Max:  3019 Err:     0 (0.00%) Active: 2 Started: 2 Finished: 0
2026-09-11 17:07:01,984 INFO o.a.j.r.Summariser: summary =    831 in 01:55:44 =    0.1/s Avg:   758 Min:     4 Max:  7020 Err:     0 (0.00%)
2026-09-11 17:09:01,611 INFO o.a.j.r.Summariser: summary +     15 in 00:02:00 =    0.1/s Avg:    19 Min:    11 Max:    25 Err:     0 (0.00%) Active: 2 Started: 2 Finished: 0
2026-09-11 17:09:01,612 INFO o.a.j.r.Summariser: summary =    846 in 01:57:44 =    0.1/s Avg:   745 Min:     4 Max:  7020 Err:     0 (0.00%)
2026-09-11 17:09:34,284 INFO o.a.j.r.Summariser: summary +      3 in 00:00:33 =    0.1/s Avg:   850 Min:    11 Max:  2528 Err:     0 (0.00%) Active: 2 Started: 2 Finished: 0
2026-09-11 17:09:34,284 INFO o.a.j.r.Summariser: summary =    849 in 01:58:17 =    0.1/s Avg:   745 Min:     4 Max:  7020 Err:     0 (0.00%)
2026-09-11 17:11:01,869 INFO o.a.j.r.Summariser: summary +     11 in 00:01:28 =    0.1/s Avg:  1337 Min:    10 Max:  6018 Err:     0 (0.00%) Active: 2 Started: 2 Finished: 0
2026-09-11 17:11:01,870 INFO o.a.j.r.Summariser: summary =    860 in 01:59:44 =    0.1/s Avg:   753 Min:     4 Max:  7020 Err:     0 (0.00%)
2026-09-11 17:11:32,116 INFO o.a.j.r.Summariser: summary +      4 in 00:00:30 =    0.1/s Avg:  1516 Min:    11 Max:  6019 Err:     0 (0.00%) Active: 2 Started: 2 Finished: 0
2026-09-11 17:11:32,116 INFO o.a.j.r.Summariser: summary =    864 in 02:00:15 =    0.1/s Avg:   756 Min:     4 Max:  7020 Err:     0 (0.00%)
2026-09-11 17:12:01,682 INFO o.a.j.r.Summariser: summary +      3 in 00:00:30 =    0.1/s Avg:    17 Min:    11 Max:    24 Err:     0 (0.00%) Active: 2 Started: 2 Finished: 0
2026-09-11 17:12:01,682 INFO o.a.j.r.Summariser: summary =    867 in 02:00:44 =    0.1/s Avg:   754 Min:     4 Max:  7020 Err:     0 (0.00%)
2026-09-11 17:12:38,629 INFO o.a.j.t.JMeterThread: Thread finished: Users 1-2
2026-09-11 17:13:00,392 INFO o.a.j.r.Summariser: summary +      7 in 00:00:59 =    0.1/s Avg:    21 Min:    11 Max:    26 Err:     0 (0.00%) Active: 1 Started: 2 Finished: 1
2026-09-11 17:13:00,393 INFO o.a.j.r.Summariser: summary =    874 in 02:01:43 =    0.1/s Avg:   748 Min:     4 Max:  7020 Err:     0 (0.00%)
2026-09-11 17:13:11,996 INFO o.a.j.t.JMeterThread: Thread finished: Users 1-1
2026-09-11 17:13:11,997 INFO o.a.j.e.StandardJMeterEngine: Notifying test listeners of end of test
2026-09-11 17:13:11,997 INFO o.a.j.s.FileServer: Close: users.csv
2026-09-11 17:13:11,997 INFO o.a.j.s.FileServer: Close: products.csv
2026-09-11 17:13:12,000 INFO o.a.j.r.Summariser: summary +      1 in 00:00:12 =    0.1/s Avg:  2515 Min:  2515 Max:  2515 Err:     0 (0.00%) Active: 0 Started: 2 Finished: 2
2026-09-11 17:13:12,000 INFO o.a.j.r.Summariser: summary =    875 in 02:01:54 =    0.1/s Avg:   750 Min:     4 Max:  7020 Err:     0 (0.00%)
2026-09-11 17:13:12,003 INFO o.a.j.JMeter: Generating Dashboard
2026-09-11 17:13:12,003 INFO o.a.j.r.d.ReportGenerator: Flushing result collector before report Generation
2026-09-11 17:13:12,054 INFO o.a.j.r.p.NormalizerSampleConsumer: Using format, 'ms', to parse timeStamp field
2026-09-11 17:13:12,513 INFO o.a.j.r.p.AbstractSampleConsumer: class org.apache.jmeter.report.processor.AggregateConsumer#stopProducing(): beginDate produced 0 samples
2026-09-11 17:13:12,513 INFO o.a.j.r.p.AbstractSampleConsumer: class org.apache.jmeter.report.processor.AggregateConsumer#stopProducing(): endDate produced 0 samples
2026-09-11 17:13:12,537 INFO o.a.j.r.p.AbstractSampleConsumer: class org.apache.jmeter.report.processor.ApdexSummaryConsumer#stopProducing(): apdexSummary produced 0 samples
2026-09-11 17:13:12,537 INFO o.a.j.r.p.AbstractSampleConsumer: class org.apache.jmeter.report.processor.RequestsSummaryConsumer#stopProducing(): requestsSummary produced 0 samples
2026-09-11 17:13:12,564 INFO o.a.j.r.p.AbstractSampleConsumer: class org.apache.jmeter.report.processor.StatisticsSummaryConsumer#stopProducing(): statisticsSummary produced 0 samples
2026-09-11 17:13:12,568 INFO o.a.j.r.p.AbstractSampleConsumer: class org.apache.jmeter.report.processor.Top5ErrorsBySamplerConsumer#stopProducing(): top5ErrorsBySampler produced 0 samples
2026-09-11 17:13:12,568 INFO o.a.j.r.p.AbstractSampleConsumer: class org.apache.jmeter.report.processor.ErrorsSummaryConsumer#stopProducing(): errorsSummary produced 0 samples
2026-09-11 17:13:12,568 INFO o.a.j.r.p.AbstractSampleConsumer: class org.apache.jmeter.report.processor.graph.impl.HitsPerSecondGraphConsumer#stopProducing(): hitsPerSecond produced 0 samples
2026-09-11 17:13:12,654 INFO o.a.j.r.p.AbstractSampleConsumer: class org.apache.jmeter.report.processor.graph.impl.LatencyVSRequestGraphConsumer#stopProducing(): latencyVsRequest produced 0 samples
2026-09-11 17:13:12,654 INFO o.a.j.r.p.AbstractSampleConsumer: class org.apache.jmeter.report.processor.graph.impl.SyntheticResponseTimeDistributionGraphConsumer#stopProducing(): syntheticResponseTimeDistribution produced 0 samples
2026-09-11 17:13:12,655 INFO o.a.j.r.p.AbstractSampleConsumer: class org.apache.jmeter.report.processor.graph.impl.BytesThroughputGraphConsumer#stopProducing(): bytesThroughputOverTime produced 0 samples
2026-09-11 17:13:12,656 INFO o.a.j.r.p.AbstractSampleConsumer: class org.apache.jmeter.report.processor.graph.impl.CodesPerSecondGraphConsumer#stopProducing(): codesPerSecond produced 0 samples
2026-09-11 17:13:12,686 INFO o.a.j.r.p.AbstractSampleConsumer: class org.apache.jmeter.report.processor.graph.impl.ResponseTimeVSRequestGraphConsumer#stopProducing(): responseTimeVsRequest produced 0 samples
2026-09-11 17:13:12,687 INFO o.a.j.r.p.AbstractSampleConsumer: class org.apache.jmeter.report.processor.FilterConsumer#stopProducing(): startIntervalControlerFilter produced 6125 samples
2026-09-11 17:13:12,687 INFO o.a.j.r.p.AbstractSampleConsumer: class org.apache.jmeter.report.processor.graph.impl.TotalTPSGraphConsumer#stopProducing(): totalTPS produced 0 samples
2026-09-11 17:13:12,687 INFO o.a.j.r.p.AbstractSampleConsumer: class org.apache.jmeter.report.processor.graph.impl.ActiveThreadsGraphConsumer#stopProducing(): activeThreadsOverTime produced 0 samples
2026-09-11 17:13:12,687 INFO o.a.j.r.p.AbstractSampleConsumer: class org.apache.jmeter.report.processor.graph.impl.TimeVSThreadGraphConsumer#stopProducing(): timeVsThreads produced 0 samples
2026-09-11 17:13:12,689 INFO o.a.j.r.p.AbstractSampleConsumer: class org.apache.jmeter.report.processor.graph.impl.ResponseTimeDistributionGraphConsumer#stopProducing(): responseTimeDistribution produced 0 samples
2026-09-11 17:13:12,690 INFO o.a.j.r.p.AbstractSampleConsumer: class org.apache.jmeter.report.processor.graph.impl.TransactionsPerSecondGraphConsumer#stopProducing(): transactionsPerSecond produced 0 samples
2026-09-11 17:13:12,694 INFO o.a.j.r.p.AbstractSampleConsumer: class org.apache.jmeter.report.processor.graph.impl.ResponseTimePercentilesGraphConsumer#stopProducing(): responseTimePercentiles produced 0 samples
2026-09-11 17:13:12,711 INFO o.a.j.r.p.AbstractSampleConsumer: class org.apache.jmeter.report.processor.graph.impl.ResponseTimePercentilesOverTimeGraphConsumer#stopProducing(): responseTimePercentilesOverTime produced 0 samples
2026-09-11 17:13:12,728 INFO o.a.j.r.p.AbstractSampleConsumer: class org.apache.jmeter.report.processor.graph.impl.ResponseTimeOverTimeGraphConsumer#stopProducing(): responseTimesOverTime produced 0 samples
2026-09-11 17:13:12,730 INFO o.a.j.r.p.AbstractSampleConsumer: class org.apache.jmeter.report.processor.graph.impl.ConnectTimeOverTimeGraphConsumer#stopProducing(): connectTimeOverTime produced 0 samples
2026-09-11 17:13:12,732 INFO o.a.j.r.p.AbstractSampleConsumer: class org.apache.jmeter.report.processor.graph.impl.LatencyOverTimeGraphConsumer#stopProducing(): latenciesOverTime produced 0 samples
2026-09-11 17:13:12,734 INFO o.a.j.r.p.AbstractSampleConsumer: class org.apache.jmeter.report.processor.FilterConsumer#stopProducing(): nameFilter produced 26280 samples
2026-09-11 17:13:12,734 INFO o.a.j.r.p.AbstractSampleConsumer: class org.apache.jmeter.report.processor.FilterConsumer#stopProducing(): dateRangeFilter produced 5256 samples
2026-09-11 17:13:12,734 INFO o.a.j.r.p.AbstractSampleConsumer: class org.apache.jmeter.report.processor.NormalizerSampleConsumer#stopProducing(): normalizer produced 1752 samples
2026-09-11 17:13:12,737 INFO o.a.j.r.p.CsvFileSampleSource: produce(): 1752 samples produced in 608ms on channel 0
2026-09-11 17:13:12,737 INFO o.a.j.r.d.ReportGenerator: Exporting data using exporter:'json' of className:'org.apache.jmeter.report.dashboard.JsonExporter'
2026-09-11 17:13:12,915 INFO o.a.j.r.d.JsonExporter: Found data for consumer statisticsSummary in context
2026-09-11 17:13:12,916 INFO o.a.j.r.d.JsonExporter: Creating statistics for overall
2026-09-11 17:13:12,916 INFO o.a.j.r.d.JsonExporter: Creating statistics for other transactions
2026-09-11 17:13:12,917 INFO o.a.j.r.d.JsonExporter: Checking output folder
2026-09-11 17:13:12,918 INFO o.a.j.r.d.JsonExporter: Writing statistics JSON to C:\Users\Artur\IdeaProjects\performance-shop\results\reports\2x\statistics.json
2026-09-11 17:13:12,994 INFO o.a.j.r.d.ReportGenerator: Exporting data using exporter:'html' of className:'org.apache.jmeter.report.dashboard.HtmlTemplateExporter'
2026-09-11 17:13:12,998 INFO o.a.j.r.d.HtmlTemplateExporter: Will generate dashboard in folder: C:\Users\Artur\IdeaProjects\performance-shop\results\reports\2x
2026-09-11 17:13:13,539 INFO o.a.j.r.d.HtmlTemplateExporter: Report will be generated in: C:\Users\Artur\IdeaProjects\performance-shop\results\reports\2x, creating folder structure
2026-09-11 17:13:13,545 INFO o.a.j.r.d.TemplateVisitor: Copying folder from 'C:\Program Files\apache-jmeter-5.6.3\bin\report-template' to 'C:\Users\Artur\IdeaProjects\performance-shop\results\reports\2x', got message: C:\Users\Artur\IdeaProjects\performance-shop\results\reports\2x, found non empty folder with following content [C:\Users\Artur\IdeaProjects\performance-shop\results\reports\2x\statistics.json], will be ignored
2026-09-11 17:13:14,294 INFO o.a.j.JMeter: Dashboard generated
